Archive member included to satisfy reference by file (symbol)

c:/users/pw705/appdata/roaming/code/user/globalstorage/bmd.stm32-for-vscode/@xpack-dev-tools/arm-none-eabi-gcc/12.3.1-1.2.1/.content/bin/../lib/gcc/arm-none-eabi/12.3.1/../../../../arm-none-eabi/lib/thumb/v7e-m+fp/hard\libc_nano.a(libc_a-atexit.o)
                              c:/users/pw705/appdata/roaming/code/user/globalstorage/bmd.stm32-for-vscode/@xpack-dev-tools/arm-none-eabi-gcc/12.3.1-1.2.1/.content/bin/../lib/gcc/arm-none-eabi/12.3.1/../../../../arm-none-eabi/lib/thumb/v7e-m+fp/hard/crt0.o (atexit)
c:/users/pw705/appdata/roaming/code/user/globalstorage/bmd.stm32-for-vscode/@xpack-dev-tools/arm-none-eabi-gcc/12.3.1-1.2.1/.content/bin/../lib/gcc/arm-none-eabi/12.3.1/../../../../arm-none-eabi/lib/thumb/v7e-m+fp/hard\libc_nano.a(libc_a-exit.o)
                              c:/users/pw705/appdata/roaming/code/user/globalstorage/bmd.stm32-for-vscode/@xpack-dev-tools/arm-none-eabi-gcc/12.3.1-1.2.1/.content/bin/../lib/gcc/arm-none-eabi/12.3.1/../../../../arm-none-eabi/lib/thumb/v7e-m+fp/hard/crt0.o (exit)
c:/users/pw705/appdata/roaming/code/user/globalstorage/bmd.stm32-for-vscode/@xpack-dev-tools/arm-none-eabi-gcc/12.3.1-1.2.1/.content/bin/../lib/gcc/arm-none-eabi/12.3.1/../../../../arm-none-eabi/lib/thumb/v7e-m+fp/hard\libc_nano.a(libc_a-findfp.o)
                              c:/users/pw705/appdata/roaming/code/user/globalstorage/bmd.stm32-for-vscode/@xpack-dev-tools/arm-none-eabi-gcc/12.3.1-1.2.1/.content/bin/../lib/gcc/arm-none-eabi/12.3.1/../../../../arm-none-eabi/lib/thumb/v7e-m+fp/hard\libc_nano.a(libc_a-exit.o) (__stdio_exit_handler)
c:/users/pw705/appdata/roaming/code/user/globalstorage/bmd.stm32-for-vscode/@xpack-dev-tools/arm-none-eabi-gcc/12.3.1-1.2.1/.content/bin/../lib/gcc/arm-none-eabi/12.3.1/../../../../arm-none-eabi/lib/thumb/v7e-m+fp/hard\libc_nano.a(libc_a-fwalk.o)
                              c:/users/pw705/appdata/roaming/code/user/globalstorage/bmd.stm32-for-vscode/@xpack-dev-tools/arm-none-eabi-gcc/12.3.1-1.2.1/.content/bin/../lib/gcc/arm-none-eabi/12.3.1/../../../../arm-none-eabi/lib/thumb/v7e-m+fp/hard\libc_nano.a(libc_a-findfp.o) (_fwalk_sglue)
c:/users/pw705/appdata/roaming/code/user/globalstorage/bmd.stm32-for-vscode/@xpack-dev-tools/arm-none-eabi-gcc/12.3.1-1.2.1/.content/bin/../lib/gcc/arm-none-eabi/12.3.1/../../../../arm-none-eabi/lib/thumb/v7e-m+fp/hard\libc_nano.a(libc_a-sprintf.o)
                              build/bsp_log.o (sprintf)
c:/users/pw705/appdata/roaming/code/user/globalstorage/bmd.stm32-for-vscode/@xpack-dev-tools/arm-none-eabi-gcc/12.3.1-1.2.1/.content/bin/../lib/gcc/arm-none-eabi/12.3.1/../../../../arm-none-eabi/lib/thumb/v7e-m+fp/hard\libc_nano.a(libc_a-stdio.o)
                              c:/users/pw705/appdata/roaming/code/user/globalstorage/bmd.stm32-for-vscode/@xpack-dev-tools/arm-none-eabi-gcc/12.3.1-1.2.1/.content/bin/../lib/gcc/arm-none-eabi/12.3.1/../../../../arm-none-eabi/lib/thumb/v7e-m+fp/hard\libc_nano.a(libc_a-findfp.o) (__sread)
c:/users/pw705/appdata/roaming/code/user/globalstorage/bmd.stm32-for-vscode/@xpack-dev-tools/arm-none-eabi-gcc/12.3.1-1.2.1/.content/bin/../lib/gcc/arm-none-eabi/12.3.1/../../../../arm-none-eabi/lib/thumb/v7e-m+fp/hard\libc_nano.a(libc_a-memset.o)
                              c:/users/pw705/appdata/roaming/code/user/globalstorage/bmd.stm32-for-vscode/@xpack-dev-tools/arm-none-eabi-gcc/12.3.1-1.2.1/.content/bin/../lib/gcc/arm-none-eabi/12.3.1/../../../../arm-none-eabi/lib/thumb/v7e-m+fp/hard/crt0.o (memset)
c:/users/pw705/appdata/roaming/code/user/globalstorage/bmd.stm32-for-vscode/@xpack-dev-tools/arm-none-eabi-gcc/12.3.1-1.2.1/.content/bin/../lib/gcc/arm-none-eabi/12.3.1/../../../../arm-none-eabi/lib/thumb/v7e-m+fp/hard\libc_nano.a(libc_a-closer.o)
                              c:/users/pw705/appdata/roaming/code/user/globalstorage/bmd.stm32-for-vscode/@xpack-dev-tools/arm-none-eabi-gcc/12.3.1-1.2.1/.content/bin/../lib/gcc/arm-none-eabi/12.3.1/../../../../arm-none-eabi/lib/thumb/v7e-m+fp/hard\libc_nano.a(libc_a-stdio.o) (_close_r)
c:/users/pw705/appdata/roaming/code/user/globalstorage/bmd.stm32-for-vscode/@xpack-dev-tools/arm-none-eabi-gcc/12.3.1-1.2.1/.content/bin/../lib/gcc/arm-none-eabi/12.3.1/../../../../arm-none-eabi/lib/thumb/v7e-m+fp/hard\libc_nano.a(libc_a-reent.o)
                              c:/users/pw705/appdata/roaming/code/user/globalstorage/bmd.stm32-for-vscode/@xpack-dev-tools/arm-none-eabi-gcc/12.3.1-1.2.1/.content/bin/../lib/gcc/arm-none-eabi/12.3.1/../../../../arm-none-eabi/lib/thumb/v7e-m+fp/hard\libc_nano.a(libc_a-closer.o) (errno)
c:/users/pw705/appdata/roaming/code/user/globalstorage/bmd.stm32-for-vscode/@xpack-dev-tools/arm-none-eabi-gcc/12.3.1-1.2.1/.content/bin/../lib/gcc/arm-none-eabi/12.3.1/../../../../arm-none-eabi/lib/thumb/v7e-m+fp/hard\libc_nano.a(libc_a-impure.o)
[...]
Memory Configuration

Name             Origin             Length             Attributes
RAM              0x20000000         0x00030000         xrw
CCMRAM           0x10000000         0x00010000         xrw
FLASH            0x08000000         0x00200000         xr
*default*        0x00000000         0xffffffff

Linker script and memory map

LOAD c:/users/pw705/appdata/roaming/code/user/globalstorage/bmd.stm32-for-vscode/@xpack-dev-tools/arm-none-eabi-gcc/12.3.1-1.2.1/.content/bin/../lib/gcc/arm-none-eabi/12.3.1/thumb/v7e-m+fp/hard/crti.o
LOAD c:/users/pw705/appdata/roaming/code/user/globalstorage/bmd.stm32-for-vscode/@xpack-dev-tools/arm-none-eabi-gcc/12.3.1-1.2.1/.content/bin/../lib/gcc/arm-none-eabi/12.3.1/thumb/v7e-m+fp/hard/crtbegin.o
LOAD c:/users/pw705/appdata/roaming/code/user/globalstorage/bmd.stm32-for-vscode/@xpack-dev-tools/arm-none-eabi-gcc/12.3.1-1.2.1/.content/bin/../lib/gcc/arm-none-eabi/12.3.1/../../../../arm-none-eabi/lib/thumb/v7e-m+fp/hard/crt0.o
LOAD build/stm32f4xx_hal.o
LOAD build/stm32f4xx_hal_cortex.o
LOAD build/stm32f4xx_hal_dma.o
LOAD build/stm32f4xx_hal_dma_ex.o
LOAD build/stm32f4xx_hal_exti.o
LOAD build/stm32f4xx_hal_flash.o
LOAD build/stm32f4xx_hal_flash_ex.o
LOAD build/stm32f4xx_hal_flash_ramfunc.o
LOAD build/stm32f4xx_hal_gpio.o
LOAD build/stm32f4xx_hal_pwr.o
LOAD build/stm32f4xx_hal_pwr_ex.o
LOAD build/stm32f4xx_hal_rcc.o
LOAD build/stm32f4xx_hal_rcc_ex.o
LOAD build/stm32f4xx_hal_sd.o
LOAD build/stm32f4xx_hal_tim.o
LOAD build/stm32f4xx_hal_tim_ex.o
LOAD build/stm32f4xx_hal_uart.o
LOAD build/stm32f4xx_ll_sdmmc.o
LOAD build/SEGGER_RTT.o
LOAD build/SEGGER_RTT_printf.o
LOAD build/diskio.o
LOAD build/ff.o
LOAD build/ff_gen_drv.o
LOAD build/ccsbcs.o
LOAD build/syscall.o
LOAD build/bsp_driver_sd.o
LOAD build/bsp_log.o
LOAD build/fatfs.o
LOAD build/gpio.o
LOAD build/main.o
LOAD build/sd_card.o
LOAD build/sd_diskio.o
LOAD build/sdio.o
LOAD build/stm32f4xx_hal_msp.o
LOAD build/stm32f4xx_it.o
LOAD build/system_stm32f4xx.o
LOAD build/usart.o
LOAD build/startup_stm32f427xx.o
LOAD c:/users/pw705/appdata/roaming/code/user/globalstorage/bmd.stm32-for-vscode/@xpack-dev-tools/arm-none-eabi-gcc/12.3.1-1.2.1/.content/bin/../lib/gcc/arm-none-eabi/12.3.1/../../../../arm-none-eabi/lib/thumb/v7e-m+fp/hard\libc_nano.a
LOAD c:/users/pw705/appdata/roaming/code/user/globalstorage/bmd.stm32-for-vscode/@xpack-dev-tools/arm-none-eabi-gcc/12.3.1-1.2.1/.content/bin/../lib/gcc/arm-none-eabi/12.3.1/../../../../arm-none-eabi/lib/thumb/v7e-m+fp/hard\libm.a
LOAD c:/users/pw705/appdata/roaming/code/user/globalstorage/bmd.stm32-for-vscode/@xpack-dev-tools/arm-none-eabi-gcc/12.3.1-1.2.1/.content/bin/../lib/gcc/arm-none-eabi/12.3.1/../../../../arm-none-eabi/lib/thumb/v7e-m+fp/hard\libnosys.a
START GROUP
LOAD c:/users/pw705/appdata/roaming/code/user/globalstorage/bmd.stm32-for-vscode/@xpack-dev-tools/arm-none-eabi-gcc/12.3.1-1.2.1/.content/bin/../lib/gcc/arm-none-eabi/12.3.1/thumb/v7e-m+fp/hard\libgcc.a
LOAD c:/users/pw705/appdata/roaming/code/user/globalstorage/bmd.stm32-for-vscode/@xpack-dev-tools/arm-none-eabi-gcc/12.3.1-1.2.1/.content/bin/../lib/gcc/arm-none-eabi/12.3.1/../../../../arm-none-eabi/lib/thumb/v7e-m+fp/hard\libc_nano.a
END GROUP
START GROUP
LOAD c:/users/pw705/appdata/roaming/code/user/globalstorage/bmd.stm32-for-vscode/@xpack-dev-tools/arm-none-eabi-gcc/12.3.1-1.2.1/.content/bin/../lib/gcc/arm-none-eabi/12.3.1/thumb/v7e-m+fp/hard\libgcc.a
LOAD c:/users/pw705/appdata/roaming/code/user/globalstorage/bmd.stm32-for-vscode/@xpack-dev-tools/arm-none-eabi-gcc/12.3.1-1.2.1/.content/bin/../lib/gcc/arm-none-eabi/12.3.1/../../../../arm-none-eabi/lib/thumb/v7e-m+fp/hard\libc_nano.a
END GROUP
LOAD c:/users/pw705/appdata/roaming/code/user/globalstorage/bmd.stm32-for-vscode/@xpack-dev-tools/arm-none-eabi-gcc/12.3.1-1.2.1/.content/bin/../lib/gcc/arm-none-eabi/12.3.1/thumb/v7e-m+fp/hard/crtend.o
LOAD c:/users/pw705/appdata/roaming/code/user/globalstorage/bmd.stm32-for-vscode/@xpack-dev-tools/arm-none-eabi-gcc/12.3.1-1.2.1/.content/bin/../lib/gcc/arm-none-eabi/12.3.1/thumb/v7e-m+fp/hard/crtn.o
                0x20030000                        _estack = (ORIGIN (RAM) + LENGTH (RAM))
                0x00000200                        _Min_Heap_Size = 0x200
                0x00000400                        _Min_Stack_Size = 0x400

.isr_vector     0x08000000      0x1ac
                0x08000000                        . = ALIGN (0x4)
 *(.isr_vector)
 .isr_vector    0x08000000      0x1ac build/startup_stm32f427xx.o
                0x08000000                g_pfnVectors
                0x080001ac                        . = ALIGN (0x4)

.text           0x080001b0     0x7428
                0x080001b0                        . = ALIGN (0x4)
 *(.text)
 .text          0x080001b0       0x30 c:/users/pw705/appdata/roaming/code/user/globalstorage/bmd.stm32-for-vscode/@xpack-dev-tools/arm-none-eabi-gcc/12.3.1-1.2.1/.content/bin/../lib/gcc/arm-none-eabi/12.3.1/thumb/v7e-m+fp/hard\libgcc.a(_aeabi_uldivmod.o)
                0x080001b0                __aeabi_uldivmod
 .text          0x080001e0        0x4 c:/users/pw705/appdata/roaming/code/user/globalstorage/bmd.stm32-for-vscode/@xpack-dev-tools/arm-none-eabi-gcc/12.3.1-1.2.1/.content/bin/../lib/gcc/arm-none-eabi/12.3.1/thumb/v7e-m+fp/hard\libgcc.a(_dvmd_tls.o)
                0x080001e0                __aeabi_idiv0
                0x080001e0                __aeabi_ldiv0
 *(.text*)
 .text.__do_global_dtors_aux
                0x080001e4       0x24 c:/users/pw705/appdata/roaming/code/user/globalstorage/bmd.stm32-for-vscode/@xpack-dev-tools/arm-none-eabi-gcc/12.3.1-1.2.1/.content/bin/../lib/gcc/arm-none-eabi/12.3.1/thumb/v7e-m+fp/hard/crtbegin.o
 .text.frame_dummy
                0x08000208       0x1c c:/users/pw705/appdata/roaming/code/user/globalstorage/bmd.stm32-for-vscode/@xpack-dev-tools/arm-none-eabi-gcc/12.3.1-1.2.1/.content/bin/../lib/gcc/arm-none-eabi/12.3.1/thumb/v7e-m+fp/hard/crtbegin.o
 .text.HAL_InitTick
                0x08000224       0x48 build/stm32f4xx_hal.o
                0x08000224                HAL_InitTick
 .text.HAL_Init
                0x0800026c       0x34 build/stm32f4xx_hal.o
                0x0800026c                HAL_Init
 .text.HAL_IncTick
                0x080002a0       0x18 build/stm32f4xx_hal.o
                0x080002a0                HAL_IncTick
 .text.HAL_GetTick
                0x080002b8        0xc build/stm32f4xx_hal.o
                0x080002b8                HAL_GetTick
 .text.HAL_Delay
                0x080002c4       0x24 build/stm32f4xx_hal.o
                0x080002c4                HAL_Delay
 .text.HAL_NVIC_SetPriorityGrouping
                0x080002e8       0x24 build/stm32f4xx_hal_cortex.o
                0x080002e8                HAL_NVIC_SetPriorityGrouping
 .text.HAL_NVIC_SetPriority
                0x0800030c       0x78 build/stm32f4xx_hal_cortex.o
                0x0800030c                HAL_NVIC_SetPriority
 .text.HAL_NVIC_EnableIRQ
                0x08000384       0x1c build/stm32f4xx_hal_cortex.o
                0x08000384                HAL_NVIC_EnableIRQ
 .text.HAL_SYSTICK_Config
                0x080003a0       0x34 build/stm32f4xx_hal_cortex.o
                0x080003a0                HAL_SYSTICK_Config
 .text.HAL_DMA_Abort
                0x080003d4       0x94 build/stm32f4xx_hal_dma.o
                0x080003d4                HAL_DMA_Abort
 .text.HAL_DMA_Abort_IT
                0x08000468       0x24 build/stm32f4xx_hal_dma.o
                0x08000468                HAL_DMA_Abort_IT
 .text.HAL_GPIO_Init
                0x0800048c      0x270 build/stm32f4xx_hal_gpio.o
                0x0800048c                HAL_GPIO_Init
 .text.HAL_GPIO_WritePin
                0x080006fc        0x8 build/stm32f4xx_hal_gpio.o
                0x080006fc                HAL_GPIO_WritePin
 .text.HAL_GPIO_TogglePin
                0x08000704       0x14 build/stm32f4xx_hal_gpio.o
                0x08000704                HAL_GPIO_TogglePin
 .text.HAL_RCC_OscConfig
                0x08000718      0x3c4 build/stm32f4xx_hal_rcc.o
                0x08000718                HAL_RCC_OscConfig
 .text.HAL_RCC_GetSysClockFreq
                0x08000adc       0x68 build/stm32f4xx_hal_rcc.o
                0x08000adc                HAL_RCC_GetSysClockFreq
 .text.HAL_RCC_ClockConfig
                0x08000b44      0x13c build/stm32f4xx_hal_rcc.o
                0x08000b44                HAL_RCC_ClockConfig
 .text.HAL_RCC_GetPCLK1Freq
                0x08000c80       0x20 build/stm32f4xx_hal_rcc.o
                0x08000c80                HAL_RCC_GetPCLK1Freq
 .text.HAL_RCC_GetPCLK2Freq
                0x08000ca0       0x20 build/stm32f4xx_hal_rcc.o
                0x08000ca0                HAL_RCC_GetPCLK2Freq
 .text.SD_FindSCR.constprop.0
                0x08000cc0       0xd4 build/stm32f4xx_hal_sd.o
 .text.HAL_SD_ReadBlocks
                0x08000d94      0x1f8 build/stm32f4xx_hal_sd.o
                0x08000d94                HAL_SD_ReadBlocks
 .text.HAL_SD_WriteBlocks
                0x08000f8c      0x1b8 build/stm32f4xx_hal_sd.o
                0x08000f8c                HAL_SD_WriteBlocks
 .text.HAL_SD_TxCpltCallback
                0x08001144        0x4 build/stm32f4xx_hal_sd.o
                0x08001144                HAL_SD_TxCpltCallback
 .text.HAL_SD_RxCpltCallback
                0x08001148        0x4 build/stm32f4xx_hal_sd.o
                0x08001148                HAL_SD_RxCpltCallback
 .text.HAL_SD_ErrorCallback
                0x0800114c        0x4 build/stm32f4xx_hal_sd.o
                0x0800114c                HAL_SD_ErrorCallback
 .text.SD_DMATxAbort
                0x08001150       0x64 build/stm32f4xx_hal_sd.o
 .text.HAL_SD_IRQHandler
                0x080011b4      0x250 build/stm32f4xx_hal_sd.o
                0x080011b4                HAL_SD_IRQHandler
 .text.SD_DMARxAbort
                0x08001404       0x64 build/stm32f4xx_hal_sd.o
 .text.HAL_SD_GetCardCSD
                0x08001468      0x178 build/stm32f4xx_hal_sd.o
                0x08001468                HAL_SD_GetCardCSD
 .text.HAL_SD_InitCard
                0x080015e0      0x228 build/stm32f4xx_hal_sd.o
                0x080015e0                HAL_SD_InitCard
 .text.HAL_SD_Init
                0x08001808       0x3c build/stm32f4xx_hal_sd.o
                0x08001808                HAL_SD_Init
 .text.HAL_SD_GetCardInfo
                0x08001844       0x28 build/stm32f4xx_hal_sd.o
                0x08001844                HAL_SD_GetCardInfo
 *fill*         0x0800186c        0x4 
 .text.HAL_SD_ConfigWideBusOperation
                0x08001870      0x13c build/stm32f4xx_hal_sd.o
                0x08001870                HAL_SD_ConfigWideBusOperation
 .text.HAL_SD_GetCardState
                0x080019ac       0x28 build/stm32f4xx_hal_sd.o
                0x080019ac                HAL_SD_GetCardState
 .text.HAL_UART_Init
                0x080019d4      0x124 build/stm32f4xx_hal_uart.o
                0x080019d4                HAL_UART_Init
 .text.HAL_UART_Transmit
                0x08001af8      0x160 build/stm32f4xx_hal_uart.o
                0x08001af8                HAL_UART_Transmit
 .text.HAL_UART_TxCpltCallback
                0x08001c58        0x4 build/stm32f4xx_hal_uart.o
                0x08001c58                HAL_UART_TxCpltCallback
 .text.HAL_UART_RxCpltCallback
                0x08001c5c        0x4 build/stm32f4xx_hal_uart.o
                0x08001c5c                HAL_UART_RxCpltCallback
 .text.HAL_UART_ErrorCallback
                0x08001c60        0x4 build/stm32f4xx_hal_uart.o
                0x08001c60                HAL_UART_ErrorCallback
 .text.UART_DMAAbortOnError
                0x08001c64       0x10 build/stm32f4xx_hal_uart.o
 .text.HAL_UARTEx_RxEventCallback
                0x08001c74        0x4 build/stm32f4xx_hal_uart.o
                0x08001c74                HAL_UARTEx_RxEventCallback
 .text.UART_Receive_IT.part.0.isra.0
                0x08001c78       0xbc build/stm32f4xx_hal_uart.o
 .text.HAL_UART_IRQHandler
                0x08001d34      0x350 build/stm32f4xx_hal_uart.o
                0x08001d34                HAL_UART_IRQHandler
 .text.SDIO_Init
                0x08002084       0x38 build/stm32f4xx_ll_sdmmc.o
                0x08002084                SDIO_Init
 .text.SDIO_ReadFIFO
                0x080020bc        0x8 build/stm32f4xx_ll_sdmmc.o
                0x080020bc                SDIO_ReadFIFO
 .text.SDIO_WriteFIFO
                0x080020c4        0xc build/stm32f4xx_ll_sdmmc.o
                0x080020c4                SDIO_WriteFIFO
 .text.SDIO_PowerState_ON
                0x080020d0        0x8 build/stm32f4xx_ll_sdmmc.o
                0x080020d0                SDIO_PowerState_ON
 .text.SDIO_GetPowerState
                0x080020d8        0x8 build/stm32f4xx_ll_sdmmc.o
                0x080020d8                SDIO_GetPowerState
 .text.SDIO_GetResponse
                0x080020e0        0x8 build/stm32f4xx_ll_sdmmc.o
                0x080020e0                SDIO_GetResponse
 .text.SDIO_ConfigData
                0x080020e8       0x2c build/stm32f4xx_ll_sdmmc.o
                0x080020e8                SDIO_ConfigData
 .text.SDMMC_CmdBlockLength
                0x08002114      0x138 build/stm32f4xx_ll_sdmmc.o
                0x08002114                SDMMC_CmdBlockLength
 .text.SDMMC_CmdReadSingleBlock
                0x0800224c      0x13c build/stm32f4xx_ll_sdmmc.o
                0x0800224c                SDMMC_CmdReadSingleBlock
 .text.SDMMC_CmdReadMultiBlock
                0x08002388      0x13c build/stm32f4xx_ll_sdmmc.o
                0x08002388                SDMMC_CmdReadMultiBlock
 .text.SDMMC_CmdWriteSingleBlock
                0x080024c4      0x138 build/stm32f4xx_ll_sdmmc.o
                0x080024c4                SDMMC_CmdWriteSingleBlock
 .text.SDMMC_CmdWriteMultiBlock
                0x080025fc      0x13c build/stm32f4xx_ll_sdmmc.o
                0x080025fc                SDMMC_CmdWriteMultiBlock
 .text.SDMMC_CmdStopTransfer
                0x08002738      0x148 build/stm32f4xx_ll_sdmmc.o
                0x08002738                SDMMC_CmdStopTransfer
 .text.SDMMC_CmdSelDesel
                0x08002880      0x13c build/stm32f4xx_ll_sdmmc.o
                0x08002880                SDMMC_CmdSelDesel
 .text.SDMMC_CmdGoIdleState
                0x080029bc       0x4c build/stm32f4xx_ll_sdmmc.o
                0x080029bc                SDMMC_CmdGoIdleState
 .text.SDMMC_CmdOperCond
                0x08002a08       0x78 build/stm32f4xx_ll_sdmmc.o
                0x08002a08                SDMMC_CmdOperCond
 .text.SDMMC_CmdAppCommand
                0x08002a80      0x13c build/stm32f4xx_ll_sdmmc.o
                0x08002a80                SDMMC_CmdAppCommand
 .text.SDMMC_CmdAppOperCommand
                0x08002bbc       0x74 build/stm32f4xx_ll_sdmmc.o
                0x08002bbc                SDMMC_CmdAppOperCommand
 .text.SDMMC_CmdBusWidth
                0x08002c30      0x13c build/stm32f4xx_ll_sdmmc.o
                0x08002c30                SDMMC_CmdBusWidth
 .text.SDMMC_CmdSendSCR
                0x08002d6c      0x140 build/stm32f4xx_ll_sdmmc.o
                0x08002d6c                SDMMC_CmdSendSCR
 .text.SDMMC_CmdSendCID
                0x08002eac       0x70 build/stm32f4xx_ll_sdmmc.o
                0x08002eac                SDMMC_CmdSendCID
 .text.SDMMC_CmdSendCSD
                0x08002f1c       0x78 build/stm32f4xx_ll_sdmmc.o
                0x08002f1c                SDMMC_CmdSendCSD
 .text.SDMMC_CmdSetRelAdd
                0x08002f94       0xac build/stm32f4xx_ll_sdmmc.o
                0x08002f94                SDMMC_CmdSetRelAdd
 .text.SDMMC_CmdSendStatus
                0x08003040      0x13c build/stm32f4xx_ll_sdmmc.o
                0x08003040                SDMMC_CmdSendStatus
 .text.SEGGER_RTT_Write
                0x0800317c      0x228 build/SEGGER_RTT.o
                0x0800317c                SEGGER_RTT_Write
 .text.SEGGER_RTT_Init
                0x080033a4       0x70 build/SEGGER_RTT.o
                0x080033a4                SEGGER_RTT_Init
 .text._PrintUnsigned
                0x08003414      0x190 build/SEGGER_RTT_printf.o
 .text.SEGGER_RTT_vprintf
                0x080035a4      0x570 build/SEGGER_RTT_printf.o
                0x080035a4                SEGGER_RTT_vprintf
 .text.SEGGER_RTT_printf
                0x08003b14       0x20 build/SEGGER_RTT_printf.o
                0x08003b14                SEGGER_RTT_printf
 .text.disk_status
                0x08003b34       0x14 build/diskio.o
                0x08003b34                disk_status
 .text.disk_initialize
                0x08003b48       0x20 build/diskio.o
                0x08003b48                disk_initialize
 .text.disk_read
                0x08003b68       0x1c build/diskio.o
                0x08003b68                disk_read
 .text.disk_write
                0x08003b84       0x1c build/diskio.o
                0x08003b84                disk_write
 .text.disk_ioctl
                0x08003ba0       0x18 build/diskio.o
                0x08003ba0                disk_ioctl
 .text.inc_lock
                0x08003bb8       0xac build/ff.o
 .text.check_fs
                0x08003c64       0x84 build/ff.o
 .text.sync_fs  0x08003ce8       0xb8 build/ff.o
 .text.move_window
                0x08003da0       0x80 build/ff.o
 .text.find_volume
                0x08003e20      0x2c4 build/ff.o
 .text.put_fat.part.0
                0x080040e4      0x100 build/ff.o
 .text.get_fat.isra.0
                0x080041e4       0xac build/ff.o
 .text.create_chain
                0x08004290      0x1ac build/ff.o
 .text.dir_sdi  0x0800443c      0x154 build/ff.o
 .text.dir_find
                0x08004590      0x350 build/ff.o
 .text.follow_path
                0x080048e0      0x2c4 build/ff.o
 .text.dir_next
                0x08004ba4      0x1c0 build/ff.o
 .text.dir_register
                0x08004d64      0x8c4 build/ff.o
 .text.remove_chain
                0x08005628      0x218 build/ff.o
 .text.f_mount  0x08005840       0x88 build/ff.o
                0x08005840                f_mount
 .text.f_open   0x080058c8      0x2e0 build/ff.o
                0x080058c8                f_open
 .text.f_read   0x08005ba8      0x270 build/ff.o
                0x08005ba8                f_read
 .text.f_write  0x08005e18      0x2c8 build/ff.o
                0x08005e18                f_write
 .text.f_close  0x080060e0      0x104 build/ff.o
                0x080060e0                f_close
 .text.f_mkfs   0x080061e4      0x700 build/ff.o
                0x080061e4                f_mkfs
 .text.FATFS_LinkDriver
                0x080068e4       0x48 build/ff_gen_drv.o
                0x080068e4                FATFS_LinkDriver
 .text.FATFS_UnLinkDriver
                0x0800692c       0x34 build/ff_gen_drv.o
                0x0800692c                FATFS_UnLinkDriver
 .text.ff_convert
                0x08006960       0x34 build/ccsbcs.o
                0x08006960                ff_convert
 .text.ff_wtoupper
                0x08006994       0x9c build/ccsbcs.o
                0x08006994                ff_wtoupper
 .text.BSP_SD_ReadBlocks
                0x08006a30       0x24 build/bsp_driver_sd.o
                0x08006a30                BSP_SD_ReadBlocks
 .text.BSP_SD_WriteBlocks
                0x08006a54       0x24 build/bsp_driver_sd.o
                0x08006a54                BSP_SD_WriteBlocks
 .text.BSP_SD_GetCardState
                0x08006a78       0x14 build/bsp_driver_sd.o
                0x08006a78                BSP_SD_GetCardState
 .text.BSP_SD_GetCardInfo
                0x08006a8c        0xc build/bsp_driver_sd.o
                0x08006a8c                BSP_SD_GetCardInfo
 .text.BSP_SD_AbortCallback
                0x08006a98        0x4 build/bsp_driver_sd.o
                0x08006a98                BSP_SD_AbortCallback
 .text.HAL_SD_AbortCallback
                0x08006a9c        0x8 build/bsp_driver_sd.o
                0x08006a9c                HAL_SD_AbortCallback
 .text.BSP_SD_IsDetected
                0x08006aa4       0x10 build/bsp_driver_sd.o
                0x08006aa4                BSP_SD_IsDetected
 .text.BSP_SD_Init
                0x08006ab4       0x30 build/bsp_driver_sd.o
                0x08006ab4                BSP_SD_Init
 .text.MX_FATFS_Init
                0x08006ae4       0x1c build/fatfs.o
                0x08006ae4                MX_FATFS_Init
 .text.get_fattime
                0x08006b00        0x4 build/fatfs.o
                0x08006b00                get_fattime
 .text.MX_GPIO_Init
                0x08006b04      0x108 build/gpio.o
                0x08006b04                MX_GPIO_Init
 .text.led_off  0x08006c0c       0x28 build/gpio.o
                0x08006c0c                led_off
 .text.SystemClock_Config
                0x08006c34       0xa0 build/main.o
                0x08006c34                SystemClock_Config
 .text.startup.main
                0x08006cd4       0x5c build/main.o
                0x08006cd4                main
 .text.Error_Handler
                0x08006d30        0x4 build/main.o
                0x08006d30                Error_Handler
 .text.error_detect
                0x08006d34      0x104 build/sd_card.o
                0x08006d34                error_detect
 .text.sd_test  0x08006e38       0xbc build/sd_card.o
                0x08006e38                sd_test
 .text.SD_initialize
                0x08006ef4       0x30 build/sd_diskio.o
                0x08006ef4                SD_initialize
 .text.SD_status
                0x08006f24       0x20 build/sd_diskio.o
                0x08006f24                SD_status
 .text.SD_ioctl
                0x08006f44       0x60 build/sd_diskio.o
                0x08006f44                SD_ioctl
 .text.SD_read  0x08006fa4       0x28 build/sd_diskio.o
                0x08006fa4                SD_read
 .text.SD_write
                0x08006fcc       0x28 build/sd_diskio.o
                0x08006fcc                SD_write
 .text.MX_SDIO_SD_Init
                0x08006ff4       0x20 build/sdio.o
                0x08006ff4                MX_SDIO_SD_Init
 .text.HAL_SD_MspInit
                0x08007014       0xac build/sdio.o
                0x08007014                HAL_SD_MspInit
 .text.HAL_MspInit
                0x080070c0       0x38 build/stm32f4xx_hal_msp.o
                0x080070c0                HAL_MspInit
 .text.NMI_Handler
                0x080070f8        0x4 build/stm32f4xx_it.o
                0x080070f8                NMI_Handler
 .text.HardFault_Handler
                0x080070fc        0x4 build/stm32f4xx_it.o
                0x080070fc                HardFault_Handler
 .text.MemManage_Handler
                0x08007100        0x4 build/stm32f4xx_it.o
                0x08007100                MemManage_Handler
 .text.BusFault_Handler
                0x08007104        0x4 build/stm32f4xx_it.o
                0x08007104                BusFault_Handler
 .text.UsageFault_Handler
                0x08007108        0x4 build/stm32f4xx_it.o
                0x08007108                UsageFault_Handler
 .text.SVC_Handler
                0x0800710c        0x4 build/stm32f4xx_it.o
                0x0800710c                SVC_Handler
 .text.DebugMon_Handler
                0x08007110        0x4 build/stm32f4xx_it.o
                0x08007110                DebugMon_Handler
 .text.PendSV_Handler
                0x08007114        0x4 build/stm32f4xx_it.o
                0x08007114                PendSV_Handler
 .text.SysTick_Handler
                0x08007118        0x4 build/stm32f4xx_it.o
                0x08007118                SysTick_Handler
 .text.SDIO_IRQHandler
                0x0800711c        0xc build/stm32f4xx_it.o
                0x0800711c                SDIO_IRQHandler
 .text.USART6_IRQHandler
                0x08007128        0xc build/stm32f4xx_it.o
                0x08007128                USART6_IRQHandler
 .text.SystemInit
                0x08007134       0x50 build/system_stm32f4xx.o
                0x08007134                SystemInit
 .text.MX_USART6_UART_Init
                0x08007184       0x38 build/usart.o
                0x08007184                MX_USART6_UART_Init
 .text.HAL_UART_MspInit
                0x080071bc       0x80 build/usart.o
                0x080071bc                HAL_UART_MspInit
 .text.Reset_Handler
                0x0800723c       0x50 build/startup_stm32f427xx.o
                0x0800723c                Reset_Handler
 .text.Default_Handler
                0x0800728c        0x2 build/startup_stm32f427xx.o
                0x0800728c                RTC_Alarm_IRQHandler
                0x0800728c                HASH_RNG_IRQHandler
                0x0800728c                EXTI2_IRQHandler
                0x0800728c                TIM8_CC_IRQHandler
                0x0800728c                UART8_IRQHandler
                0x0800728c                SPI4_IRQHandler
                0x0800728c                TIM1_CC_IRQHandler
                0x0800728c                DMA2_Stream5_IRQHandler
                0x0800728c                DMA1_Stream5_IRQHandler
                0x0800728c                PVD_IRQHandler
                0x0800728c                TAMP_STAMP_IRQHandler
                0x0800728c                CAN2_RX1_IRQHandler
                0x0800728c                EXTI3_IRQHandler
                0x0800728c                TIM8_TRG_COM_TIM14_IRQHandler
                0x0800728c                TIM1_UP_TIM10_IRQHandler
                0x0800728c                TIM8_UP_TIM13_IRQHandler
                0x0800728c                I2C3_ER_IRQHandler
                0x0800728c                EXTI0_IRQHandler
                0x0800728c                I2C2_EV_IRQHandler
                0x0800728c                DMA1_Stream2_IRQHandler
                0x0800728c                CAN1_RX0_IRQHandler
                0x0800728c                FPU_IRQHandler
                0x0800728c                OTG_HS_WKUP_IRQHandler
                0x0800728c                CAN2_SCE_IRQHandler
                0x0800728c                DMA2_Stream2_IRQHandler
                0x0800728c                SPI1_IRQHandler
                0x0800728c                TIM6_DAC_IRQHandler
                0x0800728c                TIM1_BRK_TIM9_IRQHandler
                0x0800728c                DCMI_IRQHandler
                0x0800728c                CAN2_RX0_IRQHandler
                0x0800728c                DMA2_Stream3_IRQHandler
                0x0800728c                USART3_IRQHandler
                0x0800728c                CAN1_RX1_IRQHandler
                0x0800728c                UART5_IRQHandler
                0x0800728c                DMA2_Stream0_IRQHandler
                0x0800728c                TIM4_IRQHandler
                0x0800728c                I2C1_EV_IRQHandler
                0x0800728c                DMA1_Stream6_IRQHandler
                0x0800728c                DMA1_Stream1_IRQHandler
                0x0800728c                UART4_IRQHandler
                0x0800728c                TIM3_IRQHandler
                0x0800728c                RCC_IRQHandler
                0x0800728c                TIM8_BRK_TIM12_IRQHandler
                0x0800728c                Default_Handler
                0x0800728c                EXTI15_10_IRQHandler
                0x0800728c                ADC_IRQHandler
                0x0800728c                DMA1_Stream7_IRQHandler
                0x0800728c                SPI5_IRQHandler
                0x0800728c                TIM7_IRQHandler
                0x0800728c                CAN2_TX_IRQHandler
                0x0800728c                TIM5_IRQHandler
                0x0800728c                DMA2_Stream7_IRQHandler
                0x0800728c                I2C3_EV_IRQHandler
                0x0800728c                EXTI9_5_IRQHandler
                0x0800728c                RTC_WKUP_IRQHandler
                0x0800728c                ETH_WKUP_IRQHandler
                0x0800728c                SPI2_IRQHandler
                0x0800728c                OTG_HS_EP1_IN_IRQHandler
                0x0800728c                DMA1_Stream0_IRQHandler
                0x0800728c                CAN1_TX_IRQHandler
                0x0800728c                EXTI4_IRQHandler
                0x0800728c                ETH_IRQHandler
                0x0800728c                OTG_HS_EP1_OUT_IRQHandler
                0x0800728c                WWDG_IRQHandler
                0x0800728c                SPI6_IRQHandler
                0x0800728c                TIM2_IRQHandler
                0x0800728c                OTG_FS_WKUP_IRQHandler
                0x0800728c                TIM1_TRG_COM_TIM11_IRQHandler
                0x0800728c                OTG_HS_IRQHandler
                0x0800728c                DMA2D_IRQHandler
                0x0800728c                EXTI1_IRQHandler
                0x0800728c                UART7_IRQHandler
                0x0800728c                USART2_IRQHandler
                0x0800728c                I2C2_ER_IRQHandler
                0x0800728c                DMA2_Stream1_IRQHandler
                0x0800728c                CAN1_SCE_IRQHandler
                0x0800728c                FLASH_IRQHandler
                0x0800728c                DMA2_Stream4_IRQHandler
                0x0800728c                USART1_IRQHandler
                0x0800728c                OTG_FS_IRQHandler
                0x0800728c                SPI3_IRQHandler
                0x0800728c                DMA1_Stream4_IRQHandler
                0x0800728c                I2C1_ER_IRQHandler
                0x0800728c                FMC_IRQHandler
                0x0800728c                DMA2_Stream6_IRQHandler
                0x0800728c                SAI1_IRQHandler
                0x0800728c                DMA1_Stream3_IRQHandler
 .text.memset   0x0800728e       0x10 c:/users/pw705/appdata/roaming/code/user/globalstorage/bmd.stm32-for-vscode/@xpack-dev-tools/arm-none-eabi-gcc/12.3.1-1.2.1/.content/bin/../lib/gcc/arm-none-eabi/12.3.1/../../../../arm-none-eabi/lib/thumb/v7e-m+fp/hard\libc_nano.a(libc_a-memset.o)
                0x0800728e                memset
 *fill*         0x0800729e        0x2 
 .text.__libc_init_array
                0x080072a0       0x48 c:/users/pw705/appdata/roaming/code/user/globalstorage/bmd.stm32-for-vscode/@xpack-dev-tools/arm-none-eabi-gcc/12.3.1-1.2.1/.content/bin/../lib/gcc/arm-none-eabi/12.3.1/../../../../arm-none-eabi/lib/thumb/v7e-m+fp/hard\libc_nano.a(libc_a-init.o)
                0x080072a0                __libc_init_array
 .text.memcpy   0x080072e8       0x1c c:/users/pw705/appdata/roaming/code/user/globalstorage/bmd.stm32-for-vscode/@xpack-dev-tools/arm-none-eabi-gcc/12.3.1-1.2.1/.content/bin/../lib/gcc/arm-none-eabi/12.3.1/../../../../arm-none-eabi/lib/thumb/v7e-m+fp/hard\libc_nano.a(libc_a-memcpy-stub.o)
                0x080072e8                memcpy
 .text.__udivmoddi4
                0x08007304      0x2bc c:/users/pw705/appdata/roaming/code/user/globalstorage/bmd.stm32-for-vscode/@xpack-dev-tools/arm-none-eabi-gcc/12.3.1-1.2.1/.content/bin/../lib/gcc/arm-none-eabi/12.3.1/thumb/v7e-m+fp/hard\libgcc.a(_udivmoddi4.o)
                0x08007304                __udivmoddi4
 *(.glue_7)
 .glue_7        0x080075c0        0x0 linker stubs
 *(.glue_7t)
 .glue_7t       0x080075c0        0x0 linker stubs
 *(.eh_frame)
 .eh_frame      0x080075c0        0x0 c:/users/pw705/appdata/roaming/code/user/globalstorage/bmd.stm32-for-vscode/@xpack-dev-tools/arm-none-eabi-gcc/12.3.1-1.2.1/.content/bin/../lib/gcc/arm-none-eabi/12.3.1/thumb/v7e-m+fp/hard/crtbegin.o
 *(.init)
 .init          0x080075c0        0x4 c:/users/pw705/appdata/roaming/code/user/globalstorage/bmd.stm32-for-vscode/@xpack-dev-tools/arm-none-eabi-gcc/12.3.1-1.2.1/.content/bin/../lib/gcc/arm-none-eabi/12.3.1/thumb/v7e-m+fp/hard/crti.o
                0x080075c0                _init
 .init          0x080075c4        0x8 c:/users/pw705/appdata/roaming/code/user/globalstorage/bmd.stm32-for-vscode/@xpack-dev-tools/arm-none-eabi-gcc/12.3.1-1.2.1/.content/bin/../lib/gcc/arm-none-eabi/12.3.1/thumb/v7e-m+fp/hard/crtn.o
 *(.fini)
 .fini          0x080075cc        0x4 c:/users/pw705/appdata/roaming/code/user/globalstorage/bmd.stm32-for-vscode/@xpack-dev-tools/arm-none-eabi-gcc/12.3.1-1.2.1/.content/bin/../lib/gcc/arm-none-eabi/12.3.1/thumb/v7e-m+fp/hard/crti.o
                0x080075cc                _fini
 .fini          0x080075d0        0x8 c:/users/pw705/appdata/roaming/code/user/globalstorage/bmd.stm32-for-vscode/@xpack-dev-tools/arm-none-eabi-gcc/12.3.1-1.2.1/.content/bin/../lib/gcc/arm-none-eabi/12.3.1/thumb/v7e-m+fp/hard/crtn.o
                0x080075d8                        . = ALIGN (0x4)
                0x080075d8                        _etext = .

.vfp11_veneer   0x080075d8        0x0
 .vfp11_veneer  0x080075d8        0x0 linker stubs

.v4_bx          0x080075d8        0x0
 .v4_bx         0x080075d8        0x0 linker stubs

.iplt           0x080075d8        0x0
 .iplt          0x080075d8        0x0 c:/users/pw705/appdata/roaming/code/user/globalstorage/bmd.stm32-for-vscode/@xpack-dev-tools/arm-none-eabi-gcc/12.3.1-1.2.1/.content/bin/../lib/gcc/arm-none-eabi/12.3.1/thumb/v7e-m+fp/hard/crtbegin.o

.rodata         0x080075d8      0x5ec
                0x080075d8                        . = ALIGN (0x4)
 *(.rodata)
 *(.rodata*)
 .rodata.SEGGER_RTT_ReadUpBufferNoLock.str1.4
                0x080075d8       0x17 build/SEGGER_RTT.o
 *fill*         0x080075ef        0x1 
 .rodata._aV2C.0
                0x080075f0       0x10 build/SEGGER_RTT_printf.o
 .rodata.follow_path.str1.4
                0x08007600       0x13 build/ff.o
 *fill*         0x08007613        0x1 
 .rodata.f_mkfs.str1.4
                0x08007614       0x34 build/ff.o
 .rodata.LfnOfs
                0x08007648        0xd build/ff.o
 *fill*         0x08007655        0x3 
 .rodata.ExCvt  0x08007658       0x80 build/ff.o
 .rodata.cvt2.0
                0x080076d8       0xbc build/ccsbcs.o
 .rodata.cvt1.1
                0x08007794      0x1f2 build/ccsbcs.o
 *fill*         0x08007986        0x2 
 .rodata.Tbl    0x08007988      0x100 build/ccsbcs.o
 .rodata.main.str1.4
                0x08007a88        0xe build/main.o
 *fill*         0x08007a96        0x2 
 .rodata.error_detect.str1.4
                0x08007a98       0xf2 build/sd_card.o
 *fill*         0x08007b8a        0x2 
 .rodata.sd_test.str1.4
                0x08007b8c        0x9 build/sd_card.o
 *fill*         0x08007b95        0x3 
 .rodata.SD_Driver
                0x08007b98       0x14 build/sd_diskio.o
                0x08007b98                SD_Driver
 .rodata.APBPrescTable
                0x08007bac        0x8 build/system_stm32f4xx.o
                0x08007bac                APBPrescTable
 .rodata.AHBPrescTable
                0x08007bb4       0x10 build/system_stm32f4xx.o
                0x08007bb4                AHBPrescTable
                0x08007bc4                        . = ALIGN (0x4)

.ARM.extab
 *(.ARM.extab* .gnu.linkonce.armextab.*)

.ARM            0x08007bc4        0x8
                0x08007bc4                        __exidx_start = .
 *(.ARM.exidx*)
 .ARM.exidx.text.__udivmoddi4
                0x08007bc4        0x8 c:/users/pw705/appdata/roaming/code/user/globalstorage/bmd.stm32-for-vscode/@xpack-dev-tools/arm-none-eabi-gcc/12.3.1-1.2.1/.content/bin/../lib/gcc/arm-none-eabi/12.3.1/thumb/v7e-m+fp/hard\libgcc.a(_udivmoddi4.o)
                0x08007bcc                        __exidx_end = .

.rel.dyn        0x08007bcc        0x0
 .rel.iplt      0x08007bcc        0x0 c:/users/pw705/appdata/roaming/code/user/globalstorage/bmd.stm32-for-vscode/@xpack-dev-tools/arm-none-eabi-gcc/12.3.1-1.2.1/.content/bin/../lib/gcc/arm-none-eabi/12.3.1/thumb/v7e-m+fp/hard/crtbegin.o

.preinit_array  0x08007bcc        0x0
                0x08007bcc                        PROVIDE (__preinit_array_start = .)
 *(.preinit_array*)
                0x08007bcc                        PROVIDE (__preinit_array_end = .)

.init_array     0x08007bcc        0x4
                0x08007bcc                        PROVIDE (__init_array_start = .)
 *(SORT_BY_NAME(.init_array.*))
 *(.init_array*)
 .init_array    0x08007bcc        0x4 c:/users/pw705/appdata/roaming/code/user/globalstorage/bmd.stm32-for-vscode/@xpack-dev-tools/arm-none-eabi-gcc/12.3.1-1.2.1/.content/bin/../lib/gcc/arm-none-eabi/12.3.1/thumb/v7e-m+fp/hard/crtbegin.o
                0x08007bd0                        PROVIDE (__init_array_end = .)

.fini_array     0x08007bd0        0x4
                0x08007bd0                        PROVIDE (__fini_array_start = .)
 *(SORT_BY_NAME(.fini_array.*))
 *(.fini_array*)
 .fini_array    0x08007bd0        0x4 c:/users/pw705/appdata/roaming/code/user/globalstorage/bmd.stm32-for-vscode/@xpack-dev-tools/arm-none-eabi-gcc/12.3.1-1.2.1/.content/bin/../lib/gcc/arm-none-eabi/12.3.1/thumb/v7e-m+fp/hard/crtbegin.o
                0x08007bd4                        PROVIDE (__fini_array_end = .)
                0x08007bd4                        _sidata = LOADADDR (.data)

.data           0x20000000       0x34 load address 0x08007bd4
                0x20000000                        . = ALIGN (0x4)
                0x20000000                        _sdata = .
 *(.data)
 *(.data*)
 .data.uwTickFreq
                0x20000000        0x1 build/stm32f4xx_hal.o
                0x20000000                uwTickFreq
 *fill*         0x20000001        0x3 
 .data.uwTickPrio
                0x20000004        0x4 build/stm32f4xx_hal.o
                0x20000004                uwTickPrio
 .data.wtext    0x20000008       0x26 build/sd_card.o
                0x20000008                wtext
 .data.Stat     0x2000002e        0x1 build/sd_diskio.o
 *fill*         0x2000002f        0x1 
 .data.SystemCoreClock
                0x20000030        0x4 build/system_stm32f4xx.o
                0x20000030                SystemCoreClock
                0x20000034                        . = ALIGN (0x4)
                0x20000034                        _edata = .
                0x08007c08                        _siccmram = LOADADDR (.ccmram)

.igot.plt       0x20000034        0x0 load address 0x08007c08
 .igot.plt      0x20000034        0x0 c:/users/pw705/appdata/roaming/code/user/globalstorage/bmd.stm32-for-vscode/@xpack-dev-tools/arm-none-eabi-gcc/12.3.1-1.2.1/.content/bin/../lib/gcc/arm-none-eabi/12.3.1/thumb/v7e-m+fp/hard/crtbegin.o

.ccmram         0x10000000        0x0 load address 0x08007c08
                0x10000000                        . = ALIGN (0x4)
                0x10000000                        _sccmram = .
 *(.ccmram)
 *(.ccmram*)
                0x10000000                        . = ALIGN (0x4)
                0x10000000                        _eccmram = .
                0x10000000                        . = ALIGN (0x4)

.bss            0x20000038      0xcb4
                0x20000038                        _sbss = .
                0x20000038                        __bss_start__ = _sbss
 *(.bss)
 *(.bss*)
 .bss.completed.1
                0x20000038        0x1 c:/users/pw705/appdata/roaming/code/user/globalstorage/bmd.stm32-for-vscode/@xpack-dev-tools/arm-none-eabi-gcc/12.3.1-1.2.1/.content/bin/../lib/gcc/arm-none-eabi/12.3.1/thumb/v7e-m+fp/hard/crtbegin.o
 *fill*         0x20000039        0x3 
 .bss.object.0  0x2000003c       0x18 c:/users/pw705/appdata/roaming/code/user/globalstorage/bmd.stm32-for-vscode/@xpack-dev-tools/arm-none-eabi-gcc/12.3.1-1.2.1/.content/bin/../lib/gcc/arm-none-eabi/12.3.1/thumb/v7e-m+fp/hard/crtbegin.o
 .bss.uwTick    0x20000054        0x4 build/stm32f4xx_hal.o
                0x20000054                uwTick
 .bss._acDownBuffer
                0x20000058       0x10 build/SEGGER_RTT.o
 .bss._acUpBuffer
                0x20000068      0x400 build/SEGGER_RTT.o
 .bss._SEGGER_RTT
                0x20000468       0xa8 build/SEGGER_RTT.o
                0x20000468                _SEGGER_RTT
 .bss.Files     0x20000510       0x20 build/ff.o
 .bss.Fsid      0x20000530        0x2 build/ff.o
 *fill*         0x20000532        0x2 
 .bss.FatFs     0x20000534        0x4 build/ff.o
 .bss.disk      0x20000538        0xc build/ff_gen_drv.o
                0x20000538                disk
 .bss.SDFile    0x20000544      0x230 build/fatfs.o
                0x20000544                SDFile
 .bss.SDPath    0x20000774        0x4 build/fatfs.o
                0x20000774                SDPath
 .bss.retSD     0x20000778        0x1 build/fatfs.o
                0x20000778                retSD
 .bss.err       0x20000779        0x1 build/sd_card.o
                0x20000779                err
 *fill*         0x2000077a        0x2 
 .bss.rtext     0x2000077c       0x64 build/sd_card.o
                0x2000077c                rtext
 .bss.bytesread
                0x200007e0        0x4 build/sd_card.o
                0x200007e0                bytesread
 .bss.byteswritten
                0x200007e4        0x4 build/sd_card.o
                0x200007e4                byteswritten
 .bss.buffer    0x200007e8      0x200 build/sd_card.o
 .bss.SDFatFs   0x200009e8      0x234 build/sd_card.o
                0x200009e8                SDFatFs
 *fill*         0x20000c1c        0x4 
 .bss.hsd       0x20000c20       0x84 build/sdio.o
                0x20000c20                hsd
 *fill*         0x20000ca4        0x4 
 .bss.huart6    0x20000ca8       0x44 build/usart.o
                0x20000ca8                huart6
 *(COMMON)
                0x20000cec                        . = ALIGN (0x4)
                0x20000cec                        _ebss = .
                0x20000cec                        __bss_end__ = _ebss

._user_heap_stack
                0x20000cec      0x604
                0x20000cf0                        . = ALIGN (0x8)
 *fill*         0x20000cec        0x4 
                0x20000cf0                        PROVIDE (end = .)
                [!provide]                        PROVIDE (_end = .)
                0x20000ef0                        . = (. + _Min_Heap_Size)
 *fill*         0x20000cf0      0x200 
                0x200012f0                        . = (. + _Min_Stack_Size)
 *fill*         0x20000ef0      0x400 
                0x200012f0                        . = ALIGN (0x8)

/DISCARD/
 libc.a(*)
 libm.a(*)
 libgcc.a(*)

.ARM.attributes
                0x00000000       0x30
 *(.ARM.attributes)
 .ARM.attributes
                0x00000000       0x22 c:/users/pw705/appdata/roaming/code/user/globalstorage/bmd.stm32-for-vscode/@xpack-dev-tools/arm-none-eabi-gcc/12.3.1-1.2.1/.content/bin/../lib/gcc/arm-none-eabi/12.3.1/thumb/v7e-m+fp/hard/crti.o
 .ARM.attributes
                0x00000022       0x34 c:/users/pw705/appdata/roaming/code/user/globalstorage/bmd.stm32-for-vscode/@xpack-dev-tools/arm-none-eabi-gcc/12.3.1-1.2.1/.content/bin/../lib/gcc/arm-none-eabi/12.3.1/thumb/v7e-m+fp/hard/crtbegin.o
 .ARM.attributes
                0x00000056       0x34 build/stm32f4xx_hal.o
 .ARM.attributes
                0x0000008a       0x34 build/stm32f4xx_hal_cortex.o
 .ARM.attributes
                0x000000be       0x34 build/stm32f4xx_hal_dma.o
 .ARM.attributes
                0x000000f2       0x34 build/stm32f4xx_hal_gpio.o
 .ARM.attributes
                0x00000126       0x34 build/stm32f4xx_hal_rcc.o
 .ARM.attributes
                0x0000015a       0x34 build/stm32f4xx_hal_sd.o
 .ARM.attributes
                0x0000018e       0x34 build/stm32f4xx_hal_uart.o
 .ARM.attributes
                0x000001c2       0x34 build/stm32f4xx_ll_sdmmc.o
 .ARM.attributes
                0x000001f6       0x34 build/SEGGER_RTT.o
 .ARM.attributes
                0x0000022a       0x34 build/SEGGER_RTT_printf.o
 .ARM.attributes
                0x0000025e       0x34 build/diskio.o
 .ARM.attributes
                0x00000292       0x34 build/ff.o
 .ARM.attributes
                0x000002c6       0x34 build/ff_gen_drv.o
 .ARM.attributes
                0x000002fa       0x34 build/ccsbcs.o
 .ARM.attributes
                0x0000032e       0x34 build/bsp_driver_sd.o
 .ARM.attributes
                0x00000362       0x34 build/fatfs.o
 .ARM.attributes
                0x00000396       0x34 build/gpio.o
 .ARM.attributes
                0x000003ca       0x34 build/main.o
 .ARM.attributes
                0x000003fe       0x34 build/sd_card.o
 .ARM.attributes
                0x00000432       0x34 build/sd_diskio.o
 .ARM.attributes
                0x00000466       0x34 build/sdio.o
 .ARM.attributes
                0x0000049a       0x34 build/stm32f4xx_hal_msp.o
 .ARM.attributes
                0x000004ce       0x34 build/stm32f4xx_it.o
 .ARM.attributes
                0x00000502       0x34 build/system_stm32f4xx.o
 .ARM.attributes
                0x00000536       0x34 build/usart.o
 .ARM.attributes
                0x0000056a       0x21 build/startup_stm32f427xx.o
 .ARM.attributes
                0x0000058b       0x34 c:/users/pw705/appdata/roaming/code/user/globalstorage/bmd.stm32-for-vscode/@xpack-dev-tools/arm-none-eabi-gcc/12.3.1-1.2.1/.content/bin/../lib/gcc/arm-none-eabi/12.3.1/../../../../arm-none-eabi/lib/thumb/v7e-m+fp/hard\libc_nano.a(libc_a-memset.o)
 .ARM.attributes
                0x000005bf       0x34 c:/users/pw705/appdata/roaming/code/user/globalstorage/bmd.stm32-for-vscode/@xpack-dev-tools/arm-none-eabi-gcc/12.3.1-1.2.1/.content/bin/../lib/gcc/arm-none-eabi/12.3.1/../../../../arm-none-eabi/lib/thumb/v7e-m+fp/hard\libc_nano.a(libc_a-init.o)
 .ARM.attributes
                0x000005f3       0x34 c:/users/pw705/appdata/roaming/code/user/globalstorage/bmd.stm32-for-vscode/@xpack-dev-tools/arm-none-eabi-gcc/12.3.1-1.2.1/.content/bin/../lib/gcc/arm-none-eabi/12.3.1/../../../../arm-none-eabi/lib/thumb/v7e-m+fp/hard\libc_nano.a(libc_a-memcpy-stub.o)
 .ARM.attributes
                0x00000627       0x22 c:/users/pw705/appdata/roaming/code/user/globalstorage/bmd.stm32-for-vscode/@xpack-dev-tools/arm-none-eabi-gcc/12.3.1-1.2.1/.content/bin/../lib/gcc/arm-none-eabi/12.3.1/thumb/v7e-m+fp/hard\libgcc.a(_aeabi_uldivmod.o)
 .ARM.attributes
                0x00000649       0x34 c:/users/pw705/appdata/roaming/code/user/globalstorage/bmd.stm32-for-vscode/@xpack-dev-tools/arm-none-eabi-gcc/12.3.1-1.2.1/.content/bin/../lib/gcc/arm-none-eabi/12.3.1/thumb/v7e-m+fp/hard\libgcc.a(_udivmoddi4.o)
 .ARM.attributes
                0x0000067d       0x22 c:/users/pw705/appdata/roaming/code/user/globalstorage/bmd.stm32-for-vscode/@xpack-dev-tools/arm-none-eabi-gcc/12.3.1-1.2.1/.content/bin/../lib/gcc/arm-none-eabi/12.3.1/thumb/v7e-m+fp/hard\libgcc.a(_dvmd_tls.o)
 .ARM.attributes
                0x0000069f       0x22 c:/users/pw705/appdata/roaming/code/user/globalstorage/bmd.stm32-for-vscode/@xpack-dev-tools/arm-none-eabi-gcc/12.3.1-1.2.1/.content/bin/../lib/gcc/arm-none-eabi/12.3.1/thumb/v7e-m+fp/hard/crtn.o
OUTPUT(build/SDCard.elf elf32-littlearm)
LOAD linker stubs
LOAD c:/users/pw705/appdata/roaming/code/user/globalstorage/bmd.stm32-for-vscode/@xpack-dev-tools/arm-none-eabi-gcc/12.3.1-1.2.1/.content/bin/../lib/gcc/arm-none-eabi/12.3.1/../../../../arm-none-eabi/lib/thumb/v7e-m+fp/hard\libc.a
LOAD c:/users/pw705/appdata/roaming/code/user/globalstorage/bmd.stm32-for-vscode/@xpack-dev-tools/arm-none-eabi-gcc/12.3.1-1.2.1/.content/bin/../lib/gcc/arm-none-eabi/12.3.1/../../../../arm-none-eabi/lib/thumb/v7e-m+fp/hard\libm.a
LOAD c:/users/pw705/appdata/roaming/code/user/globalstorage/bmd.stm32-for-vscode/@xpack-dev-tools/arm-none-eabi-gcc/12.3.1-1.2.1/.content/bin/../lib/gcc/arm-none-eabi/12.3.1/thumb/v7e-m+fp/hard\libgcc.a

.comment        0x00000000       0x39
 .comment       0x00000000       0x39 c:/users/pw705/appdata/roaming/code/user/globalstorage/bmd.stm32-for-vscode/@xpack-dev-tools/arm-none-eabi-gcc/12.3.1-1.2.1/.content/bin/../lib/gcc/arm-none-eabi/12.3.1/thumb/v7e-m+fp/hard/crtbegin.o
                                 0x3a (size before relaxing)
 .comment       0x00000039       0x3a build/stm32f4xx_hal.o
 .comment       0x00000039       0x3a build/stm32f4xx_hal_cortex.o
 .comment       0x00000039       0x3a build/stm32f4xx_hal_dma.o
 .comment       0x00000039       0x3a build/stm32f4xx_hal_gpio.o
 .comment       0x00000039       0x3a build/stm32f4xx_hal_rcc.o
 .comment       0x00000039       0x3a build/stm32f4xx_hal_sd.o
 .comment       0x00000039       0x3a build/stm32f4xx_hal_uart.o
 .comment       0x00000039       0x3a build/stm32f4xx_ll_sdmmc.o
 .comment       0x00000039       0x3a build/SEGGER_RTT.o
 .comment       0x00000039       0x3a build/SEGGER_RTT_printf.o
 .comment       0x00000039       0x3a build/diskio.o
 .comment       0x00000039       0x3a build/ff.o
 .comment       0x00000039       0x3a build/ff_gen_drv.o
 .comment       0x00000039       0x3a build/ccsbcs.o
 .comment       0x00000039       0x3a build/bsp_driver_sd.o
 .comment       0x00000039       0x3a build/fatfs.o
 .comment       0x00000039       0x3a build/gpio.o
 .comment       0x00000039       0x3a build/main.o
 .comment       0x00000039       0x3a build/sd_card.o
 .comment       0x00000039       0x3a build/sd_diskio.o
 .comment       0x00000039       0x3a build/sdio.o
 .comment       0x00000039       0x3a build/stm32f4xx_hal_msp.o
 .comment       0x00000039       0x3a build/stm32f4xx_it.o
 .comment       0x00000039       0x3a build/system_stm32f4xx.o
 .comment       0x00000039       0x3a build/usart.o
 .comment       0x00000039       0x3a c:/users/pw705/appdata/roaming/code/user/globalstorage/bmd.stm32-for-vscode/@xpack-dev-tools/arm-none-eabi-gcc/12.3.1-1.2.1/.content/bin/../lib/gcc/arm-none-eabi/12.3.1/../../../../arm-none-eabi/lib/thumb/v7e-m+fp/hard\libc_nano.a(libc_a-memset.o)
 .comment       0x00000039       0x3a c:/users/pw705/appdata/roaming/code/user/globalstorage/bmd.stm32-for-vscode/@xpack-dev-tools/arm-none-eabi-gcc/12.3.1-1.2.1/.content/bin/../lib/gcc/arm-none-eabi/12.3.1/../../../../arm-none-eabi/lib/thumb/v7e-m+fp/hard\libc_nano.a(libc_a-init.o)
 .comment       0x00000039       0x3a c:/users/pw705/appdata/roaming/code/user/globalstorage/bmd.stm32-for-vscode/@xpack-dev-tools/arm-none-eabi-gcc/12.3.1-1.2.1/.content/bin/../lib/gcc/arm-none-eabi/12.3.1/../../../../arm-none-eabi/lib/thumb/v7e-m+fp/hard\libc_nano.a(libc_a-memcpy-stub.o)
 .comment       0x00000039       0x3a c:/users/pw705/appdata/roaming/code/user/globalstorage/bmd.stm32-for-vscode/@xpack-dev-tools/arm-none-eabi-gcc/12.3.1-1.2.1/.content/bin/../lib/gcc/arm-none-eabi/12.3.1/thumb/v7e-m+fp/hard\libgcc.a(_udivmoddi4.o)

.debug_info     0x00000000    0x216a7
 .debug_info    0x00000000      0xa86 build/stm32f4xx_hal.o
 .debug_info    0x00000a86     0x1007 build/stm32f4xx_hal_cortex.o
 .debug_info    0x00001a8d      0xb1e build/stm32f4xx_hal_dma.o
 .debug_info    0x000025ab      0x720 build/stm32f4xx_hal_gpio.o
 .debug_info    0x00002ccb      0xaeb build/stm32f4xx_hal_rcc.o
 .debug_info    0x000037b6     0x292f build/stm32f4xx_hal_sd.o
 .debug_info    0x000060e5     0x4930 build/stm32f4xx_hal_uart.o
 .debug_info    0x0000aa15     0x3382 build/stm32f4xx_ll_sdmmc.o
 .debug_info    0x0000dd97     0x38a0 build/SEGGER_RTT.o
 .debug_info    0x00011637      0x9bb build/SEGGER_RTT_printf.o
 .debug_info    0x00011ff2      0x457 build/diskio.o
 .debug_info    0x00012449     0x8442 build/ff.o
 .debug_info    0x0001a88b      0x5a4 build/ff_gen_drv.o
 .debug_info    0x0001ae2f      0x1dd build/ccsbcs.o
 .debug_info    0x0001b00c      0xbe7 build/bsp_driver_sd.o
 .debug_info    0x0001bbf3      0x50b build/fatfs.o
 .debug_info    0x0001c0fe      0x5bd build/gpio.o
 .debug_info    0x0001c6bb      0x6d5 build/main.o
 .debug_info    0x0001cd90      0xf90 build/sd_card.o
 .debug_info    0x0001dd20      0x6a0 build/sd_diskio.o
 .debug_info    0x0001e3c0      0xd88 build/sdio.o
 .debug_info    0x0001f148      0x279 build/stm32f4xx_hal_msp.o
 .debug_info    0x0001f3c1      0x9c7 build/stm32f4xx_it.o
 .debug_info    0x0001fd88      0x543 build/system_stm32f4xx.o
 .debug_info    0x000202cb      0xc4f build/usart.o
 .debug_info    0x00020f1a       0x30 build/startup_stm32f427xx.o
 .debug_info    0x00020f4a       0x24 c:/users/pw705/appdata/roaming/code/user/globalstorage/bmd.stm32-for-vscode/@xpack-dev-tools/arm-none-eabi-gcc/12.3.1-1.2.1/.content/bin/../lib/gcc/arm-none-eabi/12.3.1/thumb/v7e-m+fp/hard\libgcc.a(_aeabi_uldivmod.o)
 .debug_info    0x00020f6e      0x6fd c:/users/pw705/appdata/roaming/code/user/globalstorage/bmd.stm32-for-vscode/@xpack-dev-tools/arm-none-eabi-gcc/12.3.1-1.2.1/.content/bin/../lib/gcc/arm-none-eabi/12.3.1/thumb/v7e-m+fp/hard\libgcc.a(_udivmoddi4.o)
 .debug_info    0x0002166b       0x3c c:/users/pw705/appdata/roaming/code/user/globalstorage/bmd.stm32-for-vscode/@xpack-dev-tools/arm-none-eabi-gcc/12.3.1-1.2.1/.content/bin/../lib/gcc/arm-none-eabi/12.3.1/thumb/v7e-m+fp/hard\libgcc.a(_dvmd_tls.o)

.debug_abbrev   0x00000000     0x4078
 .debug_abbrev  0x00000000      0x282 build/stm32f4xx_hal.o
 .debug_abbrev  0x00000282      0x390 build/stm32f4xx_hal_cortex.o
 .debug_abbrev  0x00000612      0x335 build/stm32f4xx_hal_dma.o
 .debug_abbrev  0x00000947      0x213 build/stm32f4xx_hal_gpio.o
 .debug_abbrev  0x00000b5a      0x34e build/stm32f4xx_hal_rcc.o
 .debug_abbrev  0x00000ea8      0x3cc build/stm32f4xx_hal_sd.o
 .debug_abbrev  0x00001274      0x434 build/stm32f4xx_hal_uart.o
 .debug_abbrev  0x000016a8      0x2f7 build/stm32f4xx_ll_sdmmc.o
 .debug_abbrev  0x0000199f      0x375 build/SEGGER_RTT.o
 .debug_abbrev  0x00001d14      0x2a6 build/SEGGER_RTT_printf.o
 .debug_abbrev  0x00001fba      0x1bc build/diskio.o
 .debug_abbrev  0x00002176      0x464 build/ff.o
 .debug_abbrev  0x000025da      0x235 build/ff_gen_drv.o
 .debug_abbrev  0x0000280f       0xe2 build/ccsbcs.o
 .debug_abbrev  0x000028f1      0x288 build/bsp_driver_sd.o
 .debug_abbrev  0x00002b79      0x16e build/fatfs.o
 .debug_abbrev  0x00002ce7      0x1c8 build/gpio.o
 .debug_abbrev  0x00002eaf      0x237 build/main.o
 .debug_abbrev  0x000030e6      0x30b build/sd_card.o
 .debug_abbrev  0x000033f1      0x289 build/sd_diskio.o
 .debug_abbrev  0x0000367a      0x214 build/sdio.o
 .debug_abbrev  0x0000388e       0xd4 build/stm32f4xx_hal_msp.o
 .debug_abbrev  0x00003962      0x1ed build/stm32f4xx_it.o
 .debug_abbrev  0x00003b4f      0x11e build/system_stm32f4xx.o
 .debug_abbrev  0x00003c6d      0x243 build/usart.o
 .debug_abbrev  0x00003eb0       0x24 build/startup_stm32f427xx.o
 .debug_abbrev  0x00003ed4       0x14 c:/users/pw705/appdata/roaming/code/user/globalstorage/bmd.stm32-for-vscode/@xpack-dev-tools/arm-none-eabi-gcc/12.3.1-1.2.1/.content/bin/../lib/gcc/arm-none-eabi/12.3.1/thumb/v7e-m+fp/hard\libgcc.a(_aeabi_uldivmod.o)
 .debug_abbrev  0x00003ee8      0x16a c:/users/pw705/appdata/roaming/code/user/globalstorage/bmd.stm32-for-vscode/@xpack-dev-tools/arm-none-eabi-gcc/12.3.1-1.2.1/.content/bin/../lib/gcc/arm-none-eabi/12.3.1/thumb/v7e-m+fp/hard\libgcc.a(_udivmoddi4.o)
 .debug_abbrev  0x00004052       0x26 c:/users/pw705/appdata/roaming/code/user/globalstorage/bmd.stm32-for-vscode/@xpack-dev-tools/arm-none-eabi-gcc/12.3.1-1.2.1/.content/bin/../lib/gcc/arm-none-eabi/12.3.1/thumb/v7e-m+fp/hard\libgcc.a(_dvmd_tls.o)

.debug_loclists
                0x00000000    0x1d5e3
 .debug_loclists
                0x00000000       0xe2 build/stm32f4xx_hal.o
 .debug_loclists
                0x000000e2      0x4d3 build/stm32f4xx_hal_cortex.o
 .debug_loclists
                0x000005b5      0x63f build/stm32f4xx_hal_dma.o
 .debug_loclists
                0x00000bf4      0x3b6 build/stm32f4xx_hal_gpio.o
 .debug_loclists
                0x00000faa      0x354 build/stm32f4xx_hal_rcc.o
 .debug_loclists
                0x000012fe     0x18bd build/stm32f4xx_hal_sd.o
 .debug_loclists
                0x00002bbb     0x303b build/stm32f4xx_hal_uart.o
 .debug_loclists
                0x00005bf6     0x3a7d build/stm32f4xx_ll_sdmmc.o
 .debug_loclists
                0x00009673     0x510a build/SEGGER_RTT.o
 .debug_loclists
                0x0000e77d      0x9e9 build/SEGGER_RTT_printf.o
 .debug_loclists
                0x0000f166      0x148 build/diskio.o
 .debug_loclists
                0x0000f2ae     0xcd0a build/ff.o
 .debug_loclists
                0x0001bfb8      0x41c build/ff_gen_drv.o
 .debug_loclists
                0x0001c3d4      0x1dd build/ccsbcs.o
 .debug_loclists
                0x0001c5b1      0x2c7 build/bsp_driver_sd.o
 .debug_loclists
                0x0001c878       0x60 build/sd_card.o
 .debug_loclists
                0x0001c8d8      0x246 build/sd_diskio.o
 .debug_loclists
                0x0001cb1e       0x3b build/sdio.o
 .debug_loclists
                0x0001cb59       0xcb build/system_stm32f4xx.o
 .debug_loclists
                0x0001cc24       0x3b build/usart.o
 .debug_loclists
                0x0001cc5f      0x984 c:/users/pw705/appdata/roaming/code/user/globalstorage/bmd.stm32-for-vscode/@xpack-dev-tools/arm-none-eabi-gcc/12.3.1-1.2.1/.content/bin/../lib/gcc/arm-none-eabi/12.3.1/thumb/v7e-m+fp/hard\libgcc.a(_udivmoddi4.o)

.debug_aranges  0x00000000      0xdc0
 .debug_aranges
                0x00000000      0x100 build/stm32f4xx_hal.o
 .debug_aranges
                0x00000100       0xa8 build/stm32f4xx_hal_cortex.o
 .debug_aranges
                0x000001a8       0x78 build/stm32f4xx_hal_dma.o
 .debug_aranges
                0x00000220       0x58 build/stm32f4xx_hal_gpio.o
 .debug_aranges
                0x00000278       0x88 build/stm32f4xx_hal_rcc.o
 .debug_aranges
                0x00000300      0x120 build/stm32f4xx_hal_sd.o
 .debug_aranges
                0x00000420      0x1d0 build/stm32f4xx_hal_uart.o
 .debug_aranges
                0x000005f0      0x180 build/stm32f4xx_ll_sdmmc.o
 .debug_aranges
                0x00000770      0x110 build/SEGGER_RTT.o
 .debug_aranges
                0x00000880       0x30 build/SEGGER_RTT_printf.o
 .debug_aranges
                0x000008b0       0x48 build/diskio.o
 .debug_aranges
                0x000008f8      0x148 build/ff.o
 .debug_aranges
                0x00000a40       0x40 build/ff_gen_drv.o
 .debug_aranges
                0x00000a80       0x28 build/ccsbcs.o
 .debug_aranges
                0x00000aa8       0x88 build/bsp_driver_sd.o
 .debug_aranges
                0x00000b30       0x28 build/fatfs.o
 .debug_aranges
                0x00000b58       0x30 build/gpio.o
 .debug_aranges
                0x00000b88       0x30 build/main.o
 .debug_aranges
                0x00000bb8       0x28 build/sd_card.o
 .debug_aranges
                0x00000be0       0x40 build/sd_diskio.o
 .debug_aranges
                0x00000c20       0x30 build/sdio.o
 .debug_aranges
                0x00000c50       0x20 build/stm32f4xx_hal_msp.o
 .debug_aranges
                0x00000c70       0x70 build/stm32f4xx_it.o
 .debug_aranges
                0x00000ce0       0x28 build/system_stm32f4xx.o
 .debug_aranges
                0x00000d08       0x30 build/usart.o
 .debug_aranges
                0x00000d38       0x28 build/startup_stm32f427xx.o
 .debug_aranges
                0x00000d60       0x20 c:/users/pw705/appdata/roaming/code/user/globalstorage/bmd.stm32-for-vscode/@xpack-dev-tools/arm-none-eabi-gcc/12.3.1-1.2.1/.content/bin/../lib/gcc/arm-none-eabi/12.3.1/thumb/v7e-m+fp/hard\libgcc.a(_aeabi_uldivmod.o)
 .debug_aranges
                0x00000d80       0x20 c:/users/pw705/appdata/roaming/code/user/globalstorage/bmd.stm32-for-vscode/@xpack-dev-tools/arm-none-eabi-gcc/12.3.1-1.2.1/.content/bin/../lib/gcc/arm-none-eabi/12.3.1/thumb/v7e-m+fp/hard\libgcc.a(_udivmoddi4.o)
 .debug_aranges
                0x00000da0       0x20 c:/users/pw705/appdata/roaming/code/user/globalstorage/bmd.stm32-for-vscode/@xpack-dev-tools/arm-none-eabi-gcc/12.3.1-1.2.1/.content/bin/../lib/gcc/arm-none-eabi/12.3.1/thumb/v7e-m+fp/hard\libgcc.a(_dvmd_tls.o)

.debug_rnglists
                0x00000000     0x2bbf
 .debug_rnglists
                0x00000000       0xbb build/stm32f4xx_hal.o
 .debug_rnglists
                0x000000bb       0xee build/stm32f4xx_hal_cortex.o
 .debug_rnglists
                0x000001a9       0x9f build/stm32f4xx_hal_dma.o
 .debug_rnglists
                0x00000248       0x4b build/stm32f4xx_hal_gpio.o
 .debug_rnglists
                0x00000293       0xca build/stm32f4xx_hal_rcc.o
 .debug_rnglists
                0x0000035d      0x219 build/stm32f4xx_hal_sd.o
 .debug_rnglists
                0x00000576      0x2b4 build/stm32f4xx_hal_uart.o
 .debug_rnglists
                0x0000082a      0x7b4 build/stm32f4xx_ll_sdmmc.o
 .debug_rnglists
                0x00000fde      0x7de build/SEGGER_RTT.o
 .debug_rnglists
                0x000017bc      0x133 build/SEGGER_RTT_printf.o
 .debug_rnglists
                0x000018ef       0x31 build/diskio.o
 .debug_rnglists
                0x00001920      0xf1f build/ff.o
 .debug_rnglists
                0x0000283f       0x70 build/ff_gen_drv.o
 .debug_rnglists
                0x000028af       0x1a build/ccsbcs.o
 .debug_rnglists
                0x000028c9       0x61 build/bsp_driver_sd.o
 .debug_rnglists
                0x0000292a       0x19 build/fatfs.o
 .debug_rnglists
                0x00002943       0x3b build/gpio.o
 .debug_rnglists
                0x0000297e       0x44 build/main.o
 .debug_rnglists
                0x000029c2       0x1b build/sd_card.o
 .debug_rnglists
                0x000029dd       0x37 build/sd_diskio.o
 .debug_rnglists
                0x00002a14       0x38 build/sdio.o
 .debug_rnglists
                0x00002a4c       0x1f build/stm32f4xx_hal_msp.o
 .debug_rnglists
                0x00002a6b       0x4f build/stm32f4xx_it.o
 .debug_rnglists
                0x00002aba       0x19 build/system_stm32f4xx.o
 .debug_rnglists
                0x00002ad3       0x38 build/usart.o
 .debug_rnglists
                0x00002b0b       0x19 build/startup_stm32f427xx.o
 .debug_rnglists
                0x00002b24       0x9b c:/users/pw705/appdata/roaming/code/user/globalstorage/bmd.stm32-for-vscode/@xpack-dev-tools/arm-none-eabi-gcc/12.3.1-1.2.1/.content/bin/../lib/gcc/arm-none-eabi/12.3.1/thumb/v7e-m+fp/hard\libgcc.a(_udivmoddi4.o)

.debug_line     0x00000000    0x1e539
 .debug_line    0x00000000      0x68e build/stm32f4xx_hal.o
 .debug_line    0x0000068e      0x8a7 build/stm32f4xx_hal_cortex.o
 .debug_line    0x00000f35      0xfe9 build/stm32f4xx_hal_dma.o
 .debug_line    0x00001f1e      0x8d5 build/stm32f4xx_hal_gpio.o
 .debug_line    0x000027f3      0xc5a build/stm32f4xx_hal_rcc.o
 .debug_line    0x0000344d     0x2841 build/stm32f4xx_hal_sd.o
 .debug_line    0x00005c8e     0x473f build/stm32f4xx_hal_uart.o
 .debug_line    0x0000a3cd     0x3336 build/stm32f4xx_ll_sdmmc.o
 .debug_line    0x0000d703     0x3c8e build/SEGGER_RTT.o
 .debug_line    0x00011391      0xb86 build/SEGGER_RTT_printf.o
 .debug_line    0x00011f17      0x2d9 build/diskio.o
 .debug_line    0x000121f0     0x90b7 build/ff.o
 .debug_line    0x0001b2a7      0x413 build/ff_gen_drv.o
 .debug_line    0x0001b6ba      0x260 build/ccsbcs.o
 .debug_line    0x0001b91a      0x443 build/bsp_driver_sd.o
 .debug_line    0x0001bd5d      0x239 build/fatfs.o
 .debug_line    0x0001bf96      0x2f4 build/gpio.o
 .debug_line    0x0001c28a      0x41d build/main.o
 .debug_line    0x0001c6a7      0x3d2 build/sd_card.o
 .debug_line    0x0001ca79      0x40b build/sd_diskio.o
 .debug_line    0x0001ce84      0x3a0 build/sdio.o
 .debug_line    0x0001d224      0x202 build/stm32f4xx_hal_msp.o
 .debug_line    0x0001d426      0x3a8 build/stm32f4xx_it.o
 .debug_line    0x0001d7ce      0x326 build/system_stm32f4xx.o
 .debug_line    0x0001daf4      0x386 build/usart.o
 .debug_line    0x0001de7a       0x76 build/startup_stm32f427xx.o
 .debug_line    0x0001def0       0x4e c:/users/pw705/appdata/roaming/code/user/globalstorage/bmd.stm32-for-vscode/@xpack-dev-tools/arm-none-eabi-gcc/12.3.1-1.2.1/.content/bin/../lib/gcc/arm-none-eabi/12.3.1/thumb/v7e-m+fp/hard\libgcc.a(_aeabi_uldivmod.o)
 .debug_line    0x0001df3e      0x5b1 c:/users/pw705/appdata/roaming/code/user/globalstorage/bmd.stm32-for-vscode/@xpack-dev-tools/arm-none-eabi-gcc/12.3.1-1.2.1/.content/bin/../lib/gcc/arm-none-eabi/12.3.1/thumb/v7e-m+fp/hard\libgcc.a(_udivmoddi4.o)
 .debug_line    0x0001e4ef       0x4a c:/users/pw705/appdata/roaming/code/user/globalstorage/bmd.stm32-for-vscode/@xpack-dev-tools/arm-none-eabi-gcc/12.3.1-1.2.1/.content/bin/../lib/gcc/arm-none-eabi/12.3.1/thumb/v7e-m+fp/hard\libgcc.a(_dvmd_tls.o)

.debug_str      0x00000000     0x49cd
 .debug_str     0x00000000      0xb90 build/stm32f4xx_hal.o
                                0xbee (size before relaxing)
 .debug_str     0x00000b90      0x4af build/stm32f4xx_hal_cortex.o
                                0xc68 (size before relaxing)
 .debug_str     0x0000103f      0x528 build/stm32f4xx_hal_dma.o
                                0x765 (size before relaxing)
 .debug_str     0x00001567      0x1db build/stm32f4xx_hal_gpio.o
                                0x4e2 (size before relaxing)
 .debug_str     0x00001742      0x31e build/stm32f4xx_hal_rcc.o
                                0x708 (size before relaxing)
 .debug_str     0x00001a60      0xbb2 build/stm32f4xx_hal_sd.o
                               0x10dd (size before relaxing)
 .debug_str     0x00002612      0x7bb build/stm32f4xx_hal_uart.o
                                0xd48 (size before relaxing)
 .debug_str     0x00002dcd      0x224 build/stm32f4xx_ll_sdmmc.o
                                0x7eb (size before relaxing)
 .debug_str     0x00002ff1      0x4f2 build/SEGGER_RTT.o
                                0x6ae (size before relaxing)
 .debug_str     0x000034e3      0x12d build/SEGGER_RTT_printf.o
                                0x2f6 (size before relaxing)
 .debug_str     0x00003610      0x106 build/diskio.o
                                0x297 (size before relaxing)
 .debug_str     0x00003716      0x629 build/ff.o
                                0x8a4 (size before relaxing)
 .debug_str     0x00003d3f       0x9f build/ff_gen_drv.o
                                0x2e8 (size before relaxing)
 .debug_str     0x00003dde       0x3c build/ccsbcs.o
                                0x1cd (size before relaxing)
 .debug_str     0x00003e1a      0x13f build/bsp_driver_sd.o
                                0x89e (size before relaxing)
 .debug_str     0x00003f59       0x40 build/fatfs.o
                                0x369 (size before relaxing)
 .debug_str     0x00003f99       0x2a build/gpio.o
                                0x3ac (size before relaxing)
 .debug_str     0x00003fc3       0x65 build/main.o
                                0x54a (size before relaxing)
 .debug_str     0x00004028       0x63 build/sd_card.o
                                0x98b (size before relaxing)
 .debug_str     0x0000408b       0x56 build/sd_diskio.o
                                0x375 (size before relaxing)
 .debug_str     0x000040e1       0x14 build/sdio.o
                                0xd8d (size before relaxing)
 .debug_str     0x000040f5       0x18 build/stm32f4xx_hal_msp.o
                                0x2b8 (size before relaxing)
 .debug_str     0x0000410d       0xc5 build/stm32f4xx_it.o
                                0x8d9 (size before relaxing)
 .debug_str     0x000041d2       0x42 build/system_stm32f4xx.o
                                0x372 (size before relaxing)
 .debug_str     0x00004214       0x17 build/usart.o
                                0xd8c (size before relaxing)
 .debug_str     0x0000422b       0x32 build/startup_stm32f427xx.o
                                 0x6d (size before relaxing)
 .debug_str     0x0000425d      0x112 c:/users/pw705/appdata/roaming/code/user/globalstorage/bmd.stm32-for-vscode/@xpack-dev-tools/arm-none-eabi-gcc/12.3.1-1.2.1/.content/bin/../lib/gcc/arm-none-eabi/12.3.1/thumb/v7e-m+fp/hard\libgcc.a(_aeabi_uldivmod.o)
                                0x120 (size before relaxing)
 .debug_str     0x0000436f      0x5d3 c:/users/pw705/appdata/roaming/code/user/globalstorage/bmd.stm32-for-vscode/@xpack-dev-tools/arm-none-eabi-gcc/12.3.1-1.2.1/.content/bin/../lib/gcc/arm-none-eabi/12.3.1/thumb/v7e-m+fp/hard\libgcc.a(_udivmoddi4.o)
                                0x72a (size before relaxing)
 .debug_str     0x00004942       0x8b c:/users/pw705/appdata/roaming/code/user/globalstorage/bmd.stm32-for-vscode/@xpack-dev-tools/arm-none-eabi-gcc/12.3.1-1.2.1/.content/bin/../lib/gcc/arm-none-eabi/12.3.1/thumb/v7e-m+fp/hard\libgcc.a(_dvmd_tls.o)
                                0x140 (size before relaxing)

.debug_frame    0x00000000     0x2820
 .debug_frame   0x00000000      0x214 build/stm32f4xx_hal.o
 .debug_frame   0x00000214      0x164 build/stm32f4xx_hal_cortex.o
 .debug_frame   0x00000378      0x17c build/stm32f4xx_hal_dma.o
 .debug_frame   0x000004f4       0xe0 build/stm32f4xx_hal_gpio.o
 .debug_frame   0x000005d4      0x178 build/stm32f4xx_hal_rcc.o
 .debug_frame   0x0000074c      0x418 build/stm32f4xx_hal_sd.o
 .debug_frame   0x00000b64      0x5c4 build/stm32f4xx_hal_uart.o
 .debug_frame   0x00001128      0x338 build/stm32f4xx_ll_sdmmc.o
 .debug_frame   0x00001460      0x4a8 build/SEGGER_RTT.o
 .debug_frame   0x00001908       0xa0 build/SEGGER_RTT_printf.o
 .debug_frame   0x000019a8       0x88 build/diskio.o
 .debug_frame   0x00001a30      0x784 build/ff.o
 .debug_frame   0x000021b4       0x84 build/ff_gen_drv.o
 .debug_frame   0x00002238       0x38 build/ccsbcs.o
 .debug_frame   0x00002270      0x140 build/bsp_driver_sd.o
 .debug_frame   0x000023b0       0x38 build/fatfs.o
 .debug_frame   0x000023e8       0x68 build/gpio.o
 .debug_frame   0x00002450       0x58 build/main.o
 .debug_frame   0x000024a8       0x78 build/sd_card.o
 .debug_frame   0x00002520       0xa8 build/sd_diskio.o
 .debug_frame   0x000025c8       0x64 build/sdio.o
 .debug_frame   0x0000262c       0x28 build/stm32f4xx_hal_msp.o
 .debug_frame   0x00002654       0xc0 build/stm32f4xx_it.o
 .debug_frame   0x00002714       0x3c build/system_stm32f4xx.o
 .debug_frame   0x00002750       0x70 build/usart.o
 .debug_frame   0x000027c0       0x2c c:/users/pw705/appdata/roaming/code/user/globalstorage/bmd.stm32-for-vscode/@xpack-dev-tools/arm-none-eabi-gcc/12.3.1-1.2.1/.content/bin/../lib/gcc/arm-none-eabi/12.3.1/thumb/v7e-m+fp/hard\libgcc.a(_aeabi_uldivmod.o)
 .debug_frame   0x000027ec       0x34 c:/users/pw705/appdata/roaming/code/user/globalstorage/bmd.stm32-for-vscode/@xpack-dev-tools/arm-none-eabi-gcc/12.3.1-1.2.1/.content/bin/../lib/gcc/arm-none-eabi/12.3.1/thumb/v7e-m+fp/hard\libgcc.a(_udivmoddi4.o)

.debug_line_str
                0x00000000      0x16f
 .debug_line_str
                0x00000000       0x51 build/startup_stm32f427xx.o
 .debug_line_str
                0x00000051      0x112 c:/users/pw705/appdata/roaming/code/user/globalstorage/bmd.stm32-for-vscode/@xpack-dev-tools/arm-none-eabi-gcc/12.3.1-1.2.1/.content/bin/../lib/gcc/arm-none-eabi/12.3.1/thumb/v7e-m+fp/hard\libgcc.a(_aeabi_uldivmod.o)
 .debug_line_str
                0x00000163        0xc c:/users/pw705/appdata/roaming/code/user/globalstorage/bmd.stm32-for-vscode/@xpack-dev-tools/arm-none-eabi-gcc/12.3.1-1.2.1/.content/bin/../lib/gcc/arm-none-eabi/12.3.1/thumb/v7e-m+fp/hard\libgcc.a(_dvmd_tls.o)
                                0x116 (size before relaxing)

Cross Reference Table

Symbol                                            File
ADC_IRQHandler                                    build/startup_stm32f427xx.o
AHBPrescTable                                     build/system_stm32f4xx.o
                                                  build/stm32f4xx_hal_rcc.o
APBPrescTable                                     build/system_stm32f4xx.o
                                                  build/stm32f4xx_hal_rcc.o
BSPLogInit                                        build/bsp_log.o
BSP_SD_AbortCallback                              build/bsp_driver_sd.o
BSP_SD_DetectIT                                   build/bsp_driver_sd.o
BSP_SD_Erase                                      build/bsp_driver_sd.o
BSP_SD_GetCardInfo                                build/bsp_driver_sd.o
                                                  build/sd_diskio.o
BSP_SD_GetCardState                               build/bsp_driver_sd.o
                                                  build/sd_diskio.o
BSP_SD_ITConfig                                   build/bsp_driver_sd.o
BSP_SD_Init                                       build/bsp_driver_sd.o
                                                  build/sd_diskio.o
                                                  build/main.o
BSP_SD_IsDetected                                 build/bsp_driver_sd.o
BSP_SD_ReadBlocks                                 build/bsp_driver_sd.o
                                                  build/sd_diskio.o
BSP_SD_ReadBlocks_DMA                             build/bsp_driver_sd.o
BSP_SD_ReadCpltCallback                           build/bsp_driver_sd.o
BSP_SD_WriteBlocks                                build/bsp_driver_sd.o
                                                  build/sd_diskio.o
BSP_SD_WriteBlocks_DMA                            build/bsp_driver_sd.o
BusFault_Handler                                  build/stm32f4xx_it.o
CAN1_RX0_IRQHandler                               build/startup_stm32f427xx.o
CAN1_RX1_IRQHandler                               build/startup_stm32f427xx.o
CAN1_SCE_IRQHandler                               build/startup_stm32f427xx.o
CAN1_TX_IRQHandler                                build/startup_stm32f427xx.o
CAN2_RX0_IRQHandler                               build/startup_stm32f427xx.o
CAN2_RX1_IRQHandler                               build/startup_stm32f427xx.o
CAN2_SCE_IRQHandler                               build/startup_stm32f427xx.o
CAN2_TX_IRQHandler                                build/startup_stm32f427xx.o
DCMI_IRQHandler                                   build/startup_stm32f427xx.o
DMA1_Stream0_IRQHandler                           build/startup_stm32f427xx.o
DMA1_Stream1_IRQHandler                           build/startup_stm32f427xx.o
DMA1_Stream2_IRQHandler                           build/startup_stm32f427xx.o
DMA1_Stream3_IRQHandler                           build/startup_stm32f427xx.o
DMA1_Stream4_IRQHandler                           build/startup_stm32f427xx.o
DMA1_Stream5_IRQHandler                           build/startup_stm32f427xx.o
DMA1_Stream6_IRQHandler                           build/startup_stm32f427xx.o
DMA1_Stream7_IRQHandler                           build/startup_stm32f427xx.o
DMA2D_IRQHandler                                  build/startup_stm32f427xx.o
DMA2_Stream0_IRQHandler                           build/startup_stm32f427xx.o
DMA2_Stream1_IRQHandler                           build/startup_stm32f427xx.o
DMA2_Stream2_IRQHandler                           build/startup_stm32f427xx.o
DMA2_Stream3_IRQHandler                           build/startup_stm32f427xx.o
DMA2_Stream4_IRQHandler                           build/startup_stm32f427xx.o
DMA2_Stream5_IRQHandler                           build/startup_stm32f427xx.o
DMA2_Stream6_IRQHandler                           build/startup_stm32f427xx.o
DMA2_Stream7_IRQHandler                           build/startup_stm32f427xx.o
DebugMon_Handler                                  build/stm32f4xx_it.o
Default_Handler                                   build/startup_stm32f427xx.o
ETH_IRQHandler                                    build/startup_stm32f427xx.o
ETH_WKUP_IRQHandler                               build/startup_stm32f427xx.o
EXTI0_IRQHandler                                  build/startup_stm32f427xx.o
EXTI15_10_IRQHandler                              build/startup_stm32f427xx.o
EXTI1_IRQHandler                                  build/startup_stm32f427xx.o
EXTI2_IRQHandler                                  build/startup_stm32f427xx.o
EXTI3_IRQHandler                                  build/startup_stm32f427xx.o
EXTI4_IRQHandler                                  build/startup_stm32f427xx.o
EXTI9_5_IRQHandler                                build/startup_stm32f427xx.o
Error_Handler                                     build/main.o
                                                  build/usart.o
FATFS_GetAttachedDriversNbr                       build/ff_gen_drv.o
FATFS_LinkDriver                                  build/ff_gen_drv.o
                                                  build/fatfs.o
FATFS_LinkDriverEx                                build/ff_gen_drv.o
FATFS_UnLinkDriver                                build/ff_gen_drv.o
                                                  build/sd_card.o
FATFS_UnLinkDriverEx                              build/ff_gen_drv.o
FLASH_Erase_Sector                                build/stm32f4xx_hal_flash_ex.o
                                                  build/stm32f4xx_hal_flash.o
FLASH_FlushCaches                                 build/stm32f4xx_hal_flash_ex.o
                                                  build/stm32f4xx_hal_flash.o
FLASH_IRQHandler                                  build/startup_stm32f427xx.o
FLASH_WaitForLastOperation                        build/stm32f4xx_hal_flash.o
                                                  build/stm32f4xx_hal_flash_ex.o
FMC_IRQHandler                                    build/startup_stm32f427xx.o
FPU_IRQHandler                                    build/startup_stm32f427xx.o
Float2Str                                         build/bsp_log.o
HAL_DBGMCU_DisableDBGSleepMode                    build/stm32f4xx_hal.o
HAL_DBGMCU_DisableDBGStandbyMode                  build/stm32f4xx_hal.o
HAL_DBGMCU_DisableDBGStopMode                     build/stm32f4xx_hal.o
HAL_DBGMCU_EnableDBGSleepMode                     build/stm32f4xx_hal.o
HAL_DBGMCU_EnableDBGStandbyMode                   build/stm32f4xx_hal.o
HAL_DBGMCU_EnableDBGStopMode                      build/stm32f4xx_hal.o
HAL_DMAEx_ChangeMemory                            build/stm32f4xx_hal_dma_ex.o
HAL_DMAEx_MultiBufferStart                        build/stm32f4xx_hal_dma_ex.o
HAL_DMAEx_MultiBufferStart_IT                     build/stm32f4xx_hal_dma_ex.o
HAL_DMA_Abort                                     build/stm32f4xx_hal_dma.o
                                                  build/stm32f4xx_hal_uart.o
                                                  build/stm32f4xx_hal_sd.o
HAL_DMA_Abort_IT                                  build/stm32f4xx_hal_dma.o
                                                  build/stm32f4xx_hal_uart.o
                                                  build/stm32f4xx_hal_sd.o
HAL_DMA_DeInit                                    build/stm32f4xx_hal_dma.o
HAL_DMA_GetError                                  build/stm32f4xx_hal_dma.o
                                                  build/stm32f4xx_hal_uart.o
                                                  build/stm32f4xx_hal_sd.o
HAL_DMA_GetState                                  build/stm32f4xx_hal_dma.o
HAL_DMA_IRQHandler                                build/stm32f4xx_hal_dma.o
HAL_DMA_Init                                      build/stm32f4xx_hal_dma.o
HAL_DMA_PollForTransfer                           build/stm32f4xx_hal_dma.o
HAL_DMA_RegisterCallback                          build/stm32f4xx_hal_dma.o
HAL_DMA_Start                                     build/stm32f4xx_hal_dma.o
HAL_DMA_Start_IT                                  build/stm32f4xx_hal_dma.o
                                                  build/stm32f4xx_hal_uart.o
                                                  build/stm32f4xx_hal_sd.o
HAL_DMA_UnRegisterCallback                        build/stm32f4xx_hal_dma.o
HAL_DeInit                                        build/stm32f4xx_hal.o
HAL_Delay                                         build/stm32f4xx_hal.o
                                                  build/sd_card.o
                                                  build/main.o
                                                  build/stm32f4xx_hal_sd.o
HAL_DisableCompensationCell                       build/stm32f4xx_hal.o
HAL_DisableMemorySwappingBank                     build/stm32f4xx_hal.o
HAL_EXTI_ClearConfigLine                          build/stm32f4xx_hal_exti.o
HAL_EXTI_ClearPending                             build/stm32f4xx_hal_exti.o
HAL_EXTI_GenerateSWI                              build/stm32f4xx_hal_exti.o
HAL_EXTI_GetConfigLine                            build/stm32f4xx_hal_exti.o
HAL_EXTI_GetHandle                                build/stm32f4xx_hal_exti.o
HAL_EXTI_GetPending                               build/stm32f4xx_hal_exti.o
HAL_EXTI_IRQHandler                               build/stm32f4xx_hal_exti.o
HAL_EXTI_RegisterCallback                         build/stm32f4xx_hal_exti.o
HAL_EXTI_SetConfigLine                            build/stm32f4xx_hal_exti.o
HAL_EnableCompensationCell                        build/stm32f4xx_hal.o
HAL_EnableMemorySwappingBank                      build/stm32f4xx_hal.o
HAL_FLASHEx_AdvOBGetConfig                        build/stm32f4xx_hal_flash_ex.o
HAL_FLASHEx_AdvOBProgram                          build/stm32f4xx_hal_flash_ex.o
HAL_FLASHEx_Erase                                 build/stm32f4xx_hal_flash_ex.o
HAL_FLASHEx_Erase_IT                              build/stm32f4xx_hal_flash_ex.o
HAL_FLASHEx_OBGetConfig                           build/stm32f4xx_hal_flash_ex.o
HAL_FLASHEx_OBProgram                             build/stm32f4xx_hal_flash_ex.o
HAL_FLASHEx_OB_DeSelectPCROP                      build/stm32f4xx_hal_flash_ex.o
HAL_FLASHEx_OB_GetBank2WRP                        build/stm32f4xx_hal_flash_ex.o
HAL_FLASHEx_OB_SelectPCROP                        build/stm32f4xx_hal_flash_ex.o
HAL_FLASH_EndOfOperationCallback                  build/stm32f4xx_hal_flash.o
HAL_FLASH_GetError                                build/stm32f4xx_hal_flash.o
HAL_FLASH_IRQHandler                              build/stm32f4xx_hal_flash.o
HAL_FLASH_Lock                                    build/stm32f4xx_hal_flash.o
HAL_FLASH_OB_Launch                               build/stm32f4xx_hal_flash.o
HAL_FLASH_OB_Lock                                 build/stm32f4xx_hal_flash.o
HAL_FLASH_OB_Unlock                               build/stm32f4xx_hal_flash.o
HAL_FLASH_OperationErrorCallback                  build/stm32f4xx_hal_flash.o
HAL_FLASH_Program                                 build/stm32f4xx_hal_flash.o
HAL_FLASH_Program_IT                              build/stm32f4xx_hal_flash.o
HAL_FLASH_Unlock                                  build/stm32f4xx_hal_flash.o
HAL_GPIO_DeInit                                   build/stm32f4xx_hal_gpio.o
                                                  build/usart.o
                                                  build/sdio.o
HAL_GPIO_EXTI_Callback                            build/stm32f4xx_hal_gpio.o
HAL_GPIO_EXTI_IRQHandler                          build/stm32f4xx_hal_gpio.o
HAL_GPIO_Init                                     build/stm32f4xx_hal_gpio.o
                                                  build/usart.o
                                                  build/sdio.o
                                                  build/gpio.o
                                                  build/stm32f4xx_hal_rcc.o
HAL_GPIO_LockPin                                  build/stm32f4xx_hal_gpio.o
HAL_GPIO_ReadPin                                  build/stm32f4xx_hal_gpio.o
                                                  build/gpio.o
HAL_GPIO_TogglePin                                build/stm32f4xx_hal_gpio.o
                                                  build/main.o
HAL_GPIO_WritePin                                 build/stm32f4xx_hal_gpio.o
                                                  build/sd_card.o
                                                  build/gpio.o
HAL_GetDEVID                                      build/stm32f4xx_hal.o
HAL_GetHalVersion                                 build/stm32f4xx_hal.o
HAL_GetREVID                                      build/stm32f4xx_hal.o
HAL_GetTick                                       build/stm32f4xx_hal.o
                                                  build/stm32f4xx_hal_uart.o
                                                  build/stm32f4xx_hal_sd.o
                                                  build/stm32f4xx_hal_rcc_ex.o
                                                  build/stm32f4xx_hal_rcc.o
                                                  build/stm32f4xx_hal_pwr_ex.o
                                                  build/stm32f4xx_hal_flash.o
                                                  build/stm32f4xx_hal_dma.o
HAL_GetTickFreq                                   build/stm32f4xx_hal.o
HAL_GetTickPrio                                   build/stm32f4xx_hal.o
HAL_GetUIDw0                                      build/stm32f4xx_hal.o
HAL_GetUIDw1                                      build/stm32f4xx_hal.o
HAL_GetUIDw2                                      build/stm32f4xx_hal.o
HAL_HalfDuplex_EnableReceiver                     build/stm32f4xx_hal_uart.o
HAL_HalfDuplex_EnableTransmitter                  build/stm32f4xx_hal_uart.o
HAL_HalfDuplex_Init                               build/stm32f4xx_hal_uart.o
HAL_IncTick                                       build/stm32f4xx_hal.o
                                                  build/stm32f4xx_it.o
HAL_Init                                          build/stm32f4xx_hal.o
                                                  build/main.o
HAL_InitTick                                      build/stm32f4xx_hal.o
                                                  build/stm32f4xx_hal_rcc_ex.o
                                                  build/stm32f4xx_hal_rcc.o
HAL_LIN_Init                                      build/stm32f4xx_hal_uart.o
HAL_LIN_SendBreak                                 build/stm32f4xx_hal_uart.o
HAL_MPU_ConfigRegion                              build/stm32f4xx_hal_cortex.o
HAL_MPU_Disable                                   build/stm32f4xx_hal_cortex.o
HAL_MPU_Enable                                    build/stm32f4xx_hal_cortex.o
HAL_MspDeInit                                     build/stm32f4xx_hal.o
HAL_MspInit                                       build/stm32f4xx_hal_msp.o
                                                  build/stm32f4xx_hal.o
HAL_MultiProcessor_EnterMuteMode                  build/stm32f4xx_hal_uart.o
HAL_MultiProcessor_ExitMuteMode                   build/stm32f4xx_hal_uart.o
HAL_MultiProcessor_Init                           build/stm32f4xx_hal_uart.o
HAL_NVIC_ClearPendingIRQ                          build/stm32f4xx_hal_cortex.o
HAL_NVIC_DisableIRQ                               build/stm32f4xx_hal_cortex.o
                                                  build/usart.o
                                                  build/sdio.o
HAL_NVIC_EnableIRQ                                build/stm32f4xx_hal_cortex.o
                                                  build/usart.o
                                                  build/sdio.o
HAL_NVIC_GetActive                                build/stm32f4xx_hal_cortex.o
HAL_NVIC_GetPendingIRQ                            build/stm32f4xx_hal_cortex.o
HAL_NVIC_GetPriority                              build/stm32f4xx_hal_cortex.o
HAL_NVIC_GetPriorityGrouping                      build/stm32f4xx_hal_cortex.o
HAL_NVIC_SetPendingIRQ                            build/stm32f4xx_hal_cortex.o
HAL_NVIC_SetPriority                              build/stm32f4xx_hal_cortex.o
                                                  build/usart.o
                                                  build/sdio.o
                                                  build/stm32f4xx_hal.o
HAL_NVIC_SetPriorityGrouping                      build/stm32f4xx_hal_cortex.o
                                                  build/stm32f4xx_hal.o
HAL_NVIC_SystemReset                              build/stm32f4xx_hal_cortex.o
HAL_PWREx_ControlVoltageScaling                   build/stm32f4xx_hal_pwr_ex.o
HAL_PWREx_DisableBkUpReg                          build/stm32f4xx_hal_pwr_ex.o
HAL_PWREx_DisableFlashPowerDown                   build/stm32f4xx_hal_pwr_ex.o
HAL_PWREx_DisableOverDrive                        build/stm32f4xx_hal_pwr_ex.o
HAL_PWREx_EnableBkUpReg                           build/stm32f4xx_hal_pwr_ex.o
HAL_PWREx_EnableFlashPowerDown                    build/stm32f4xx_hal_pwr_ex.o
HAL_PWREx_EnableOverDrive                         build/stm32f4xx_hal_pwr_ex.o
HAL_PWREx_EnterUnderDriveSTOPMode                 build/stm32f4xx_hal_pwr_ex.o
HAL_PWREx_GetVoltageRange                         build/stm32f4xx_hal_pwr_ex.o
HAL_PWR_ConfigPVD                                 build/stm32f4xx_hal_pwr.o
HAL_PWR_DeInit                                    build/stm32f4xx_hal_pwr.o
HAL_PWR_DisableBkUpAccess                         build/stm32f4xx_hal_pwr.o
HAL_PWR_DisablePVD                                build/stm32f4xx_hal_pwr.o
HAL_PWR_DisableSEVOnPend                          build/stm32f4xx_hal_pwr.o
HAL_PWR_DisableSleepOnExit                        build/stm32f4xx_hal_pwr.o
HAL_PWR_DisableWakeUpPin                          build/stm32f4xx_hal_pwr.o
HAL_PWR_EnableBkUpAccess                          build/stm32f4xx_hal_pwr.o
HAL_PWR_EnablePVD                                 build/stm32f4xx_hal_pwr.o
HAL_PWR_EnableSEVOnPend                           build/stm32f4xx_hal_pwr.o
HAL_PWR_EnableSleepOnExit                         build/stm32f4xx_hal_pwr.o
HAL_PWR_EnableWakeUpPin                           build/stm32f4xx_hal_pwr.o
HAL_PWR_EnterSLEEPMode                            build/stm32f4xx_hal_pwr.o
HAL_PWR_EnterSTANDBYMode                          build/stm32f4xx_hal_pwr.o
HAL_PWR_EnterSTOPMode                             build/stm32f4xx_hal_pwr.o
HAL_PWR_PVDCallback                               build/stm32f4xx_hal_pwr.o
HAL_PWR_PVD_IRQHandler                            build/stm32f4xx_hal_pwr.o
HAL_RCCEx_DisablePLLI2S                           build/stm32f4xx_hal_rcc_ex.o
HAL_RCCEx_DisablePLLSAI                           build/stm32f4xx_hal_rcc_ex.o
HAL_RCCEx_EnablePLLI2S                            build/stm32f4xx_hal_rcc_ex.o
HAL_RCCEx_EnablePLLSAI                            build/stm32f4xx_hal_rcc_ex.o
HAL_RCCEx_GetPeriphCLKConfig                      build/stm32f4xx_hal_rcc_ex.o
HAL_RCCEx_GetPeriphCLKFreq                        build/stm32f4xx_hal_rcc_ex.o
HAL_RCCEx_PeriphCLKConfig                         build/stm32f4xx_hal_rcc_ex.o
HAL_RCC_CSSCallback                               build/stm32f4xx_hal_rcc.o
HAL_RCC_ClockConfig                               build/stm32f4xx_hal_rcc.o
                                                  build/main.o
HAL_RCC_DeInit                                    build/stm32f4xx_hal_rcc_ex.o
                                                  build/stm32f4xx_hal_rcc.o
HAL_RCC_DisableCSS                                build/stm32f4xx_hal_rcc.o
HAL_RCC_EnableCSS                                 build/stm32f4xx_hal_rcc.o
HAL_RCC_GetClockConfig                            build/stm32f4xx_hal_rcc.o
HAL_RCC_GetHCLKFreq                               build/stm32f4xx_hal_rcc.o
HAL_RCC_GetOscConfig                              build/stm32f4xx_hal_rcc.o
HAL_RCC_GetPCLK1Freq                              build/stm32f4xx_hal_rcc.o
                                                  build/stm32f4xx_hal_uart.o
HAL_RCC_GetPCLK2Freq                              build/stm32f4xx_hal_rcc.o
                                                  build/stm32f4xx_hal_uart.o
HAL_RCC_GetSysClockFreq                           build/stm32f4xx_hal_rcc.o
HAL_RCC_MCOConfig                                 build/stm32f4xx_hal_rcc.o
HAL_RCC_NMI_IRQHandler                            build/stm32f4xx_hal_rcc.o
HAL_RCC_OscConfig                                 build/stm32f4xx_hal_rcc.o
                                                  build/main.o
HAL_ResumeTick                                    build/stm32f4xx_hal.o
HAL_SD_Abort                                      build/stm32f4xx_hal_sd.o
HAL_SD_AbortCallback                              build/bsp_driver_sd.o
                                                  build/stm32f4xx_hal_sd.o
HAL_SD_Abort_IT                                   build/stm32f4xx_hal_sd.o
HAL_SD_ConfigWideBusOperation                     build/stm32f4xx_hal_sd.o
                                                  build/bsp_driver_sd.o
HAL_SD_DeInit                                     build/stm32f4xx_hal_sd.o
HAL_SD_Erase                                      build/stm32f4xx_hal_sd.o
                                                  build/bsp_driver_sd.o
HAL_SD_ErrorCallback                              build/stm32f4xx_hal_sd.o
HAL_SD_GetCardCID                                 build/stm32f4xx_hal_sd.o
HAL_SD_GetCardCSD                                 build/stm32f4xx_hal_sd.o
HAL_SD_GetCardInfo                                build/stm32f4xx_hal_sd.o
                                                  build/bsp_driver_sd.o
HAL_SD_GetCardState                               build/stm32f4xx_hal_sd.o
                                                  build/bsp_driver_sd.o
HAL_SD_GetCardStatus                              build/stm32f4xx_hal_sd.o
HAL_SD_GetError                                   build/stm32f4xx_hal_sd.o
HAL_SD_GetState                                   build/stm32f4xx_hal_sd.o
HAL_SD_IRQHandler                                 build/stm32f4xx_hal_sd.o
                                                  build/stm32f4xx_it.o
HAL_SD_Init                                       build/stm32f4xx_hal_sd.o
                                                  build/bsp_driver_sd.o
HAL_SD_InitCard                                   build/stm32f4xx_hal_sd.o
HAL_SD_MspDeInit                                  build/sdio.o
                                                  build/stm32f4xx_hal_sd.o
HAL_SD_MspInit                                    build/sdio.o
                                                  build/stm32f4xx_hal_sd.o
HAL_SD_ReadBlocks                                 build/stm32f4xx_hal_sd.o
                                                  build/bsp_driver_sd.o
HAL_SD_ReadBlocks_DMA                             build/stm32f4xx_hal_sd.o
                                                  build/bsp_driver_sd.o
HAL_SD_ReadBlocks_IT                              build/stm32f4xx_hal_sd.o
HAL_SD_RxCpltCallback                             build/stm32f4xx_hal_sd.o
HAL_SD_TxCpltCallback                             build/stm32f4xx_hal_sd.o
HAL_SD_WriteBlocks                                build/stm32f4xx_hal_sd.o
                                                  build/bsp_driver_sd.o
HAL_SD_WriteBlocks_DMA                            build/stm32f4xx_hal_sd.o
                                                  build/bsp_driver_sd.o