Archive member included to satisfy reference by file (symbol)

c:/users/pw705/appdata/roaming/code/user/globalstorage/bmd.stm32-for-vscode/@xpack-dev-tools/arm-none-eabi-gcc/12.3.1-1.2.1/.content/bin/../lib/gcc/arm-none-eabi/12.3.1/../../../../arm-none-eabi/lib/thumb/v7e-m+fp/hard\libc_nano.a(libc_a-atexit.o)
                              c:/users/pw705/appdata/roaming/code/user/globalstorage/bmd.stm32-for-vscode/@xpack-dev-tools/arm-none-eabi-gcc/12.3.1-1.2.1/.content/bin/../lib/gcc/arm-none-eabi/12.3.1/../../../../arm-none-eabi/lib/thumb/v7e-m+fp/hard/crt0.o (atexit)
c:/users/pw705/appdata/roaming/code/user/globalstorage/bmd.stm32-for-vscode/@xpack-dev-tools/arm-none-eabi-gcc/12.3.1-1.2.1/.content/bin/../lib/gcc/arm-none-eabi/12.3.1/../../../../arm-none-eabi/lib/thumb/v7e-m+fp/hard\libc_nano.a(libc_a-exit.o)
                              c:/users/pw705/appdata/roaming/code/user/globalstorage/bmd.stm32-for-vscode/@xpack-dev-tools/arm-none-eabi-gcc/12.3.1-1.2.1/.content/bin/../lib/gcc/arm-none-eabi/12.3.1/../../../../arm-none-eabi/lib/thumb/v7e-m+fp/hard/crt0.o (exit)
c:/users/pw705/appdata/roaming/code/user/globalstorage/bmd.stm32-for-vscode/@xpack-dev-tools/arm-none-eabi-gcc/12.3.1-1.2.1/.content/bin/../lib/gcc/arm-none-eabi/12.3.1/../../../../arm-none-eabi/lib/thumb/v7e-m+fp/hard\libc_nano.a(libc_a-findfp.o)
                              c:/users/pw705/appdata/roaming/code/user/globalstorage/bmd.stm32-for-vscode/@xpack-dev-tools/arm-none-eabi-gcc/12.3.1-1.2.1/.content/bin/../lib/gcc/arm-none-eabi/12.3.1/../../../../arm-none-eabi/lib/thumb/v7e-m+fp/hard\libc_nano.a(libc_a-exit.o) (__stdio_exit_handler)
c:/users/pw705/appdata/roaming/code/user/globalstorage/bmd.stm32-for-vscode/@xpack-dev-tools/arm-none-eabi-gcc/12.3.1-1.2.1/.content/bin/../lib/gcc/arm-none-eabi/12.3.1/../../../../arm-none-eabi/lib/thumb/v7e-m+fp/hard\libc_nano.a(libc_a-fwalk.o)
                              c:/users/pw705/appdata/roaming/code/user/globalstorage/bmd.stm32-for-vscode/@xpack-dev-tools/arm-none-eabi-gcc/12.3.1-1.2.1/.content/bin/../lib/gcc/arm-none-eabi/12.3.1/../../../../arm-none-eabi/lib/thumb/v7e-m+fp/hard\libc_nano.a(libc_a-findfp.o) (_fwalk_sglue)
c:/users/pw705/appdata/roaming/code/user/globalstorage/bmd.stm32-for-vscode/@xpack-dev-tools/arm-none-eabi-gcc/12.3.1-1.2.1/.content/bin/../lib/gcc/arm-none-eabi/12.3.1/../../../../arm-none-eabi/lib/thumb/v7e-m+fp/hard\libc_nano.a(libc_a-sprintf.o)
                              build/bsp_log.o (sprintf)
c:/users/pw705/appdata/roaming/code/user/globalstorage/bmd.stm32-for-vscode/@xpack-dev-tools/arm-none-eabi-gcc/12.3.1-1.2.1/.content/bin/../lib/gcc/arm-none-eabi/12.3.1/../../../../arm-none-eabi/lib/thumb/v7e-m+fp/hard\libc_nano.a(libc_a-stdio.o)
                              c:/users/pw705/appdata/roaming/code/user/globalstorage/bmd.stm32-for-vscode/@xpack-dev-tools/arm-none-eabi-gcc/12.3.1-1.2.1/.content/bin/../lib/gcc/arm-none-eabi/12.3.1/../../../../arm-none-eabi/lib/thumb/v7e-m+fp/hard\libc_nano.a(libc_a-findfp.o) (__sread)
c:/users/pw705/appdata/roaming/code/user/globalstorage/bmd.stm32-for-vscode/@xpack-dev-tools/arm-none-eabi-gcc/12.3.1-1.2.1/.content/bin/../lib/gcc/arm-none-eabi/12.3.1/../../../../arm-none-eabi/lib/thumb/v7e-m+fp/hard\libc_nano.a(libc_a-memset.o)
                              c:/users/pw705/appdata/roaming/code/user/globalstorage/bmd.stm32-for-vscode/@xpack-dev-tools/arm-none-eabi-gcc/12.3.1-1.2.1/.content/bin/../lib/gcc/arm-none-eabi/12.3.1/../../../../arm-none-eabi/lib/thumb/v7e-m+fp/hard/crt0.o (memset)
c:/users/pw705/appdata/roaming/code/user/globalstorage/bmd.stm32-for-vscode/@xpack-dev-tools/arm-none-eabi-gcc/12.3.1-1.2.1/.content/bin/../lib/gcc/arm-none-eabi/12.3.1/../../../../arm-none-eabi/lib/thumb/v7e-m+fp/hard\libc_nano.a(libc_a-closer.o)
                              c:/users/pw705/appdata/roaming/code/user/globalstorage/bmd.stm32-for-vscode/@xpack-dev-tools/arm-none-eabi-gcc/12.3.1-1.2.1/.content/bin/../lib/gcc/arm-none-eabi/12.3.1/../../../../arm-none-eabi/lib/thumb/v7e-m+fp/hard\libc_nano.a(libc_a-stdio.o) (_close_r)
c:/users/pw705/appdata/roaming/code/user/globalstorage/bmd.stm32-for-vscode/@xpack-dev-tools/arm-none-eabi-gcc/12.3.1-1.2.1/.content/bin/../lib/gcc/arm-none-eabi/12.3.1/../../../../arm-none-eabi/lib/thumb/v7e-m+fp/hard\libc_nano.a(libc_a-reent.o)
                              c:/users/pw705/appdata/roaming/code/user/globalstorage/bmd.stm32-for-vscode/@xpack-dev-tools/arm-none-eabi-gcc/12.3.1-1.2.1/.content/bin/../lib/gcc/arm-none-eabi/12.3.1/../../../../arm-none-eabi/lib/thumb/v7e-m+fp/hard\libc_nano.a(libc_a-closer.o) (errno)
c:/users/pw705/appdata/roaming/code/user/globalstorage/bmd.stm32-for-vscode/@xpack-dev-tools/arm-none-eabi-gcc/12.3.1-1.2.1/.content/bin/../lib/gcc/arm-none-eabi/12.3.1/../../../../arm-none-eabi/lib/thumb/v7e-m+fp/hard\libc_nano.a(libc_a-impure.o)
[...]
Memory Configuration

Name             Origin             Length             Attributes
RAM              0x20000000         0x00030000         xrw
CCMRAM           0x10000000         0x00010000         xrw
FLASH            0x08000000         0x00200000         xr
*default*        0x00000000         0xffffffff

Linker script and memory map

LOAD c:/users/pw705/appdata/roaming/code/user/globalstorage/bmd.stm32-for-vscode/@xpack-dev-tools/arm-none-eabi-gcc/12.3.1-1.2.1/.content/bin/../lib/gcc/arm-none-eabi/12.3.1/thumb/v7e-m+fp/hard/crti.o
LOAD c:/users/pw705/appdata/roaming/code/user/globalstorage/bmd.stm32-for-vscode/@xpack-dev-tools/arm-none-eabi-gcc/12.3.1-1.2.1/.content/bin/../lib/gcc/arm-none-eabi/12.3.1/thumb/v7e-m+fp/hard/crtbegin.o
LOAD c:/users/pw705/appdata/roaming/code/user/globalstorage/bmd.stm32-for-vscode/@xpack-dev-tools/arm-none-eabi-gcc/12.3.1-1.2.1/.content/bin/../lib/gcc/arm-none-eabi/12.3.1/../../../../arm-none-eabi/lib/thumb/v7e-m+fp/hard/crt0.o
LOAD build/stm32f4xx_hal.o
LOAD build/stm32f4xx_hal_can.o
LOAD build/stm32f4xx_hal_cortex.o
LOAD build/stm32f4xx_hal_dma.o
LOAD build/stm32f4xx_hal_dma_ex.o
LOAD build/stm32f4xx_hal_exti.o
LOAD build/stm32f4xx_hal_flash.o
LOAD build/stm32f4xx_hal_flash_ex.o
LOAD build/stm32f4xx_hal_flash_ramfunc.o
LOAD build/stm32f4xx_hal_gpio.o
LOAD build/stm32f4xx_hal_pwr.o
LOAD build/stm32f4xx_hal_pwr_ex.o
LOAD build/stm32f4xx_hal_rcc.o
LOAD build/stm32f4xx_hal_rcc_ex.o
LOAD build/stm32f4xx_hal_sd.o
LOAD build/stm32f4xx_hal_tim.o
LOAD build/stm32f4xx_hal_tim_ex.o
LOAD build/stm32f4xx_hal_uart.o
LOAD build/stm32f4xx_ll_sdmmc.o
LOAD build/SEGGER_RTT.o
LOAD build/SEGGER_RTT_printf.o
LOAD build/diskio.o
LOAD build/ff.o
LOAD build/ff_gen_drv.o
LOAD build/ccsbcs.o
LOAD build/syscall.o
LOAD build/bsp_driver_sd.o
LOAD build/bsp_log.o
LOAD build/can.o
LOAD build/dma.o
LOAD build/fatfs.o
LOAD build/fatfs_platform.o
LOAD build/gpio.o
LOAD build/main.o
LOAD build/sd_card.o
LOAD build/sd_diskio.o
LOAD build/sdio.o
LOAD build/stm32f4xx_hal_msp.o
LOAD build/stm32f4xx_hal_timebase_tim.o
LOAD build/stm32f4xx_it.o
LOAD build/system_stm32f4xx.o
LOAD build/usart.o
LOAD build/CAN_receive.o
LOAD build/bsp_can.o
LOAD build/remote.o
LOAD build/sbus.o
LOAD build/chasis.o
LOAD build/pid.o
LOAD build/startup_stm32f427xx.o
LOAD c:/users/pw705/appdata/roaming/code/user/globalstorage/bmd.stm32-for-vscode/@xpack-dev-tools/arm-none-eabi-gcc/12.3.1-1.2.1/.content/bin/../lib/gcc/arm-none-eabi/12.3.1/../../../../arm-none-eabi/lib/thumb/v7e-m+fp/hard\libc_nano.a
LOAD c:/users/pw705/appdata/roaming/code/user/globalstorage/bmd.stm32-for-vscode/@xpack-dev-tools/arm-none-eabi-gcc/12.3.1-1.2.1/.content/bin/../lib/gcc/arm-none-eabi/12.3.1/../../../../arm-none-eabi/lib/thumb/v7e-m+fp/hard\libm.a
LOAD c:/users/pw705/appdata/roaming/code/user/globalstorage/bmd.stm32-for-vscode/@xpack-dev-tools/arm-none-eabi-gcc/12.3.1-1.2.1/.content/bin/../lib/gcc/arm-none-eabi/12.3.1/../../../../arm-none-eabi/lib/thumb/v7e-m+fp/hard\libnosys.a
START GROUP
LOAD c:/users/pw705/appdata/roaming/code/user/globalstorage/bmd.stm32-for-vscode/@xpack-dev-tools/arm-none-eabi-gcc/12.3.1-1.2.1/.content/bin/../lib/gcc/arm-none-eabi/12.3.1/thumb/v7e-m+fp/hard\libgcc.a
LOAD c:/users/pw705/appdata/roaming/code/user/globalstorage/bmd.stm32-for-vscode/@xpack-dev-tools/arm-none-eabi-gcc/12.3.1-1.2.1/.content/bin/../lib/gcc/arm-none-eabi/12.3.1/../../../../arm-none-eabi/lib/thumb/v7e-m+fp/hard\libc_nano.a
END GROUP
START GROUP
LOAD c:/users/pw705/appdata/roaming/code/user/globalstorage/bmd.stm32-for-vscode/@xpack-dev-tools/arm-none-eabi-gcc/12.3.1-1.2.1/.content/bin/../lib/gcc/arm-none-eabi/12.3.1/thumb/v7e-m+fp/hard\libgcc.a
LOAD c:/users/pw705/appdata/roaming/code/user/globalstorage/bmd.stm32-for-vscode/@xpack-dev-tools/arm-none-eabi-gcc/12.3.1-1.2.1/.content/bin/../lib/gcc/arm-none-eabi/12.3.1/../../../../arm-none-eabi/lib/thumb/v7e-m+fp/hard\libc_nano.a
END GROUP
LOAD c:/users/pw705/appdata/roaming/code/user/globalstorage/bmd.stm32-for-vscode/@xpack-dev-tools/arm-none-eabi-gcc/12.3.1-1.2.1/.content/bin/../lib/gcc/arm-none-eabi/12.3.1/thumb/v7e-m+fp/hard/crtend.o
LOAD c:/users/pw705/appdata/roaming/code/user/globalstorage/bmd.stm32-for-vscode/@xpack-dev-tools/arm-none-eabi-gcc/12.3.1-1.2.1/.content/bin/../lib/gcc/arm-none-eabi/12.3.1/thumb/v7e-m+fp/hard/crtn.o
                0x20030000                        _estack = (ORIGIN (RAM) + LENGTH (RAM))
                0x00000200                        _Min_Heap_Size = 0x200
                0x00000400                        _Min_Stack_Size = 0x400

.isr_vector     0x08000000      0x1ac
                0x08000000                        . = ALIGN (0x4)
 *(.isr_vector)
 .isr_vector    0x08000000      0x1ac build/startup_stm32f427xx.o
                0x08000000                g_pfnVectors
                0x080001ac                        . = ALIGN (0x4)

.text           0x080001b0     0x4f78
                0x080001b0                        . = ALIGN (0x4)
 *(.text)
 .text          0x080001b0       0x30 c:/users/pw705/appdata/roaming/code/user/globalstorage/bmd.stm32-for-vscode/@xpack-dev-tools/arm-none-eabi-gcc/12.3.1-1.2.1/.content/bin/../lib/gcc/arm-none-eabi/12.3.1/thumb/v7e-m+fp/hard\libgcc.a(_aeabi_uldivmod.o)
                0x080001b0                __aeabi_uldivmod
 .text          0x080001e0        0x4 c:/users/pw705/appdata/roaming/code/user/globalstorage/bmd.stm32-for-vscode/@xpack-dev-tools/arm-none-eabi-gcc/12.3.1-1.2.1/.content/bin/../lib/gcc/arm-none-eabi/12.3.1/thumb/v7e-m+fp/hard\libgcc.a(_dvmd_tls.o)
                0x080001e0                __aeabi_idiv0
                0x080001e0                __aeabi_ldiv0
 *(.text*)
 .text.__do_global_dtors_aux
                0x080001e4       0x24 c:/users/pw705/appdata/roaming/code/user/globalstorage/bmd.stm32-for-vscode/@xpack-dev-tools/arm-none-eabi-gcc/12.3.1-1.2.1/.content/bin/../lib/gcc/arm-none-eabi/12.3.1/thumb/v7e-m+fp/hard/crtbegin.o
 .text.frame_dummy
                0x08000208       0x1c c:/users/pw705/appdata/roaming/code/user/globalstorage/bmd.stm32-for-vscode/@xpack-dev-tools/arm-none-eabi-gcc/12.3.1-1.2.1/.content/bin/../lib/gcc/arm-none-eabi/12.3.1/thumb/v7e-m+fp/hard/crtbegin.o
 .text.HAL_Init
                0x08000224       0x34 build/stm32f4xx_hal.o
                0x08000224                HAL_Init
 .text.HAL_IncTick
                0x08000258       0x18 build/stm32f4xx_hal.o
                0x08000258                HAL_IncTick
 .text.HAL_GetTick
                0x08000270        0xc build/stm32f4xx_hal.o
                0x08000270                HAL_GetTick
 .text.HAL_Delay
                0x0800027c       0x24 build/stm32f4xx_hal.o
                0x0800027c                HAL_Delay
 .text.HAL_CAN_Init
                0x080002a0      0x100 build/stm32f4xx_hal_can.o
                0x080002a0                HAL_CAN_Init
 .text.HAL_CAN_ConfigFilter
                0x080003a0      0x120 build/stm32f4xx_hal_can.o
                0x080003a0                HAL_CAN_ConfigFilter
 .text.HAL_CAN_Start
                0x080004c0       0x5c build/stm32f4xx_hal_can.o
                0x080004c0                HAL_CAN_Start
 .text.HAL_CAN_GetRxMessage
                0x0800051c       0xfc build/stm32f4xx_hal_can.o
                0x0800051c                HAL_CAN_GetRxMessage
 .text.HAL_CAN_ActivateNotification
                0x08000618       0x24 build/stm32f4xx_hal_can.o
                0x08000618                HAL_CAN_ActivateNotification
 .text.HAL_CAN_TxMailbox0CompleteCallback
                0x0800063c        0x4 build/stm32f4xx_hal_can.o
                0x0800063c                HAL_CAN_TxMailbox0CompleteCallback
 .text.HAL_CAN_TxMailbox1CompleteCallback
                0x08000640        0x4 build/stm32f4xx_hal_can.o
                0x08000640                HAL_CAN_TxMailbox1CompleteCallback
 .text.HAL_CAN_TxMailbox2CompleteCallback
                0x08000644        0x4 build/stm32f4xx_hal_can.o
                0x08000644                HAL_CAN_TxMailbox2CompleteCallback
 .text.HAL_CAN_TxMailbox0AbortCallback
                0x08000648        0x4 build/stm32f4xx_hal_can.o
                0x08000648                HAL_CAN_TxMailbox0AbortCallback
 .text.HAL_CAN_TxMailbox1AbortCallback
                0x0800064c        0x4 build/stm32f4xx_hal_can.o
                0x0800064c                HAL_CAN_TxMailbox1AbortCallback
 .text.HAL_CAN_TxMailbox2AbortCallback
                0x08000650        0x4 build/stm32f4xx_hal_can.o
                0x08000650                HAL_CAN_TxMailbox2AbortCallback
 .text.HAL_CAN_RxFifo0FullCallback
                0x08000654        0x4 build/stm32f4xx_hal_can.o
                0x08000654                HAL_CAN_RxFifo0FullCallback
 .text.HAL_CAN_RxFifo1MsgPendingCallback
                0x08000658        0x4 build/stm32f4xx_hal_can.o
                0x08000658                HAL_CAN_RxFifo1MsgPendingCallback
 .text.HAL_CAN_RxFifo1FullCallback
                0x0800065c        0x4 build/stm32f4xx_hal_can.o
                0x0800065c                HAL_CAN_RxFifo1FullCallback
 .text.HAL_CAN_SleepCallback
                0x08000660        0x4 build/stm32f4xx_hal_can.o
                0x08000660                HAL_CAN_SleepCallback
 .text.HAL_CAN_WakeUpFromRxMsgCallback
                0x08000664        0x4 build/stm32f4xx_hal_can.o
                0x08000664                HAL_CAN_WakeUpFromRxMsgCallback
 .text.HAL_CAN_ErrorCallback
                0x08000668        0x4 build/stm32f4xx_hal_can.o
                0x08000668                HAL_CAN_ErrorCallback
 .text.HAL_CAN_IRQHandler
                0x0800066c      0x2bc build/stm32f4xx_hal_can.o
                0x0800066c                HAL_CAN_IRQHandler
 .text.HAL_NVIC_SetPriorityGrouping
                0x08000928       0x24 build/stm32f4xx_hal_cortex.o
                0x08000928                HAL_NVIC_SetPriorityGrouping
 .text.HAL_NVIC_SetPriority
                0x0800094c       0x78 build/stm32f4xx_hal_cortex.o
                0x0800094c                HAL_NVIC_SetPriority
 .text.HAL_NVIC_EnableIRQ
                0x080009c4       0x1c build/stm32f4xx_hal_cortex.o
                0x080009c4                HAL_NVIC_EnableIRQ
 .text.HAL_DMA_Init
                0x080009e0      0x12c build/stm32f4xx_hal_dma.o
                0x080009e0                HAL_DMA_Init
 .text.HAL_DMA_Abort
                0x08000b0c       0x94 build/stm32f4xx_hal_dma.o
                0x08000b0c                HAL_DMA_Abort
 .text.HAL_DMA_Abort_IT
                0x08000ba0       0x24 build/stm32f4xx_hal_dma.o
                0x08000ba0                HAL_DMA_Abort_IT
 .text.HAL_DMA_IRQHandler
                0x08000bc4      0x1ac build/stm32f4xx_hal_dma.o
                0x08000bc4                HAL_DMA_IRQHandler
 .text.HAL_GPIO_Init
                0x08000d70      0x270 build/stm32f4xx_hal_gpio.o
                0x08000d70                HAL_GPIO_Init
 .text.HAL_GPIO_ReadPin
                0x08000fe0        0xc build/stm32f4xx_hal_gpio.o
                0x08000fe0                HAL_GPIO_ReadPin
 .text.HAL_GPIO_WritePin
                0x08000fec        0x8 build/stm32f4xx_hal_gpio.o
                0x08000fec                HAL_GPIO_WritePin
 .text.HAL_RCC_OscConfig
                0x08000ff4      0x3c4 build/stm32f4xx_hal_rcc.o
                0x08000ff4                HAL_RCC_OscConfig
 .text.HAL_RCC_GetSysClockFreq
                0x080013b8       0x68 build/stm32f4xx_hal_rcc.o
                0x080013b8                HAL_RCC_GetSysClockFreq
 .text.HAL_RCC_ClockConfig
                0x08001420      0x13c build/stm32f4xx_hal_rcc.o
                0x08001420                HAL_RCC_ClockConfig
 .text.HAL_RCC_GetPCLK1Freq
                0x0800155c       0x20 build/stm32f4xx_hal_rcc.o
                0x0800155c                HAL_RCC_GetPCLK1Freq
 .text.HAL_RCC_GetPCLK2Freq
                0x0800157c       0x20 build/stm32f4xx_hal_rcc.o
                0x0800157c                HAL_RCC_GetPCLK2Freq
 .text.HAL_RCC_GetClockConfig
                0x0800159c       0x44 build/stm32f4xx_hal_rcc.o
                0x0800159c                HAL_RCC_GetClockConfig
 .text.SD_FindSCR.constprop.0
                0x080015e0       0xd4 build/stm32f4xx_hal_sd.o
 .text.HAL_SD_ReadBlocks
                0x080016b4      0x1f8 build/stm32f4xx_hal_sd.o
                0x080016b4                HAL_SD_ReadBlocks
 .text.HAL_SD_WriteBlocks
                0x080018ac      0x1b8 build/stm32f4xx_hal_sd.o
                0x080018ac                HAL_SD_WriteBlocks
 .text.HAL_SD_ErrorCallback
                0x08001a64        0x4 build/stm32f4xx_hal_sd.o
                0x08001a64                HAL_SD_ErrorCallback
 .text.SD_DMATxAbort
                0x08001a68       0x64 build/stm32f4xx_hal_sd.o
 .text.HAL_SD_IRQHandler
                0x08001acc      0x250 build/stm32f4xx_hal_sd.o
                0x08001acc                HAL_SD_IRQHandler
 .text.SD_DMARxAbort
                0x08001d1c       0x64 build/stm32f4xx_hal_sd.o
 .text.HAL_SD_GetCardCSD
                0x08001d80      0x178 build/stm32f4xx_hal_sd.o
                0x08001d80                HAL_SD_GetCardCSD
 .text.HAL_SD_InitCard
                0x08001ef8      0x228 build/stm32f4xx_hal_sd.o
                0x08001ef8                HAL_SD_InitCard
 .text.HAL_SD_Init
                0x08002120       0x3c build/stm32f4xx_hal_sd.o
                0x08002120                HAL_SD_Init
 .text.HAL_SD_GetCardInfo
                0x0800215c       0x28 build/stm32f4xx_hal_sd.o
                0x0800215c                HAL_SD_GetCardInfo
 *fill*         0x08002184        0x4 
 .text.HAL_SD_ConfigWideBusOperation
                0x08002188      0x13c build/stm32f4xx_hal_sd.o
                0x08002188                HAL_SD_ConfigWideBusOperation
 .text.HAL_SD_GetCardState
                0x080022c4       0x28 build/stm32f4xx_hal_sd.o
                0x080022c4                HAL_SD_GetCardState
 .text.HAL_TIM_Base_MspInit
                0x080022ec        0x4 build/stm32f4xx_hal_tim.o
                0x080022ec                HAL_TIM_Base_MspInit
 .text.HAL_TIM_Base_Init
                0x080022f0      0x120 build/stm32f4xx_hal_tim.o
                0x080022f0                HAL_TIM_Base_Init
 .text.HAL_TIM_Base_Start_IT
                0x08002410       0x74 build/stm32f4xx_hal_tim.o
                0x08002410                HAL_TIM_Base_Start_IT
 .text.HAL_TIM_OC_DelayElapsedCallback
                0x08002484        0x4 build/stm32f4xx_hal_tim.o
                0x08002484                HAL_TIM_OC_DelayElapsedCallback
 .text.HAL_TIM_IC_CaptureCallback
                0x08002488        0x4 build/stm32f4xx_hal_tim.o
                0x08002488                HAL_TIM_IC_CaptureCallback
 .text.HAL_TIM_PWM_PulseFinishedCallback
                0x0800248c        0x4 build/stm32f4xx_hal_tim.o
                0x0800248c                HAL_TIM_PWM_PulseFinishedCallback
 .text.HAL_TIM_TriggerCallback
                0x08002490        0x4 build/stm32f4xx_hal_tim.o
                0x08002490                HAL_TIM_TriggerCallback
 .text.HAL_TIM_IRQHandler
                0x08002494      0x154 build/stm32f4xx_hal_tim.o
                0x08002494                HAL_TIM_IRQHandler
 .text.HAL_TIMEx_CommutCallback
                0x080025e8        0x4 build/stm32f4xx_hal_tim_ex.o
                0x080025e8                HAL_TIMEx_CommutCallback
 .text.HAL_TIMEx_BreakCallback
                0x080025ec        0x4 build/stm32f4xx_hal_tim_ex.o
                0x080025ec                HAL_TIMEx_BreakCallback
 .text.HAL_UART_Init
                0x080025f0      0x124 build/stm32f4xx_hal_uart.o
                0x080025f0                HAL_UART_Init
 .text.HAL_UARTEx_ReceiveToIdle_IT
                0x08002714       0x90 build/stm32f4xx_hal_uart.o
                0x08002714                HAL_UARTEx_ReceiveToIdle_IT
 .text.HAL_UART_TxCpltCallback
                0x080027a4        0x4 build/stm32f4xx_hal_uart.o
                0x080027a4                HAL_UART_TxCpltCallback
 .text.HAL_UART_RxCpltCallback
                0x080027a8        0x4 build/stm32f4xx_hal_uart.o
                0x080027a8                HAL_UART_RxCpltCallback
 .text.HAL_UART_ErrorCallback
                0x080027ac        0x4 build/stm32f4xx_hal_uart.o
                0x080027ac                HAL_UART_ErrorCallback
 .text.UART_DMAAbortOnError
                0x080027b0       0x10 build/stm32f4xx_hal_uart.o
 .text.UART_Receive_IT.part.0.isra.0
                0x080027c0       0xbc build/stm32f4xx_hal_uart.o
 .text.HAL_UART_IRQHandler
                0x0800287c      0x350 build/stm32f4xx_hal_uart.o
                0x0800287c                HAL_UART_IRQHandler
 .text.SDIO_Init
                0x08002bcc       0x38 build/stm32f4xx_ll_sdmmc.o
                0x08002bcc                SDIO_Init
 .text.SDIO_ReadFIFO
                0x08002c04        0x8 build/stm32f4xx_ll_sdmmc.o
                0x08002c04                SDIO_ReadFIFO
 .text.SDIO_WriteFIFO
                0x08002c0c        0xc build/stm32f4xx_ll_sdmmc.o
                0x08002c0c                SDIO_WriteFIFO
 .text.SDIO_PowerState_ON
                0x08002c18        0x8 build/stm32f4xx_ll_sdmmc.o
                0x08002c18                SDIO_PowerState_ON
 .text.SDIO_GetPowerState
                0x08002c20        0x8 build/stm32f4xx_ll_sdmmc.o
                0x08002c20                SDIO_GetPowerState
 .text.SDIO_GetResponse
                0x08002c28        0x8 build/stm32f4xx_ll_sdmmc.o
                0x08002c28                SDIO_GetResponse
 .text.SDIO_ConfigData
                0x08002c30       0x2c build/stm32f4xx_ll_sdmmc.o
                0x08002c30                SDIO_ConfigData
 .text.SDMMC_CmdBlockLength
                0x08002c5c      0x138 build/stm32f4xx_ll_sdmmc.o
                0x08002c5c                SDMMC_CmdBlockLength
 .text.SDMMC_CmdReadSingleBlock
                0x08002d94      0x13c build/stm32f4xx_ll_sdmmc.o
                0x08002d94                SDMMC_CmdReadSingleBlock
 .text.SDMMC_CmdReadMultiBlock
                0x08002ed0      0x13c build/stm32f4xx_ll_sdmmc.o
                0x08002ed0                SDMMC_CmdReadMultiBlock
 .text.SDMMC_CmdWriteSingleBlock
                0x0800300c      0x138 build/stm32f4xx_ll_sdmmc.o
                0x0800300c                SDMMC_CmdWriteSingleBlock
 .text.SDMMC_CmdWriteMultiBlock
                0x08003144      0x13c build/stm32f4xx_ll_sdmmc.o
                0x08003144                SDMMC_CmdWriteMultiBlock
 .text.SDMMC_CmdStopTransfer
                0x08003280      0x148 build/stm32f4xx_ll_sdmmc.o
                0x08003280                SDMMC_CmdStopTransfer
 .text.SDMMC_CmdSelDesel
                0x080033c8      0x13c build/stm32f4xx_ll_sdmmc.o
                0x080033c8                SDMMC_CmdSelDesel
 .text.SDMMC_CmdGoIdleState
                0x08003504       0x4c build/stm32f4xx_ll_sdmmc.o
                0x08003504                SDMMC_CmdGoIdleState
 .text.SDMMC_CmdOperCond
                0x08003550       0x78 build/stm32f4xx_ll_sdmmc.o
                0x08003550                SDMMC_CmdOperCond
 .text.SDMMC_CmdAppCommand
                0x080035c8      0x13c build/stm32f4xx_ll_sdmmc.o
                0x080035c8                SDMMC_CmdAppCommand
 .text.SDMMC_CmdAppOperCommand
                0x08003704       0x74 build/stm32f4xx_ll_sdmmc.o
                0x08003704                SDMMC_CmdAppOperCommand
 .text.SDMMC_CmdBusWidth
                0x08003778      0x13c build/stm32f4xx_ll_sdmmc.o
                0x08003778                SDMMC_CmdBusWidth
 .text.SDMMC_CmdSendSCR
                0x080038b4      0x140 build/stm32f4xx_ll_sdmmc.o
                0x080038b4                SDMMC_CmdSendSCR
 .text.SDMMC_CmdSendCID
                0x080039f4       0x70 build/stm32f4xx_ll_sdmmc.o
                0x080039f4                SDMMC_CmdSendCID
 .text.SDMMC_CmdSendCSD
                0x08003a64       0x78 build/stm32f4xx_ll_sdmmc.o
                0x08003a64                SDMMC_CmdSendCSD
 .text.SDMMC_CmdSetRelAdd
                0x08003adc       0xac build/stm32f4xx_ll_sdmmc.o
                0x08003adc                SDMMC_CmdSetRelAdd
 .text.SDMMC_CmdSendStatus
                0x08003b88      0x13c build/stm32f4xx_ll_sdmmc.o
                0x08003b88                SDMMC_CmdSendStatus
 .text.FATFS_LinkDriver
                0x08003cc4       0x48 build/ff_gen_drv.o
                0x08003cc4                FATFS_LinkDriver
 .text.BSP_SD_ReadBlocks
                0x08003d0c       0x24 build/bsp_driver_sd.o
                0x08003d0c                BSP_SD_ReadBlocks
 .text.BSP_SD_WriteBlocks
                0x08003d30       0x24 build/bsp_driver_sd.o
                0x08003d30                BSP_SD_WriteBlocks
 .text.BSP_SD_GetCardState
                0x08003d54       0x14 build/bsp_driver_sd.o
                0x08003d54                BSP_SD_GetCardState
 .text.BSP_SD_GetCardInfo
                0x08003d68        0xc build/bsp_driver_sd.o
                0x08003d68                BSP_SD_GetCardInfo
 .text.BSP_SD_AbortCallback
                0x08003d74        0x4 build/bsp_driver_sd.o
                0x08003d74                BSP_SD_AbortCallback
 .text.HAL_SD_AbortCallback
                0x08003d78        0x8 build/bsp_driver_sd.o
                0x08003d78                HAL_SD_AbortCallback
 .text.BSP_SD_WriteCpltCallback
                0x08003d80        0x4 build/bsp_driver_sd.o
                0x08003d80                BSP_SD_WriteCpltCallback
 .text.HAL_SD_TxCpltCallback
                0x08003d84        0x8 build/bsp_driver_sd.o
                0x08003d84                HAL_SD_TxCpltCallback
 .text.BSP_SD_ReadCpltCallback
                0x08003d8c        0x4 build/bsp_driver_sd.o
                0x08003d8c                BSP_SD_ReadCpltCallback
 .text.HAL_SD_RxCpltCallback
                0x08003d90        0x8 build/bsp_driver_sd.o
                0x08003d90                HAL_SD_RxCpltCallback
 .text.BSP_SD_IsDetected
                0x08003d98       0x20 build/bsp_driver_sd.o
                0x08003d98                BSP_SD_IsDetected
 .text.BSP_SD_Init
                0x08003db8       0x30 build/bsp_driver_sd.o
                0x08003db8                BSP_SD_Init
 .text.MX_CAN1_Init
                0x08003de8       0x38 build/can.o
                0x08003de8                MX_CAN1_Init
 .text.HAL_CAN_MspInit
                0x08003e20       0x8c build/can.o
                0x08003e20                HAL_CAN_MspInit
 .text.MX_DMA_Init
                0x08003eac       0x34 build/dma.o
                0x08003eac                MX_DMA_Init
 .text.MX_FATFS_Init
                0x08003ee0       0x1c build/fatfs.o
                0x08003ee0                MX_FATFS_Init
 .text.BSP_PlatformIsDetected
                0x08003efc       0x18 build/fatfs_platform.o
                0x08003efc                BSP_PlatformIsDetected
 .text.MX_GPIO_Init
                0x08003f14      0x11c build/gpio.o
                0x08003f14                MX_GPIO_Init
 .text.led_off  0x08004030       0x28 build/gpio.o
                0x08004030                led_off
 .text.SystemClock_Config
                0x08004058       0xa0 build/main.o
                0x08004058                SystemClock_Config
 .text.startup.main
                0x080040f8       0x44 build/main.o
                0x080040f8                main
 .text.HAL_TIM_PeriodElapsedCallback
                0x0800413c       0x14 build/main.o
                0x0800413c                HAL_TIM_PeriodElapsedCallback
 .text.Error_Handler
                0x08004150        0x4 build/main.o
                0x08004150                Error_Handler
 .text.SD_initialize
                0x08004154       0x30 build/sd_diskio.o
                0x08004154                SD_initialize
 .text.SD_status
                0x08004184       0x20 build/sd_diskio.o
                0x08004184                SD_status
 .text.SD_ioctl
                0x080041a4       0x60 build/sd_diskio.o
                0x080041a4                SD_ioctl
 .text.SD_read  0x08004204       0x28 build/sd_diskio.o
                0x08004204                SD_read
 .text.SD_write
                0x0800422c       0x28 build/sd_diskio.o
                0x0800422c                SD_write
 .text.MX_SDIO_SD_Init
                0x08004254       0x24 build/sdio.o
                0x08004254                MX_SDIO_SD_Init
 .text.HAL_SD_MspInit
                0x08004278       0xac build/sdio.o
                0x08004278                HAL_SD_MspInit
 .text.HAL_MspInit
                0x08004324       0x38 build/stm32f4xx_hal_msp.o
                0x08004324                HAL_MspInit
 .text.HAL_InitTick
                0x0800435c       0xa8 build/stm32f4xx_hal_timebase_tim.o
                0x0800435c                HAL_InitTick
 .text.NMI_Handler
                0x08004404        0x4 build/stm32f4xx_it.o
                0x08004404                NMI_Handler
 .text.HardFault_Handler
                0x08004408        0x4 build/stm32f4xx_it.o
                0x08004408                HardFault_Handler
 .text.MemManage_Handler
                0x0800440c        0x4 build/stm32f4xx_it.o
                0x0800440c                MemManage_Handler
 .text.BusFault_Handler
                0x08004410        0x4 build/stm32f4xx_it.o
                0x08004410                BusFault_Handler
 .text.UsageFault_Handler
                0x08004414        0x4 build/stm32f4xx_it.o
                0x08004414                UsageFault_Handler
 .text.SVC_Handler
                0x08004418        0x4 build/stm32f4xx_it.o
                0x08004418                SVC_Handler
 .text.DebugMon_Handler
                0x0800441c        0x4 build/stm32f4xx_it.o
                0x0800441c                DebugMon_Handler
 .text.PendSV_Handler
                0x08004420        0x4 build/stm32f4xx_it.o
                0x08004420                PendSV_Handler
 .text.SysTick_Handler
                0x08004424        0x4 build/stm32f4xx_it.o
                0x08004424                SysTick_Handler
 .text.CAN1_RX0_IRQHandler
                0x08004428        0xc build/stm32f4xx_it.o
                0x08004428                CAN1_RX0_IRQHandler
 .text.CAN1_RX1_IRQHandler
                0x08004434        0xc build/stm32f4xx_it.o
                0x08004434                CAN1_RX1_IRQHandler
 .text.USART1_IRQHandler
                0x08004440       0x14 build/stm32f4xx_it.o
                0x08004440                USART1_IRQHandler
 .text.TIM8_TRG_COM_TIM14_IRQHandler
                0x08004454        0xc build/stm32f4xx_it.o
                0x08004454                TIM8_TRG_COM_TIM14_IRQHandler
 .text.SDIO_IRQHandler
                0x08004460        0xc build/stm32f4xx_it.o
                0x08004460                SDIO_IRQHandler
 .text.DMA2_Stream2_IRQHandler
                0x0800446c        0xc build/stm32f4xx_it.o
                0x0800446c                DMA2_Stream2_IRQHandler
 .text.USART6_IRQHandler
                0x08004478        0xc build/stm32f4xx_it.o
                0x08004478                USART6_IRQHandler
 .text.SystemInit
                0x08004484       0x50 build/system_stm32f4xx.o
                0x08004484                SystemInit
 .text.MX_USART1_UART_Init
                0x080044d4       0x40 build/usart.o
                0x080044d4                MX_USART1_UART_Init
 .text.MX_USART6_UART_Init
                0x08004514       0x38 build/usart.o
                0x08004514                MX_USART6_UART_Init
 .text.HAL_UART_MspInit
                0x0800454c      0x12c build/usart.o
                0x0800454c                HAL_UART_MspInit
 .text.HAL_CAN_RxFifo0MsgPendingCallback
                0x08004678      0x114 build/CAN_receive.o
                0x08004678                HAL_CAN_RxFifo0MsgPendingCallback
 .text.can_filter_init
                0x0800478c       0x40 build/bsp_can.o
                0x0800478c                can_filter_init
 .text.HAL_UARTEx_RxEventCallback
                0x080047cc      0x1dc build/remote.o
                0x080047cc                HAL_UARTEx_RxEventCallback
 .text.parse_sbus
                0x080049a8      0x174 build/sbus.o
 .text.sbus_init
                0x08004b1c       0x60 build/sbus.o
                0x08004b1c                sbus_init
 .text.sbus_hook
                0x08004b7c       0x80 build/sbus.o
                0x08004b7c                sbus_hook
 .text.motor_data_init
                0x08004bfc       0xa8 build/chasis.o
                0x08004bfc                motor_data_init
 *fill*         0x08004ca4        0x4 
 .text.f_PID_param_init
                0x08004ca8       0x70 build/pid.o
 .text.f_PID_reset
                0x08004d18       0x1c build/pid.o
 *fill*         0x08004d34        0x4 
 .text.PID_Init
                0x08004d38       0x80 build/pid.o
                0x08004d38                PID_Init
 .text.Reset_Handler
                0x08004db8       0x50 build/startup_stm32f427xx.o
                0x08004db8                Reset_Handler
 .text.Default_Handler
                0x08004e08        0x2 build/startup_stm32f427xx.o
                0x08004e08                RTC_Alarm_IRQHandler
                0x08004e08                HASH_RNG_IRQHandler
                0x08004e08                EXTI2_IRQHandler
                0x08004e08                TIM8_CC_IRQHandler
                0x08004e08                UART8_IRQHandler
                0x08004e08                SPI4_IRQHandler
                0x08004e08                TIM1_CC_IRQHandler
                0x08004e08                DMA2_Stream5_IRQHandler
                0x08004e08                DMA1_Stream5_IRQHandler
                0x08004e08                PVD_IRQHandler
                0x08004e08                TAMP_STAMP_IRQHandler
                0x08004e08                CAN2_RX1_IRQHandler
                0x08004e08                EXTI3_IRQHandler
                0x08004e08                TIM1_UP_TIM10_IRQHandler
                0x08004e08                TIM8_UP_TIM13_IRQHandler
                0x08004e08                I2C3_ER_IRQHandler
                0x08004e08                EXTI0_IRQHandler
                0x08004e08                I2C2_EV_IRQHandler
                0x08004e08                DMA1_Stream2_IRQHandler
                0x08004e08                FPU_IRQHandler
                0x08004e08                OTG_HS_WKUP_IRQHandler
                0x08004e08                CAN2_SCE_IRQHandler
                0x08004e08                SPI1_IRQHandler
                0x08004e08                TIM6_DAC_IRQHandler
                0x08004e08                TIM1_BRK_TIM9_IRQHandler
                0x08004e08                DCMI_IRQHandler
                0x08004e08                CAN2_RX0_IRQHandler
                0x08004e08                DMA2_Stream3_IRQHandler
                0x08004e08                USART3_IRQHandler
                0x08004e08                UART5_IRQHandler
                0x08004e08                DMA2_Stream0_IRQHandler
                0x08004e08                TIM4_IRQHandler
                0x08004e08                I2C1_EV_IRQHandler
                0x08004e08                DMA1_Stream6_IRQHandler
                0x08004e08                DMA1_Stream1_IRQHandler
                0x08004e08                UART4_IRQHandler
                0x08004e08                TIM3_IRQHandler
                0x08004e08                RCC_IRQHandler
                0x08004e08                TIM8_BRK_TIM12_IRQHandler
                0x08004e08                Default_Handler
                0x08004e08                EXTI15_10_IRQHandler
                0x08004e08                ADC_IRQHandler
                0x08004e08                DMA1_Stream7_IRQHandler
                0x08004e08                SPI5_IRQHandler
                0x08004e08                TIM7_IRQHandler
                0x08004e08                CAN2_TX_IRQHandler
                0x08004e08                TIM5_IRQHandler
                0x08004e08                DMA2_Stream7_IRQHandler
                0x08004e08                I2C3_EV_IRQHandler
                0x08004e08                EXTI9_5_IRQHandler
                0x08004e08                RTC_WKUP_IRQHandler
                0x08004e08                ETH_WKUP_IRQHandler
                0x08004e08                SPI2_IRQHandler
                0x08004e08                OTG_HS_EP1_IN_IRQHandler
                0x08004e08                DMA1_Stream0_IRQHandler
                0x08004e08                CAN1_TX_IRQHandler
                0x08004e08                EXTI4_IRQHandler
                0x08004e08                ETH_IRQHandler
                0x08004e08                OTG_HS_EP1_OUT_IRQHandler
                0x08004e08                WWDG_IRQHandler
                0x08004e08                SPI6_IRQHandler
                0x08004e08                TIM2_IRQHandler
                0x08004e08                OTG_FS_WKUP_IRQHandler
                0x08004e08                TIM1_TRG_COM_TIM11_IRQHandler
                0x08004e08                OTG_HS_IRQHandler
                0x08004e08                DMA2D_IRQHandler
                0x08004e08                EXTI1_IRQHandler
                0x08004e08                UART7_IRQHandler
                0x08004e08                USART2_IRQHandler
                0x08004e08                I2C2_ER_IRQHandler
                0x08004e08                DMA2_Stream1_IRQHandler
                0x08004e08                CAN1_SCE_IRQHandler
                0x08004e08                FLASH_IRQHandler
                0x08004e08                DMA2_Stream4_IRQHandler
                0x08004e08                OTG_FS_IRQHandler
                0x08004e08                SPI3_IRQHandler
                0x08004e08                DMA1_Stream4_IRQHandler
                0x08004e08                I2C1_ER_IRQHandler
                0x08004e08                FMC_IRQHandler
                0x08004e08                DMA2_Stream6_IRQHandler
                0x08004e08                SAI1_IRQHandler
                0x08004e08                DMA1_Stream3_IRQHandler
 *fill*         0x08004e0a        0x2 
 .text.__libc_init_array
                0x08004e0c       0x48 c:/users/pw705/appdata/roaming/code/user/globalstorage/bmd.stm32-for-vscode/@xpack-dev-tools/arm-none-eabi-gcc/12.3.1-1.2.1/.content/bin/../lib/gcc/arm-none-eabi/12.3.1/../../../../arm-none-eabi/lib/thumb/v7e-m+fp/hard\libc_nano.a(libc_a-init.o)
                0x08004e0c                __libc_init_array
 .text.__udivmoddi4
                0x08004e54      0x2bc c:/users/pw705/appdata/roaming/code/user/globalstorage/bmd.stm32-for-vscode/@xpack-dev-tools/arm-none-eabi-gcc/12.3.1-1.2.1/.content/bin/../lib/gcc/arm-none-eabi/12.3.1/thumb/v7e-m+fp/hard\libgcc.a(_udivmoddi4.o)
                0x08004e54                __udivmoddi4
 *(.glue_7)
 .glue_7        0x08005110        0x0 linker stubs
 *(.glue_7t)
 .glue_7t       0x08005110        0x0 linker stubs
 *(.eh_frame)
 .eh_frame      0x08005110        0x0 c:/users/pw705/appdata/roaming/code/user/globalstorage/bmd.stm32-for-vscode/@xpack-dev-tools/arm-none-eabi-gcc/12.3.1-1.2.1/.content/bin/../lib/gcc/arm-none-eabi/12.3.1/thumb/v7e-m+fp/hard/crtbegin.o
 *(.init)
 .init          0x08005110        0x4 c:/users/pw705/appdata/roaming/code/user/globalstorage/bmd.stm32-for-vscode/@xpack-dev-tools/arm-none-eabi-gcc/12.3.1-1.2.1/.content/bin/../lib/gcc/arm-none-eabi/12.3.1/thumb/v7e-m+fp/hard/crti.o
                0x08005110                _init
 .init          0x08005114        0x8 c:/users/pw705/appdata/roaming/code/user/globalstorage/bmd.stm32-for-vscode/@xpack-dev-tools/arm-none-eabi-gcc/12.3.1-1.2.1/.content/bin/../lib/gcc/arm-none-eabi/12.3.1/thumb/v7e-m+fp/hard/crtn.o
 *(.fini)
 .fini          0x0800511c        0x4 c:/users/pw705/appdata/roaming/code/user/globalstorage/bmd.stm32-for-vscode/@xpack-dev-tools/arm-none-eabi-gcc/12.3.1-1.2.1/.content/bin/../lib/gcc/arm-none-eabi/12.3.1/thumb/v7e-m+fp/hard/crti.o
                0x0800511c                _fini
 .fini          0x08005120        0x8 c:/users/pw705/appdata/roaming/code/user/globalstorage/bmd.stm32-for-vscode/@xpack-dev-tools/arm-none-eabi-gcc/12.3.1-1.2.1/.content/bin/../lib/gcc/arm-none-eabi/12.3.1/thumb/v7e-m+fp/hard/crtn.o
                0x08005128                        . = ALIGN (0x4)
                0x08005128                        _etext = .

.vfp11_veneer   0x08005128        0x0
 .vfp11_veneer  0x08005128        0x0 linker stubs

.v4_bx          0x08005128        0x0
 .v4_bx         0x08005128        0x0 linker stubs

.iplt           0x08005128        0x0
 .iplt          0x08005128        0x0 c:/users/pw705/appdata/roaming/code/user/globalstorage/bmd.stm32-for-vscode/@xpack-dev-tools/arm-none-eabi-gcc/12.3.1-1.2.1/.content/bin/../lib/gcc/arm-none-eabi/12.3.1/thumb/v7e-m+fp/hard/crtbegin.o

.rodata         0x08005128       0x34
                0x08005128                        . = ALIGN (0x4)
 *(.rodata)
 *(.rodata*)
 .rodata.flagBitshiftOffset.0
                0x08005128        0x8 build/stm32f4xx_hal_dma.o
 .rodata.SD_Driver
                0x08005130       0x14 build/sd_diskio.o
                0x08005130                SD_Driver
 .rodata.APBPrescTable
                0x08005144        0x8 build/system_stm32f4xx.o
                0x08005144                APBPrescTable
 .rodata.AHBPrescTable
                0x0800514c       0x10 build/system_stm32f4xx.o
                0x0800514c                AHBPrescTable
                0x0800515c                        . = ALIGN (0x4)

.ARM.extab
 *(.ARM.extab* .gnu.linkonce.armextab.*)

.ARM            0x0800515c        0x8
                0x0800515c                        __exidx_start = .
 *(.ARM.exidx*)
 .ARM.exidx.text.__udivmoddi4
                0x0800515c        0x8 c:/users/pw705/appdata/roaming/code/user/globalstorage/bmd.stm32-for-vscode/@xpack-dev-tools/arm-none-eabi-gcc/12.3.1-1.2.1/.content/bin/../lib/gcc/arm-none-eabi/12.3.1/thumb/v7e-m+fp/hard\libgcc.a(_udivmoddi4.o)
                0x08005164                        __exidx_end = .

.rel.dyn        0x08005164        0x0
 .rel.iplt      0x08005164        0x0 c:/users/pw705/appdata/roaming/code/user/globalstorage/bmd.stm32-for-vscode/@xpack-dev-tools/arm-none-eabi-gcc/12.3.1-1.2.1/.content/bin/../lib/gcc/arm-none-eabi/12.3.1/thumb/v7e-m+fp/hard/crtbegin.o

.preinit_array  0x08005164        0x0
                0x08005164                        PROVIDE (__preinit_array_start = .)
 *(.preinit_array*)
                0x08005164                        PROVIDE (__preinit_array_end = .)

.init_array     0x08005164        0x4
                0x08005164                        PROVIDE (__init_array_start = .)
 *(SORT_BY_NAME(.init_array.*))
 *(.init_array*)
 .init_array    0x08005164        0x4 c:/users/pw705/appdata/roaming/code/user/globalstorage/bmd.stm32-for-vscode/@xpack-dev-tools/arm-none-eabi-gcc/12.3.1-1.2.1/.content/bin/../lib/gcc/arm-none-eabi/12.3.1/thumb/v7e-m+fp/hard/crtbegin.o
                0x08005168                        PROVIDE (__init_array_end = .)

.fini_array     0x08005168        0x4
                0x08005168                        PROVIDE (__fini_array_start = .)
 *(SORT_BY_NAME(.fini_array.*))
 *(.fini_array*)
 .fini_array    0x08005168        0x4 c:/users/pw705/appdata/roaming/code/user/globalstorage/bmd.stm32-for-vscode/@xpack-dev-tools/arm-none-eabi-gcc/12.3.1-1.2.1/.content/bin/../lib/gcc/arm-none-eabi/12.3.1/thumb/v7e-m+fp/hard/crtbegin.o
                0x0800516c                        PROVIDE (__fini_array_end = .)
                0x0800516c                        _sidata = LOADADDR (.data)

.data           0x20000000       0x10 load address 0x0800516c
                0x20000000                        . = ALIGN (0x4)
                0x20000000                        _sdata = .
 *(.data)
 *(.data*)
 .data.uwTickFreq
                0x20000000        0x1 build/stm32f4xx_hal.o
                0x20000000                uwTickFreq
 *fill*         0x20000001        0x3 
 .data.uwTickPrio
                0x20000004        0x4 build/stm32f4xx_hal.o
                0x20000004                uwTickPrio
 .data.Stat     0x20000008        0x1 build/sd_diskio.o
 *fill*         0x20000009        0x3 
 .data.SystemCoreClock
                0x2000000c        0x4 build/system_stm32f4xx.o
                0x2000000c                SystemCoreClock
                0x20000010                        . = ALIGN (0x4)
                0x20000010                        _edata = .
                0x0800517c                        _siccmram = LOADADDR (.ccmram)

.igot.plt       0x20000010        0x0 load address 0x0800517c
 .igot.plt      0x20000010        0x0 c:/users/pw705/appdata/roaming/code/user/globalstorage/bmd.stm32-for-vscode/@xpack-dev-tools/arm-none-eabi-gcc/12.3.1-1.2.1/.content/bin/../lib/gcc/arm-none-eabi/12.3.1/thumb/v7e-m+fp/hard/crtbegin.o

.ccmram         0x10000000        0x0 load address 0x0800517c
                0x10000000                        . = ALIGN (0x4)
                0x10000000                        _sccmram = .
 *(.ccmram)
 *(.ccmram*)
                0x10000000                        . = ALIGN (0x4)
                0x10000000                        _eccmram = .
                0x10000000                        . = ALIGN (0x4)

.bss            0x20000010      0x7d8
                0x20000010                        _sbss = .
                0x20000010                        __bss_start__ = _sbss
 *(.bss)
 *(.bss*)
 .bss.completed.1
                0x20000010        0x1 c:/users/pw705/appdata/roaming/code/user/globalstorage/bmd.stm32-for-vscode/@xpack-dev-tools/arm-none-eabi-gcc/12.3.1-1.2.1/.content/bin/../lib/gcc/arm-none-eabi/12.3.1/thumb/v7e-m+fp/hard/crtbegin.o
 *fill*         0x20000011        0x3 
 .bss.object.0  0x20000014       0x18 c:/users/pw705/appdata/roaming/code/user/globalstorage/bmd.stm32-for-vscode/@xpack-dev-tools/arm-none-eabi-gcc/12.3.1-1.2.1/.content/bin/../lib/gcc/arm-none-eabi/12.3.1/thumb/v7e-m+fp/hard/crtbegin.o
 .bss.uwTick    0x2000002c        0x4 build/stm32f4xx_hal.o
                0x2000002c                uwTick
 .bss.disk      0x20000030        0xc build/ff_gen_drv.o
                0x20000030                disk
 .bss.hcan1     0x2000003c       0x28 build/can.o
                0x2000003c                hcan1
 .bss.SDPath    0x20000064        0x4 build/fatfs.o
                0x20000064                SDPath
 .bss.retSD     0x20000068        0x1 build/fatfs.o
                0x20000068                retSD
 *fill*         0x20000069        0x7 
 .bss.hsd       0x20000070       0x84 build/sdio.o
                0x20000070                hsd
 .bss.htim14    0x200000f4       0x48 build/stm32f4xx_hal_timebase_tim.o
                0x200000f4                htim14
 .bss.hdma_usart1_rx
                0x2000013c       0x60 build/usart.o
                0x2000013c                hdma_usart1_rx
 *fill*         0x2000019c        0x4 
 .bss.huart6    0x200001a0       0x44 build/usart.o
                0x200001a0                huart6
 *fill*         0x200001e4        0x4 
 .bss.huart1    0x200001e8       0x44 build/usart.o
                0x200001e8                huart1
 .bss.motor_chassis
                0x2000022c       0x28 build/CAN_receive.o
                0x2000022c                motor_chassis
 *fill*         0x20000254        0x4 
 .bss.sbus      0x20000258       0x20 build/remote.o
                0x20000258                sbus
 .bss.connect_flag
                0x20000278        0x1 build/remote.o
                0x20000278                connect_flag
 *fill*         0x20000279        0x3 
 .bss.sbus_rx_buf
                0x2000027c       0x19 build/remote.o
                0x2000027c                sbus_rx_buf
 .bss.sbus_rx_sta
                0x20000295        0x1 build/remote.o
                0x20000295                sbus_rx_sta
 *fill*         0x20000296        0x2 
 .bss.SBUS_rx_buf
                0x20000298       0x64 build/sbus.o
 .bss.SBUS_CHANNEL
                0x200002fc       0x28 build/sbus.o
                0x200002fc                SBUS_CHANNEL
 *fill*         0x20000324        0x4 
 .bss.motor_3508
                0x20000328      0x4c0 build/chasis.o
                0x20000328                motor_3508
 *(COMMON)
                0x200007e8                        . = ALIGN (0x4)
                0x200007e8                        _ebss = .
                0x200007e8                        __bss_end__ = _ebss

._user_heap_stack
                0x200007e8      0x600
                0x200007e8                        . = ALIGN (0x8)
                0x200007e8                        PROVIDE (end = .)
                [!provide]                        PROVIDE (_end = .)
                0x200009e8                        . = (. + _Min_Heap_Size)
 *fill*         0x200007e8      0x200 
                0x20000de8                        . = (. + _Min_Stack_Size)
 *fill*         0x200009e8      0x400 
                0x20000de8                        . = ALIGN (0x8)

/DISCARD/
 libc.a(*)
 libm.a(*)
 libgcc.a(*)

.ARM.attributes
                0x00000000       0x30
 *(.ARM.attributes)
 .ARM.attributes
                0x00000000       0x22 c:/users/pw705/appdata/roaming/code/user/globalstorage/bmd.stm32-for-vscode/@xpack-dev-tools/arm-none-eabi-gcc/12.3.1-1.2.1/.content/bin/../lib/gcc/arm-none-eabi/12.3.1/thumb/v7e-m+fp/hard/crti.o
 .ARM.attributes
                0x00000022       0x34 c:/users/pw705/appdata/roaming/code/user/globalstorage/bmd.stm32-for-vscode/@xpack-dev-tools/arm-none-eabi-gcc/12.3.1-1.2.1/.content/bin/../lib/gcc/arm-none-eabi/12.3.1/thumb/v7e-m+fp/hard/crtbegin.o
 .ARM.attributes
                0x00000056       0x34 build/stm32f4xx_hal.o
 .ARM.attributes
                0x0000008a       0x34 build/stm32f4xx_hal_can.o
 .ARM.attributes
                0x000000be       0x34 build/stm32f4xx_hal_cortex.o
 .ARM.attributes
                0x000000f2       0x34 build/stm32f4xx_hal_dma.o
 .ARM.attributes
                0x00000126       0x34 build/stm32f4xx_hal_gpio.o
 .ARM.attributes
                0x0000015a       0x34 build/stm32f4xx_hal_rcc.o
 .ARM.attributes
                0x0000018e       0x34 build/stm32f4xx_hal_sd.o
 .ARM.attributes
                0x000001c2       0x34 build/stm32f4xx_hal_tim.o
 .ARM.attributes
                0x000001f6       0x34 build/stm32f4xx_hal_tim_ex.o
 .ARM.attributes
                0x0000022a       0x34 build/stm32f4xx_hal_uart.o
 .ARM.attributes
                0x0000025e       0x34 build/stm32f4xx_ll_sdmmc.o
 .ARM.attributes
                0x00000292       0x34 build/ff_gen_drv.o
 .ARM.attributes
                0x000002c6       0x34 build/bsp_driver_sd.o
 .ARM.attributes
                0x000002fa       0x34 build/can.o
 .ARM.attributes
                0x0000032e       0x34 build/dma.o
 .ARM.attributes
                0x00000362       0x34 build/fatfs.o
 .ARM.attributes
                0x00000396       0x34 build/fatfs_platform.o
 .ARM.attributes
                0x000003ca       0x34 build/gpio.o
 .ARM.attributes
                0x000003fe       0x34 build/main.o
 .ARM.attributes
                0x00000432       0x34 build/sd_diskio.o
 .ARM.attributes
                0x00000466       0x34 build/sdio.o
 .ARM.attributes
                0x0000049a       0x34 build/stm32f4xx_hal_msp.o
 .ARM.attributes
                0x000004ce       0x34 build/stm32f4xx_hal_timebase_tim.o
 .ARM.attributes
                0x00000502       0x34 build/stm32f4xx_it.o
 .ARM.attributes
                0x00000536       0x34 build/system_stm32f4xx.o
 .ARM.attributes
                0x0000056a       0x34 build/usart.o
 .ARM.attributes
                0x0000059e       0x34 build/CAN_receive.o
 .ARM.attributes
                0x000005d2       0x34 build/bsp_can.o
 .ARM.attributes
                0x00000606       0x34 build/remote.o
 .ARM.attributes
                0x0000063a       0x34 build/sbus.o
 .ARM.attributes
                0x0000066e       0x34 build/chasis.o
 .ARM.attributes
                0x000006a2       0x34 build/pid.o
 .ARM.attributes
                0x000006d6       0x21 build/startup_stm32f427xx.o
 .ARM.attributes
                0x000006f7       0x34 c:/users/pw705/appdata/roaming/code/user/globalstorage/bmd.stm32-for-vscode/@xpack-dev-tools/arm-none-eabi-gcc/12.3.1-1.2.1/.content/bin/../lib/gcc/arm-none-eabi/12.3.1/../../../../arm-none-eabi/lib/thumb/v7e-m+fp/hard\libc_nano.a(libc_a-init.o)
 .ARM.attributes
                0x0000072b       0x22 c:/users/pw705/appdata/roaming/code/user/globalstorage/bmd.stm32-for-vscode/@xpack-dev-tools/arm-none-eabi-gcc/12.3.1-1.2.1/.content/bin/../lib/gcc/arm-none-eabi/12.3.1/thumb/v7e-m+fp/hard\libgcc.a(_aeabi_uldivmod.o)
 .ARM.attributes
                0x0000074d       0x34 c:/users/pw705/appdata/roaming/code/user/globalstorage/bmd.stm32-for-vscode/@xpack-dev-tools/arm-none-eabi-gcc/12.3.1-1.2.1/.content/bin/../lib/gcc/arm-none-eabi/12.3.1/thumb/v7e-m+fp/hard\libgcc.a(_udivmoddi4.o)
 .ARM.attributes
                0x00000781       0x22 c:/users/pw705/appdata/roaming/code/user/globalstorage/bmd.stm32-for-vscode/@xpack-dev-tools/arm-none-eabi-gcc/12.3.1-1.2.1/.content/bin/../lib/gcc/arm-none-eabi/12.3.1/thumb/v7e-m+fp/hard\libgcc.a(_dvmd_tls.o)
 .ARM.attributes
                0x000007a3       0x22 c:/users/pw705/appdata/roaming/code/user/globalstorage/bmd.stm32-for-vscode/@xpack-dev-tools/arm-none-eabi-gcc/12.3.1-1.2.1/.content/bin/../lib/gcc/arm-none-eabi/12.3.1/thumb/v7e-m+fp/hard/crtn.o
OUTPUT(build/SDCard.elf elf32-littlearm)
LOAD linker stubs
LOAD c:/users/pw705/appdata/roaming/code/user/globalstorage/bmd.stm32-for-vscode/@xpack-dev-tools/arm-none-eabi-gcc/12.3.1-1.2.1/.content/bin/../lib/gcc/arm-none-eabi/12.3.1/../../../../arm-none-eabi/lib/thumb/v7e-m+fp/hard\libc.a
LOAD c:/users/pw705/appdata/roaming/code/user/globalstorage/bmd.stm32-for-vscode/@xpack-dev-tools/arm-none-eabi-gcc/12.3.1-1.2.1/.content/bin/../lib/gcc/arm-none-eabi/12.3.1/../../../../arm-none-eabi/lib/thumb/v7e-m+fp/hard\libm.a
LOAD c:/users/pw705/appdata/roaming/code/user/globalstorage/bmd.stm32-for-vscode/@xpack-dev-tools/arm-none-eabi-gcc/12.3.1-1.2.1/.content/bin/../lib/gcc/arm-none-eabi/12.3.1/thumb/v7e-m+fp/hard\libgcc.a

.comment        0x00000000       0x39
 .comment       0x00000000       0x39 c:/users/pw705/appdata/roaming/code/user/globalstorage/bmd.stm32-for-vscode/@xpack-dev-tools/arm-none-eabi-gcc/12.3.1-1.2.1/.content/bin/../lib/gcc/arm-none-eabi/12.3.1/thumb/v7e-m+fp/hard/crtbegin.o
                                 0x3a (size before relaxing)
 .comment       0x00000039       0x3a build/stm32f4xx_hal.o
 .comment       0x00000039       0x3a build/stm32f4xx_hal_can.o
 .comment       0x00000039       0x3a build/stm32f4xx_hal_cortex.o
 .comment       0x00000039       0x3a build/stm32f4xx_hal_dma.o
 .comment       0x00000039       0x3a build/stm32f4xx_hal_gpio.o
 .comment       0x00000039       0x3a build/stm32f4xx_hal_rcc.o
 .comment       0x00000039       0x3a build/stm32f4xx_hal_sd.o
 .comment       0x00000039       0x3a build/stm32f4xx_hal_tim.o
 .comment       0x00000039       0x3a build/stm32f4xx_hal_tim_ex.o
 .comment       0x00000039       0x3a build/stm32f4xx_hal_uart.o
 .comment       0x00000039       0x3a build/stm32f4xx_ll_sdmmc.o
 .comment       0x00000039       0x3a build/ff_gen_drv.o
 .comment       0x00000039       0x3a build/bsp_driver_sd.o
 .comment       0x00000039       0x3a build/can.o
 .comment       0x00000039       0x3a build/dma.o
 .comment       0x00000039       0x3a build/fatfs.o
 .comment       0x00000039       0x3a build/fatfs_platform.o
 .comment       0x00000039       0x3a build/gpio.o
 .comment       0x00000039       0x3a build/main.o
 .comment       0x00000039       0x3a build/sd_diskio.o
 .comment       0x00000039       0x3a build/sdio.o
 .comment       0x00000039       0x3a build/stm32f4xx_hal_msp.o
 .comment       0x00000039       0x3a build/stm32f4xx_hal_timebase_tim.o
 .comment       0x00000039       0x3a build/stm32f4xx_it.o
 .comment       0x00000039       0x3a build/system_stm32f4xx.o
 .comment       0x00000039       0x3a build/usart.o
 .comment       0x00000039       0x3a build/CAN_receive.o
 .comment       0x00000039       0x3a build/bsp_can.o
 .comment       0x00000039       0x3a build/remote.o
 .comment       0x00000039       0x3a build/sbus.o
 .comment       0x00000039       0x3a build/chasis.o
 .comment       0x00000039       0x3a build/pid.o
 .comment       0x00000039       0x3a c:/users/pw705/appdata/roaming/code/user/globalstorage/bmd.stm32-for-vscode/@xpack-dev-tools/arm-none-eabi-gcc/12.3.1-1.2.1/.content/bin/../lib/gcc/arm-none-eabi/12.3.1/../../../../arm-none-eabi/lib/thumb/v7e-m+fp/hard\libc_nano.a(libc_a-init.o)
 .comment       0x00000039       0x3a c:/users/pw705/appdata/roaming/code/user/globalstorage/bmd.stm32-for-vscode/@xpack-dev-tools/arm-none-eabi-gcc/12.3.1-1.2.1/.content/bin/../lib/gcc/arm-none-eabi/12.3.1/thumb/v7e-m+fp/hard\libgcc.a(_udivmoddi4.o)

.debug_info     0x00000000    0x21507
 .debug_info    0x00000000      0xa86 build/stm32f4xx_hal.o
 .debug_info    0x00000a86     0x1144 build/stm32f4xx_hal_can.o
 .debug_info    0x00001bca     0x1007 build/stm32f4xx_hal_cortex.o
 .debug_info    0x00002bd1      0xb1e build/stm32f4xx_hal_dma.o
 .debug_info    0x000036ef      0x720 build/stm32f4xx_hal_gpio.o
 .debug_info    0x00003e0f      0xaeb build/stm32f4xx_hal_rcc.o
 .debug_info    0x000048fa     0x292f build/stm32f4xx_hal_sd.o
 .debug_info    0x00007229     0x4dc8 build/stm32f4xx_hal_tim.o
 .debug_info    0x0000bff1     0x1bb3 build/stm32f4xx_hal_tim_ex.o
 .debug_info    0x0000dba4     0x4930 build/stm32f4xx_hal_uart.o
 .debug_info    0x000124d4     0x3382 build/stm32f4xx_ll_sdmmc.o
 .debug_info    0x00015856      0x5a4 build/ff_gen_drv.o
 .debug_info    0x00015dfa      0xc8b build/bsp_driver_sd.o
 .debug_info    0x00016a85      0xbe0 build/can.o
 .debug_info    0x00017665      0x519 build/dma.o
 .debug_info    0x00017b7e      0x50b build/fatfs.o
 .debug_info    0x00018089      0x1e7 build/fatfs_platform.o
 .debug_info    0x00018270      0x5da build/gpio.o
 .debug_info    0x0001884a      0xbe9 build/main.o
 .debug_info    0x00019433      0x6a0 build/sd_diskio.o
 .debug_info    0x00019ad3      0xd88 build/sdio.o
 .debug_info    0x0001a85b      0x279 build/stm32f4xx_hal_msp.o
 .debug_info    0x0001aad4      0xccd build/stm32f4xx_hal_timebase_tim.o
 .debug_info    0x0001b7a1     0x11a9 build/stm32f4xx_it.o
 .debug_info    0x0001c94a      0x543 build/system_stm32f4xx.o
 .debug_info    0x0001ce8d      0xdaf build/usart.o
 .debug_info    0x0001dc3c      0xb33 build/CAN_receive.o
 .debug_info    0x0001e76f      0x5ce build/bsp_can.o
 .debug_info    0x0001ed3d      0x7b8 build/remote.o
 .debug_info    0x0001f4f5      0x68e build/sbus.o
 .debug_info    0x0001fb83      0x7e9 build/chasis.o
 .debug_info    0x0002036c      0xa0e build/pid.o
 .debug_info    0x00020d7a       0x30 build/startup_stm32f427xx.o
 .debug_info    0x00020daa       0x24 c:/users/pw705/appdata/roaming/code/user/globalstorage/bmd.stm32-for-vscode/@xpack-dev-tools/arm-none-eabi-gcc/12.3.1-1.2.1/.content/bin/../lib/gcc/arm-none-eabi/12.3.1/thumb/v7e-m+fp/hard\libgcc.a(_aeabi_uldivmod.o)
 .debug_info    0x00020dce      0x6fd c:/users/pw705/appdata/roaming/code/user/globalstorage/bmd.stm32-for-vscode/@xpack-dev-tools/arm-none-eabi-gcc/12.3.1-1.2.1/.content/bin/../lib/gcc/arm-none-eabi/12.3.1/thumb/v7e-m+fp/hard\libgcc.a(_udivmoddi4.o)
 .debug_info    0x000214cb       0x3c c:/users/pw705/appdata/roaming/code/user/globalstorage/bmd.stm32-for-vscode/@xpack-dev-tools/arm-none-eabi-gcc/12.3.1-1.2.1/.content/bin/../lib/gcc/arm-none-eabi/12.3.1/thumb/v7e-m+fp/hard\libgcc.a(_dvmd_tls.o)

.debug_abbrev   0x00000000     0x4eac
 .debug_abbrev  0x00000000      0x282 build/stm32f4xx_hal.o
 .debug_abbrev  0x00000282      0x309 build/stm32f4xx_hal_can.o
 .debug_abbrev  0x0000058b      0x390 build/stm32f4xx_hal_cortex.o
 .debug_abbrev  0x0000091b      0x335 build/stm32f4xx_hal_dma.o
 .debug_abbrev  0x00000c50      0x213 build/stm32f4xx_hal_gpio.o
 .debug_abbrev  0x00000e63      0x34e build/stm32f4xx_hal_rcc.o
 .debug_abbrev  0x000011b1      0x3cc build/stm32f4xx_hal_sd.o
 .debug_abbrev  0x0000157d      0x389 build/stm32f4xx_hal_tim.o
 .debug_abbrev  0x00001906      0x385 build/stm32f4xx_hal_tim_ex.o
 .debug_abbrev  0x00001c8b      0x434 build/stm32f4xx_hal_uart.o
 .debug_abbrev  0x000020bf      0x2f7 build/stm32f4xx_ll_sdmmc.o
 .debug_abbrev  0x000023b6      0x235 build/ff_gen_drv.o
 .debug_abbrev  0x000025eb      0x2e4 build/bsp_driver_sd.o
 .debug_abbrev  0x000028cf      0x25b build/can.o
 .debug_abbrev  0x00002b2a      0x12c build/dma.o
 .debug_abbrev  0x00002c56      0x16e build/fatfs.o
 .debug_abbrev  0x00002dc4      0x11a build/fatfs_platform.o
 .debug_abbrev  0x00002ede      0x1c8 build/gpio.o
 .debug_abbrev  0x000030a6      0x243 build/main.o
 .debug_abbrev  0x000032e9      0x289 build/sd_diskio.o
 .debug_abbrev  0x00003572      0x214 build/sdio.o
 .debug_abbrev  0x00003786       0xd4 build/stm32f4xx_hal_msp.o
 .debug_abbrev  0x0000385a      0x230 build/stm32f4xx_hal_timebase_tim.o
 .debug_abbrev  0x00003a8a      0x26a build/stm32f4xx_it.o
 .debug_abbrev  0x00003cf4      0x11e build/system_stm32f4xx.o
 .debug_abbrev  0x00003e12      0x269 build/usart.o
 .debug_abbrev  0x0000407b      0x202 build/CAN_receive.o
 .debug_abbrev  0x0000427d      0x1a2 build/bsp_can.o
 .debug_abbrev  0x0000441f      0x205 build/remote.o
 .debug_abbrev  0x00004624      0x1ef build/sbus.o
 .debug_abbrev  0x00004813      0x24f build/chasis.o
 .debug_abbrev  0x00004a62      0x282 build/pid.o
 .debug_abbrev  0x00004ce4       0x24 build/startup_stm32f427xx.o
 .debug_abbrev  0x00004d08       0x14 c:/users/pw705/appdata/roaming/code/user/globalstorage/bmd.stm32-for-vscode/@xpack-dev-tools/arm-none-eabi-gcc/12.3.1-1.2.1/.content/bin/../lib/gcc/arm-none-eabi/12.3.1/thumb/v7e-m+fp/hard\libgcc.a(_aeabi_uldivmod.o)
 .debug_abbrev  0x00004d1c      0x16a c:/users/pw705/appdata/roaming/code/user/globalstorage/bmd.stm32-for-vscode/@xpack-dev-tools/arm-none-eabi-gcc/12.3.1-1.2.1/.content/bin/../lib/gcc/arm-none-eabi/12.3.1/thumb/v7e-m+fp/hard\libgcc.a(_udivmoddi4.o)
 .debug_abbrev  0x00004e86       0x26 c:/users/pw705/appdata/roaming/code/user/globalstorage/bmd.stm32-for-vscode/@xpack-dev-tools/arm-none-eabi-gcc/12.3.1-1.2.1/.content/bin/../lib/gcc/arm-none-eabi/12.3.1/thumb/v7e-m+fp/hard\libgcc.a(_dvmd_tls.o)

.debug_loclists
                0x00000000    0x1120e
 .debug_loclists
                0x00000000       0xe2 build/stm32f4xx_hal.o
 .debug_loclists
                0x000000e2      0x872 build/stm32f4xx_hal_can.o
 .debug_loclists
                0x00000954      0x4d3 build/stm32f4xx_hal_cortex.o
 .debug_loclists
                0x00000e27      0x63f build/stm32f4xx_hal_dma.o
 .debug_loclists
                0x00001466      0x3b6 build/stm32f4xx_hal_gpio.o
 .debug_loclists
                0x0000181c      0x354 build/stm32f4xx_hal_rcc.o
 .debug_loclists
                0x00001b70     0x18bd build/stm32f4xx_hal_sd.o
 .debug_loclists
                0x0000342d     0x49b6 build/stm32f4xx_hal_tim.o
 .debug_loclists
                0x00007de3      0xfd9 build/stm32f4xx_hal_tim_ex.o
 .debug_loclists
                0x00008dbc     0x303b build/stm32f4xx_hal_uart.o
 .debug_loclists
                0x0000bdf7     0x3a7d build/stm32f4xx_ll_sdmmc.o
 .debug_loclists
                0x0000f874      0x41c build/ff_gen_drv.o
 .debug_loclists
                0x0000fc90      0x2f5 build/bsp_driver_sd.o
 .debug_loclists
                0x0000ff85       0x3b build/can.o
 .debug_loclists
                0x0000ffc0       0x27 build/fatfs_platform.o
 .debug_loclists
                0x0000ffe7       0x23 build/main.o
 .debug_loclists
                0x0001000a      0x246 build/sd_diskio.o
 .debug_loclists
                0x00010250       0x3b build/sdio.o
 .debug_loclists
                0x0001028b       0xa1 build/stm32f4xx_hal_timebase_tim.o
 .debug_loclists
                0x0001032c       0xcb build/system_stm32f4xx.o
 .debug_loclists
                0x000103f7       0x6e build/usart.o
 .debug_loclists
                0x00010465       0xbb build/CAN_receive.o
 .debug_loclists
                0x00010520       0x5e build/remote.o
 .debug_loclists
                0x0001057e       0x28 build/sbus.o
 .debug_loclists
                0x000105a6       0x68 build/chasis.o
 .debug_loclists
                0x0001060e      0x27c build/pid.o
 .debug_loclists
                0x0001088a      0x984 c:/users/pw705/appdata/roaming/code/user/globalstorage/bmd.stm32-for-vscode/@xpack-dev-tools/arm-none-eabi-gcc/12.3.1-1.2.1/.content/bin/../lib/gcc/arm-none-eabi/12.3.1/thumb/v7e-m+fp/hard\libgcc.a(_udivmoddi4.o)

.debug_aranges  0x00000000     0x1310
 .debug_aranges
                0x00000000      0x100 build/stm32f4xx_hal.o
 .debug_aranges
                0x00000100      0x138 build/stm32f4xx_hal_can.o
 .debug_aranges
                0x00000238       0xa8 build/stm32f4xx_hal_cortex.o
 .debug_aranges
                0x000002e0       0x78 build/stm32f4xx_hal_dma.o
 .debug_aranges
                0x00000358       0x58 build/stm32f4xx_hal_gpio.o
 .debug_aranges
                0x000003b0       0x88 build/stm32f4xx_hal_rcc.o
 .debug_aranges
                0x00000438      0x120 build/stm32f4xx_hal_sd.o
 .debug_aranges
                0x00000558      0x380 build/stm32f4xx_hal_tim.o
 .debug_aranges
                0x000008d8      0x160 build/stm32f4xx_hal_tim_ex.o
 .debug_aranges
                0x00000a38      0x1d0 build/stm32f4xx_hal_uart.o
 .debug_aranges
                0x00000c08      0x180 build/stm32f4xx_ll_sdmmc.o
 .debug_aranges
                0x00000d88       0x40 build/ff_gen_drv.o
 .debug_aranges
                0x00000dc8       0xa0 build/bsp_driver_sd.o
 .debug_aranges
                0x00000e68       0x30 build/can.o
 .debug_aranges
                0x00000e98       0x20 build/dma.o
 .debug_aranges
                0x00000eb8       0x28 build/fatfs.o
 .debug_aranges
                0x00000ee0       0x20 build/fatfs_platform.o
 .debug_aranges
                0x00000f00       0x30 build/gpio.o
 .debug_aranges
                0x00000f30       0x38 build/main.o
 .debug_aranges
                0x00000f68       0x40 build/sd_diskio.o
 .debug_aranges
                0x00000fa8       0x30 build/sdio.o
 .debug_aranges
                0x00000fd8       0x20 build/stm32f4xx_hal_msp.o
 .debug_aranges
                0x00000ff8       0x30 build/stm32f4xx_hal_timebase_tim.o
 .debug_aranges
                0x00001028       0x98 build/stm32f4xx_it.o
 .debug_aranges
                0x000010c0       0x28 build/system_stm32f4xx.o
 .debug_aranges
                0x000010e8       0x38 build/usart.o
 .debug_aranges
                0x00001120       0x28 build/CAN_receive.o
 .debug_aranges
                0x00001148       0x20 build/bsp_can.o
 .debug_aranges
                0x00001168       0x30 build/remote.o
 .debug_aranges
                0x00001198       0x30 build/sbus.o
 .debug_aranges
                0x000011c8       0x40 build/chasis.o
 .debug_aranges
                0x00001208       0x80 build/pid.o
 .debug_aranges
                0x00001288       0x28 build/startup_stm32f427xx.o
 .debug_aranges
                0x000012b0       0x20 c:/users/pw705/appdata/roaming/code/user/globalstorage/bmd.stm32-for-vscode/@xpack-dev-tools/arm-none-eabi-gcc/12.3.1-1.2.1/.content/bin/../lib/gcc/arm-none-eabi/12.3.1/thumb/v7e-m+fp/hard\libgcc.a(_aeabi_uldivmod.o)
 .debug_aranges
                0x000012d0       0x20 c:/users/pw705/appdata/roaming/code/user/globalstorage/bmd.stm32-for-vscode/@xpack-dev-tools/arm-none-eabi-gcc/12.3.1-1.2.1/.content/bin/../lib/gcc/arm-none-eabi/12.3.1/thumb/v7e-m+fp/hard\libgcc.a(_udivmoddi4.o)
 .debug_aranges
                0x000012f0       0x20 c:/users/pw705/appdata/roaming/code/user/globalstorage/bmd.stm32-for-vscode/@xpack-dev-tools/arm-none-eabi-gcc/12.3.1-1.2.1/.content/bin/../lib/gcc/arm-none-eabi/12.3.1/thumb/v7e-m+fp/hard\libgcc.a(_dvmd_tls.o)

.debug_rnglists
                0x00000000     0x1e18
 .debug_rnglists
                0x00000000       0xbb build/stm32f4xx_hal.o
 .debug_rnglists
                0x000000bb       0xfc build/stm32f4xx_hal_can.o
 .debug_rnglists
                0x000001b7       0xee build/stm32f4xx_hal_cortex.o
 .debug_rnglists
                0x000002a5       0x9f build/stm32f4xx_hal_dma.o
 .debug_rnglists
                0x00000344       0x4b build/stm32f4xx_hal_gpio.o
 .debug_rnglists
                0x0000038f       0xca build/stm32f4xx_hal_rcc.o
 .debug_rnglists
                0x00000459      0x219 build/stm32f4xx_hal_sd.o
 .debug_rnglists
                0x00000672      0x5c7 build/stm32f4xx_hal_tim.o
 .debug_rnglists
                0x00000c39      0x18a build/stm32f4xx_hal_tim_ex.o
 .debug_rnglists
                0x00000dc3      0x2b4 build/stm32f4xx_hal_uart.o
 .debug_rnglists
                0x00001077      0x7b4 build/stm32f4xx_ll_sdmmc.o
 .debug_rnglists
                0x0000182b       0x70 build/ff_gen_drv.o
 .debug_rnglists
                0x0000189b       0x73 build/bsp_driver_sd.o
 .debug_rnglists
                0x0000190e       0x38 build/can.o
 .debug_rnglists
                0x00001946       0x22 build/dma.o
 .debug_rnglists
                0x00001968       0x19 build/fatfs.o
 .debug_rnglists
                0x00001981       0x13 build/fatfs_platform.o
 .debug_rnglists
                0x00001994       0x3b build/gpio.o
 .debug_rnglists
                0x000019cf       0x4a build/main.o
 .debug_rnglists
                0x00001a19       0x37 build/sd_diskio.o
 .debug_rnglists
                0x00001a50       0x38 build/sdio.o
 .debug_rnglists
                0x00001a88       0x1f build/stm32f4xx_hal_msp.o
 .debug_rnglists
                0x00001aa7       0x2f build/stm32f4xx_hal_timebase_tim.o
 .debug_rnglists
                0x00001ad6       0x6d build/stm32f4xx_it.o
 .debug_rnglists
                0x00001b43       0x19 build/system_stm32f4xx.o
 .debug_rnglists
                0x00001b5c       0x56 build/usart.o
 .debug_rnglists
                0x00001bb2       0x1a build/CAN_receive.o
 .debug_rnglists
                0x00001bcc       0x13 build/bsp_can.o
 .debug_rnglists
                0x00001bdf       0x36 build/remote.o
 .debug_rnglists
                0x00001c15       0x33 build/sbus.o
 .debug_rnglists
                0x00001c48       0x4c build/chasis.o
 .debug_rnglists
                0x00001c94       0xd0 build/pid.o
 .debug_rnglists
                0x00001d64       0x19 build/startup_stm32f427xx.o
 .debug_rnglists
                0x00001d7d       0x9b c:/users/pw705/appdata/roaming/code/user/globalstorage/bmd.stm32-for-vscode/@xpack-dev-tools/arm-none-eabi-gcc/12.3.1-1.2.1/.content/bin/../lib/gcc/arm-none-eabi/12.3.1/thumb/v7e-m+fp/hard\libgcc.a(_udivmoddi4.o)

.debug_line     0x00000000    0x1bb73
 .debug_line    0x00000000      0x68e build/stm32f4xx_hal.o
 .debug_line    0x0000068e     0x136b build/stm32f4xx_hal_can.o
 .debug_line    0x000019f9      0x8a7 build/stm32f4xx_hal_cortex.o
 .debug_line    0x000022a0      0xfe9 build/stm32f4xx_hal_dma.o
 .debug_line    0x00003289      0x8d5 build/stm32f4xx_hal_gpio.o
 .debug_line    0x00003b5e      0xc5a build/stm32f4xx_hal_rcc.o
 .debug_line    0x000047b8     0x2843 build/stm32f4xx_hal_sd.o
 .debug_line    0x00006ffb     0x5f6b build/stm32f4xx_hal_tim.o
 .debug_line    0x0000cf66     0x19fe build/stm32f4xx_hal_tim_ex.o
 .debug_line    0x0000e964     0x473f build/stm32f4xx_hal_uart.o
 .debug_line    0x000130a3     0x3318 build/stm32f4xx_ll_sdmmc.o
 .debug_line    0x000163bb      0x413 build/ff_gen_drv.o
 .debug_line    0x000167ce      0x4c0 build/bsp_driver_sd.o
 .debug_line    0x00016c8e      0x37f build/can.o
 .debug_line    0x0001700d      0x231 build/dma.o
 .debug_line    0x0001723e      0x239 build/fatfs.o
 .debug_line    0x00017477      0x231 build/fatfs_platform.o
 .debug_line    0x000176a8      0x2fa build/gpio.o
 .debug_line    0x000179a2      0x437 build/main.o
 .debug_line    0x00017dd9      0x40b build/sd_diskio.o
 .debug_line    0x000181e4      0x3a6 build/sdio.o
 .debug_line    0x0001858a      0x202 build/stm32f4xx_hal_msp.o
 .debug_line    0x0001878c      0x38a build/stm32f4xx_hal_timebase_tim.o
 .debug_line    0x00018b16      0x45a build/stm32f4xx_it.o
 .debug_line    0x00018f70      0x326 build/system_stm32f4xx.o
 .debug_line    0x00019296      0x4c9 build/usart.o
 .debug_line    0x0001975f      0x3b3 build/CAN_receive.o
 .debug_line    0x00019b12      0x27e build/bsp_can.o
 .debug_line    0x00019d90      0x4cd build/remote.o
 .debug_line    0x0001a25d      0x4bf build/sbus.o
 .debug_line    0x0001a71c      0x46a build/chasis.o
 .debug_line    0x0001ab86      0x92e build/pid.o
 .debug_line    0x0001b4b4       0x76 build/startup_stm32f427xx.o
 .debug_line    0x0001b52a       0x4e c:/users/pw705/appdata/roaming/code/user/globalstorage/bmd.stm32-for-vscode/@xpack-dev-tools/arm-none-eabi-gcc/12.3.1-1.2.1/.content/bin/../lib/gcc/arm-none-eabi/12.3.1/thumb/v7e-m+fp/hard\libgcc.a(_aeabi_uldivmod.o)
 .debug_line    0x0001b578      0x5b1 c:/users/pw705/appdata/roaming/code/user/globalstorage/bmd.stm32-for-vscode/@xpack-dev-tools/arm-none-eabi-gcc/12.3.1-1.2.1/.content/bin/../lib/gcc/arm-none-eabi/12.3.1/thumb/v7e-m+fp/hard\libgcc.a(_udivmoddi4.o)
 .debug_line    0x0001bb29       0x4a c:/users/pw705/appdata/roaming/code/user/globalstorage/bmd.stm32-for-vscode/@xpack-dev-tools/arm-none-eabi-gcc/12.3.1-1.2.1/.content/bin/../lib/gcc/arm-none-eabi/12.3.1/thumb/v7e-m+fp/hard\libgcc.a(_dvmd_tls.o)

.debug_str      0x00000000     0x6475
 .debug_str     0x00000000      0xb86 build/stm32f4xx_hal.o
                                0xbe4 (size before relaxing)
 .debug_str     0x00000b86      0x7ae build/stm32f4xx_hal_can.o
                                0xa30 (size before relaxing)
 .debug_str     0x00001334      0x4a5 build/stm32f4xx_hal_cortex.o
                                0xc5e (size before relaxing)
 .debug_str     0x000017d9      0x504 build/stm32f4xx_hal_dma.o
                                0x75b (size before relaxing)
 .debug_str     0x00001cdd      0x1db build/stm32f4xx_hal_gpio.o
                                0x4d8 (size before relaxing)
 .debug_str     0x00001eb8      0x31e build/stm32f4xx_hal_rcc.o
                                0x6fe (size before relaxing)
 .debug_str     0x000021d6      0xbb2 build/stm32f4xx_hal_sd.o
                               0x10d3 (size before relaxing)
 .debug_str     0x00002d88     0x11c8 build/stm32f4xx_hal_tim.o
                               0x16d4 (size before relaxing)
 .debug_str     0x00003f50      0x55b build/stm32f4xx_hal_tim_ex.o
                                0xef0 (size before relaxing)
 .debug_str     0x000044ab      0x7ae build/stm32f4xx_hal_uart.o
                                0xd3e (size before relaxing)
 .debug_str     0x00004c59      0x224 build/stm32f4xx_ll_sdmmc.o
                                0x7e1 (size before relaxing)
 .debug_str     0x00004e7d      0x167 build/ff_gen_drv.o
                                0x2de (size before relaxing)
 .debug_str     0x00004fe4      0x16f build/bsp_driver_sd.o
                                0x8f0 (size before relaxing)
 .debug_str     0x00005153       0x35 build/can.o
                                0xbb1 (size before relaxing)
 .debug_str     0x00005188       0x16 build/dma.o
                                0x80d (size before relaxing)
 .debug_str     0x0000519e      0x123 build/fatfs.o
                                0x35f (size before relaxing)
 .debug_str     0x000052c1       0x15 build/fatfs_platform.o
                                0x23a (size before relaxing)
 .debug_str     0x000052d6       0x2a build/gpio.o
                                0x3a2 (size before relaxing)
 .debug_str     0x00005300       0x80 build/main.o
                                0xa58 (size before relaxing)
 .debug_str     0x00005380       0x5d build/sd_diskio.o
                                0x36b (size before relaxing)
 .debug_str     0x000053dd       0x14 build/sdio.o
                                0xd83 (size before relaxing)
 .debug_str     0x000053f1       0x18 build/stm32f4xx_hal_msp.o
                                0x2ae (size before relaxing)
 .debug_str     0x00005409       0x5e build/stm32f4xx_hal_timebase_tim.o
                                0xead (size before relaxing)
 .debug_str     0x00005467      0x15c build/stm32f4xx_it.o
                                0xed4 (size before relaxing)
 .debug_str     0x000055c3       0x42 build/system_stm32f4xx.o
                                0x368 (size before relaxing)
 .debug_str     0x00005605       0x17 build/usart.o
                                0xdc8 (size before relaxing)
 .debug_str     0x0000561c      0x2e7 build/CAN_receive.o
                                0x89b (size before relaxing)
 .debug_str     0x00005903       0x20 build/bsp_can.o
                                0x572 (size before relaxing)
 .debug_str     0x00005923       0xd5 build/remote.o
                                0x728 (size before relaxing)
 .debug_str     0x000059f8       0x50 build/sbus.o
                                0x654 (size before relaxing)
 .debug_str     0x00005a48       0xf2 build/chasis.o
                                0x61a (size before relaxing)
 .debug_str     0x00005b3a      0x199 build/pid.o
                                0x5ba (size before relaxing)
 .debug_str     0x00005cd3       0x32 build/startup_stm32f427xx.o
                                 0x63 (size before relaxing)
 .debug_str     0x00005d05      0x112 c:/users/pw705/appdata/roaming/code/user/globalstorage/bmd.stm32-for-vscode/@xpack-dev-tools/arm-none-eabi-gcc/12.3.1-1.2.1/.content/bin/../lib/gcc/arm-none-eabi/12.3.1/thumb/v7e-m+fp/hard\libgcc.a(_aeabi_uldivmod.o)
                                0x120 (size before relaxing)
 .debug_str     0x00005e17      0x5d3 c:/users/pw705/appdata/roaming/code/user/globalstorage/bmd.stm32-for-vscode/@xpack-dev-tools/arm-none-eabi-gcc/12.3.1-1.2.1/.content/bin/../lib/gcc/arm-none-eabi/12.3.1/thumb/v7e-m+fp/hard\libgcc.a(_udivmoddi4.o)
                                0x72a (size before relaxing)
 .debug_str     0x000063ea       0x8b c:/users/pw705/appdata/roaming/code/user/globalstorage/bmd.stm32-for-vscode/@xpack-dev-tools/arm-none-eabi-gcc/12.3.1-1.2.1/.content/bin/../lib/gcc/arm-none-eabi/12.3.1/thumb/v7e-m+fp/hard\libgcc.a(_dvmd_tls.o)
                                0x140 (size before relaxing)

.debug_frame    0x00000000     0x30f4
 .debug_frame   0x00000000      0x214 build/stm32f4xx_hal.o
 .debug_frame   0x00000214      0x318 build/stm32f4xx_hal_can.o
 .debug_frame   0x0000052c      0x164 build/stm32f4xx_hal_cortex.o
 .debug_frame   0x00000690      0x17c build/stm32f4xx_hal_dma.o
 .debug_frame   0x0000080c       0xe0 build/stm32f4xx_hal_gpio.o
 .debug_frame   0x000008ec      0x178 build/stm32f4xx_hal_rcc.o
 .debug_frame   0x00000a64      0x418 build/stm32f4xx_hal_sd.o
 .debug_frame   0x00000e7c      0xadc build/stm32f4xx_hal_tim.o
 .debug_frame   0x00001958      0x418 build/stm32f4xx_hal_tim_ex.o
 .debug_frame   0x00001d70      0x5c4 build/stm32f4xx_hal_uart.o
 .debug_frame   0x00002334      0x338 build/stm32f4xx_ll_sdmmc.o
 .debug_frame   0x0000266c       0x84 build/ff_gen_drv.o
 .debug_frame   0x000026f0      0x184 build/bsp_driver_sd.o
 .debug_frame   0x00002874       0x70 build/can.o
 .debug_frame   0x000028e4       0x30 build/dma.o
 .debug_frame   0x00002914       0x38 build/fatfs.o
 .debug_frame   0x0000294c       0x28 build/fatfs_platform.o
 .debug_frame   0x00002974       0x68 build/gpio.o
 .debug_frame   0x000029dc       0x68 build/main.o
 .debug_frame   0x00002a44       0xa8 build/sd_diskio.o
 .debug_frame   0x00002aec       0x64 build/sdio.o
 .debug_frame   0x00002b50       0x28 build/stm32f4xx_hal_msp.o
 .debug_frame   0x00002b78       0x54 build/stm32f4xx_hal_timebase_tim.o
 .debug_frame   0x00002bcc      0x11c build/stm32f4xx_it.o
 .debug_frame   0x00002ce8       0x3c build/system_stm32f4xx.o
 .debug_frame   0x00002d24       0xa0 build/usart.o
 .debug_frame   0x00002dc4       0x50 build/CAN_receive.o
 .debug_frame   0x00002e14       0x30 build/bsp_can.o
 .debug_frame   0x00002e44       0x68 build/remote.o
 .debug_frame   0x00002eac       0x60 build/sbus.o
 .debug_frame   0x00002f0c       0x9c build/chasis.o
 .debug_frame   0x00002fa8       0xec build/pid.o
 .debug_frame   0x00003094       0x2c c:/users/pw705/appdata/roaming/code/user/globalstorage/bmd.stm32-for-vscode/@xpack-dev-tools/arm-none-eabi-gcc/12.3.1-1.2.1/.content/bin/../lib/gcc/arm-none-eabi/12.3.1/thumb/v7e-m+fp/hard\libgcc.a(_aeabi_uldivmod.o)
 .debug_frame   0x000030c0       0x34 c:/users/pw705/appdata/roaming/code/user/globalstorage/bmd.stm32-for-vscode/@xpack-dev-tools/arm-none-eabi-gcc/12.3.1-1.2.1/.content/bin/../lib/gcc/arm-none-eabi/12.3.1/thumb/v7e-m+fp/hard\libgcc.a(_udivmoddi4.o)

.debug_line_str
                0x00000000      0x165
 .debug_line_str
                0x00000000       0x47 build/startup_stm32f427xx.o
 .debug_line_str
                0x00000047      0x112 c:/users/pw705/appdata/roaming/code/user/globalstorage/bmd.stm32-for-vscode/@xpack-dev-tools/arm-none-eabi-gcc/12.3.1-1.2.1/.content/bin/../lib/gcc/arm-none-eabi/12.3.1/thumb/v7e-m+fp/hard\libgcc.a(_aeabi_uldivmod.o)
 .debug_line_str
                0x00000159        0xc c:/users/pw705/appdata/roaming/code/user/globalstorage/bmd.stm32-for-vscode/@xpack-dev-tools/arm-none-eabi-gcc/12.3.1-1.2.1/.content/bin/../lib/gcc/arm-none-eabi/12.3.1/thumb/v7e-m+fp/hard\libgcc.a(_dvmd_tls.o)
                                0x116 (size before relaxing)

Cross Reference Table

Symbol                                            File
ADC_IRQHandler                                    build/startup_stm32f427xx.o
AHBPrescTable                                     build/system_stm32f4xx.o
                                                  build/stm32f4xx_hal_rcc.o
APBPrescTable                                     build/system_stm32f4xx.o
                                                  build/stm32f4xx_hal_rcc.o
Angle_compute                                     build/chasis.o
BSPLogInit                                        build/bsp_log.o
BSP_PlatformIsDetected                            build/fatfs_platform.o
                                                  build/bsp_driver_sd.o
BSP_SD_AbortCallback                              build/bsp_driver_sd.o
BSP_SD_DetectIT                                   build/bsp_driver_sd.o
BSP_SD_Erase                                      build/bsp_driver_sd.o
BSP_SD_GetCardInfo                                build/bsp_driver_sd.o
                                                  build/sd_diskio.o
BSP_SD_GetCardState                               build/bsp_driver_sd.o
                                                  build/sd_diskio.o
BSP_SD_ITConfig                                   build/bsp_driver_sd.o
BSP_SD_Init                                       build/bsp_driver_sd.o
                                                  build/sd_diskio.o
BSP_SD_IsDetected                                 build/bsp_driver_sd.o
BSP_SD_ReadBlocks                                 build/bsp_driver_sd.o
                                                  build/sd_diskio.o
BSP_SD_ReadBlocks_DMA                             build/bsp_driver_sd.o
BSP_SD_ReadCpltCallback                           build/bsp_driver_sd.o
BSP_SD_WriteBlocks                                build/bsp_driver_sd.o
                                                  build/sd_diskio.o
BSP_SD_WriteBlocks_DMA                            build/bsp_driver_sd.o
BSP_SD_WriteCpltCallback                          build/bsp_driver_sd.o
BusFault_Handler                                  build/stm32f4xx_it.o
CAN1_RX0_IRQHandler                               build/stm32f4xx_it.o
CAN1_RX1_IRQHandler                               build/stm32f4xx_it.o
CAN1_SCE_IRQHandler                               build/startup_stm32f427xx.o
CAN1_TX_IRQHandler                                build/startup_stm32f427xx.o
CAN2_RX0_IRQHandler                               build/startup_stm32f427xx.o
CAN2_RX1_IRQHandler                               build/startup_stm32f427xx.o
CAN2_SCE_IRQHandler                               build/startup_stm32f427xx.o
CAN2_TX_IRQHandler                                build/startup_stm32f427xx.o
CAN_cmd_chassis                                   build/CAN_receive.o
                                                  build/chasis.o
DCMI_IRQHandler                                   build/startup_stm32f427xx.o
DMA1_Stream0_IRQHandler                           build/startup_stm32f427xx.o
DMA1_Stream1_IRQHandler                           build/startup_stm32f427xx.o
DMA1_Stream2_IRQHandler                           build/startup_stm32f427xx.o
DMA1_Stream3_IRQHandler                           build/startup_stm32f427xx.o
DMA1_Stream4_IRQHandler                           build/startup_stm32f427xx.o
DMA1_Stream5_IRQHandler                           build/startup_stm32f427xx.o
DMA1_Stream6_IRQHandler                           build/startup_stm32f427xx.o
DMA1_Stream7_IRQHandler                           build/startup_stm32f427xx.o
DMA2D_IRQHandler                                  build/startup_stm32f427xx.o
DMA2_Stream0_IRQHandler                           build/startup_stm32f427xx.o
DMA2_Stream1_IRQHandler                           build/startup_stm32f427xx.o
DMA2_Stream2_IRQHandler                           build/stm32f4xx_it.o
DMA2_Stream3_IRQHandler                           build/startup_stm32f427xx.o
DMA2_Stream4_IRQHandler                           build/startup_stm32f427xx.o
DMA2_Stream5_IRQHandler                           build/startup_stm32f427xx.o
DMA2_Stream6_IRQHandler                           build/startup_stm32f427xx.o
DMA2_Stream7_IRQHandler                           build/startup_stm32f427xx.o
DebugMon_Handler                                  build/stm32f4xx_it.o
Default_Handler                                   build/startup_stm32f427xx.o
ETH_IRQHandler                                    build/startup_stm32f427xx.o
ETH_WKUP_IRQHandler                               build/startup_stm32f427xx.o
EXTI0_IRQHandler                                  build/startup_stm32f427xx.o
EXTI15_10_IRQHandler                              build/startup_stm32f427xx.o
EXTI1_IRQHandler                                  build/startup_stm32f427xx.o
EXTI2_IRQHandler                                  build/startup_stm32f427xx.o
EXTI3_IRQHandler                                  build/startup_stm32f427xx.o
EXTI4_IRQHandler                                  build/startup_stm32f427xx.o
EXTI9_5_IRQHandler                                build/startup_stm32f427xx.o
Error_Handler                                     build/main.o
                                                  build/usart.o
                                                  build/can.o
FATFS_GetAttachedDriversNbr                       build/ff_gen_drv.o
FATFS_LinkDriver                                  build/ff_gen_drv.o
                                                  build/fatfs.o
FATFS_LinkDriverEx                                build/ff_gen_drv.o
FATFS_UnLinkDriver                                build/ff_gen_drv.o
                                                  build/sd_card.o
FATFS_UnLinkDriverEx                              build/ff_gen_drv.o
FLASH_Erase_Sector                                build/stm32f4xx_hal_flash_ex.o
                                                  build/stm32f4xx_hal_flash.o
FLASH_FlushCaches                                 build/stm32f4xx_hal_flash_ex.o
                                                  build/stm32f4xx_hal_flash.o
FLASH_IRQHandler                                  build/startup_stm32f427xx.o
FLASH_WaitForLastOperation                        build/stm32f4xx_hal_flash.o
                                                  build/stm32f4xx_hal_flash_ex.o
FMC_IRQHandler                                    build/startup_stm32f427xx.o
FPU_IRQHandler                                    build/startup_stm32f427xx.o
Float2Str                                         build/bsp_log.o
HAL_CAN_AbortTxRequest                            build/stm32f4xx_hal_can.o
HAL_CAN_ActivateNotification                      build/stm32f4xx_hal_can.o
                                                  build/bsp_can.o
HAL_CAN_AddTxMessage                              build/stm32f4xx_hal_can.o
                                                  build/CAN_receive.o
HAL_CAN_ConfigFilter                              build/stm32f4xx_hal_can.o
                                                  build/bsp_can.o
HAL_CAN_DeInit                                    build/stm32f4xx_hal_can.o
HAL_CAN_DeactivateNotification                    build/stm32f4xx_hal_can.o
HAL_CAN_ErrorCallback                             build/stm32f4xx_hal_can.o
HAL_CAN_GetError                                  build/stm32f4xx_hal_can.o
HAL_CAN_GetRxFifoFillLevel                        build/stm32f4xx_hal_can.o
HAL_CAN_GetRxMessage                              build/stm32f4xx_hal_can.o
                                                  build/CAN_receive.o
HAL_CAN_GetState                                  build/stm32f4xx_hal_can.o
HAL_CAN_GetTxMailboxesFreeLevel                   build/stm32f4xx_hal_can.o
HAL_CAN_GetTxTimestamp                            build/stm32f4xx_hal_can.o
HAL_CAN_IRQHandler                                build/stm32f4xx_hal_can.o
                                                  build/stm32f4xx_it.o
HAL_CAN_Init                                      build/stm32f4xx_hal_can.o
                                                  build/can.o
HAL_CAN_IsSleepActive                             build/stm32f4xx_hal_can.o
HAL_CAN_IsTxMessagePending                        build/stm32f4xx_hal_can.o
HAL_CAN_MspDeInit                                 build/can.o
                                                  build/stm32f4xx_hal_can.o
HAL_CAN_MspInit                                   build/can.o
                                                  build/stm32f4xx_hal_can.o
HAL_CAN_RequestSleep                              build/stm32f4xx_hal_can.o
HAL_CAN_ResetError                                build/stm32f4xx_hal_can.o
HAL_CAN_RxFifo0FullCallback                       build/stm32f4xx_hal_can.o
HAL_CAN_RxFifo0MsgPendingCallback                 build/CAN_receive.o
                                                  build/stm32f4xx_hal_can.o
HAL_CAN_RxFifo1FullCallback                       build/stm32f4xx_hal_can.o
HAL_CAN_RxFifo1MsgPendingCallback                 build/stm32f4xx_hal_can.o
HAL_CAN_SleepCallback                             build/stm32f4xx_hal_can.o
HAL_CAN_Start                                     build/stm32f4xx_hal_can.o
                                                  build/bsp_can.o
HAL_CAN_Stop                                      build/stm32f4xx_hal_can.o
HAL_CAN_TxMailbox0AbortCallback                   build/stm32f4xx_hal_can.o
HAL_CAN_TxMailbox0CompleteCallback                build/stm32f4xx_hal_can.o
HAL_CAN_TxMailbox1AbortCallback                   build/stm32f4xx_hal_can.o
HAL_CAN_TxMailbox1CompleteCallback                build/stm32f4xx_hal_can.o
HAL_CAN_TxMailbox2AbortCallback                   build/stm32f4xx_hal_can.o
HAL_CAN_TxMailbox2CompleteCallback                build/stm32f4xx_hal_can.o
HAL_CAN_WakeUp                                    build/stm32f4xx_hal_can.o
HAL_CAN_WakeUpFromRxMsgCallback                   build/stm32f4xx_hal_can.o
HAL_DBGMCU_DisableDBGSleepMode                    build/stm32f4xx_hal.o
HAL_DBGMCU_DisableDBGStandbyMode                  build/stm32f4xx_hal.o
HAL_DBGMCU_DisableDBGStopMode                     build/stm32f4xx_hal.o
HAL_DBGMCU_EnableDBGSleepMode                     build/stm32f4xx_hal.o
HAL_DBGMCU_EnableDBGStandbyMode                   build/stm32f4xx_hal.o
HAL_DBGMCU_EnableDBGStopMode                      build/stm32f4xx_hal.o
HAL_DMAEx_ChangeMemory                            build/stm32f4xx_hal_dma_ex.o
HAL_DMAEx_MultiBufferStart                        build/stm32f4xx_hal_dma_ex.o
HAL_DMAEx_MultiBufferStart_IT                     build/stm32f4xx_hal_dma_ex.o
HAL_DMA_Abort                                     build/stm32f4xx_hal_dma.o
                                                  build/stm32f4xx_hal_uart.o
                                                  build/stm32f4xx_hal_sd.o
HAL_DMA_Abort_IT                                  build/stm32f4xx_hal_dma.o
                                                  build/stm32f4xx_hal_uart.o
                                                  build/stm32f4xx_hal_tim_ex.o
                                                  build/stm32f4xx_hal_tim.o
                                                  build/stm32f4xx_hal_sd.o
HAL_DMA_DeInit                                    build/stm32f4xx_hal_dma.o
                                                  build/usart.o
HAL_DMA_GetError                                  build/stm32f4xx_hal_dma.o
                                                  build/stm32f4xx_hal_uart.o
                                                  build/stm32f4xx_hal_sd.o
HAL_DMA_GetState                                  build/stm32f4xx_hal_dma.o
HAL_DMA_IRQHandler                                build/stm32f4xx_hal_dma.o
                                                  build/stm32f4xx_it.o
HAL_DMA_Init                                      build/stm32f4xx_hal_dma.o
                                                  build/usart.o
HAL_DMA_PollForTransfer                           build/stm32f4xx_hal_dma.o
HAL_DMA_RegisterCallback                          build/stm32f4xx_hal_dma.o
HAL_DMA_Start                                     build/stm32f4xx_hal_dma.o
HAL_DMA_Start_IT                                  build/stm32f4xx_hal_dma.o
                                                  build/stm32f4xx_hal_uart.o
                                                  build/stm32f4xx_hal_tim_ex.o
                                                  build/stm32f4xx_hal_tim.o
                                                  build/stm32f4xx_hal_sd.o
HAL_DMA_UnRegisterCallback                        build/stm32f4xx_hal_dma.o
HAL_DeInit                                        build/stm32f4xx_hal.o
HAL_Delay                                         build/stm32f4xx_hal.o
                                                  build/chasis.o
                                                  build/sd_card.o
                                                  build/main.o
                                                  build/stm32f4xx_hal_sd.o
HAL_DisableCompensationCell                       build/stm32f4xx_hal.o
HAL_DisableMemorySwappingBank                     build/stm32f4xx_hal.o
HAL_EXTI_ClearConfigLine                          build/stm32f4xx_hal_exti.o
HAL_EXTI_ClearPending                             build/stm32f4xx_hal_exti.o
HAL_EXTI_GenerateSWI                              build/stm32f4xx_hal_exti.o
HAL_EXTI_GetConfigLine                            build/stm32f4xx_hal_exti.o
HAL_EXTI_GetHandle                                build/stm32f4xx_hal_exti.o
HAL_EXTI_GetPending                               build/stm32f4xx_hal_exti.o
HAL_EXTI_IRQHandler                               build/stm32f4xx_hal_exti.o
HAL_EXTI_RegisterCallback                         build/stm32f4xx_hal_exti.o
HAL_EXTI_SetConfigLine                            build/stm32f4xx_hal_exti.o
HAL_EnableCompensationCell                        build/stm32f4xx_hal.o
HAL_EnableMemorySwappingBank                      build/stm32f4xx_hal.o
HAL_FLASHEx_AdvOBGetConfig                        build/stm32f4xx_hal_flash_ex.o
HAL_FLASHEx_AdvOBProgram                          build/stm32f4xx_hal_flash_ex.o
HAL_FLASHEx_Erase                                 build/stm32f4xx_hal_flash_ex.o
HAL_FLASHEx_Erase_IT                              build/stm32f4xx_hal_flash_ex.o
HAL_FLASHEx_OBGetConfig                           build/stm32f4xx_hal_flash_ex.o
HAL_FLASHEx_OBProgram                             build/stm32f4xx_hal_flash_ex.o
HAL_FLASHEx_OB_DeSelectPCROP                      build/stm32f4xx_hal_flash_ex.o
HAL_FLASHEx_OB_GetBank2WRP                        build/stm32f4xx_hal_flash_ex.o
HAL_FLASHEx_OB_SelectPCROP                        build/stm32f4xx_hal_flash_ex.o
HAL_FLASH_EndOfOperationCallback                  build/stm32f4xx_hal_flash.o
HAL_FLASH_GetError                                build/stm32f4xx_hal_flash.o
HAL_FLASH_IRQHandler                              build/stm32f4xx_hal_flash.o
HAL_FLASH_Lock                                    build/stm32f4xx_hal_flash.o
HAL_FLASH_OB_Launch                               build/stm32f4xx_hal_flash.o
HAL_FLASH_OB_Lock                                 build/stm32f4xx_hal_flash.o
HAL_FLASH_OB_Unlock                               build/stm32f4xx_hal_flash.o
HAL_FLASH_OperationErrorCallback                  build/stm32f4xx_hal_flash.o
HAL_FLASH_Program                                 build/stm32f4xx_hal_flash.o
HAL_FLASH_Program_IT                              build/stm32f4xx_hal_flash.o
HAL_FLASH_Unlock                                  build/stm32f4xx_hal_flash.o
HAL_GPIO_DeInit                                   build/stm32f4xx_hal_gpio.o
                                                  build/usart.o
                                                  build/sdio.o
                                                  build/can.o
HAL_GPIO_EXTI_Callback                            build/stm32f4xx_hal_gpio.o
HAL_GPIO_EXTI_IRQHandler                          build/stm32f4xx_hal_gpio.o
HAL_GPIO_Init                                     build/stm32f4xx_hal_gpio.o
                                                  build/usart.o
                                                  build/sdio.o
                                                  build/gpio.o
                                                  build/can.o
                                                  build/stm32f4xx_hal_rcc.o
HAL_GPIO_LockPin                                  build/stm32f4xx_hal_gpio.o
HAL_GPIO_ReadPin                                  build/stm32f4xx_hal_gpio.o
                                                  build/gpio.o
                                                  build/fatfs_platform.o
HAL_GPIO_TogglePin                                build/stm32f4xx_hal_gpio.o
HAL_GPIO_WritePin                                 build/stm32f4xx_hal_gpio.o
                                                  build/sd_card.o